Archive member included because of file (symbol)

./Drivers/grlib.a(context.o)  ./OLEDDisplay/formike128x128x16.o (GrContextInit)
./Drivers/grlib.a(fontcmss12.o)
                              ./OLEDDisplay/formike128x128x16.o (g_sFontCmss12)
./Drivers/grlib.a(image.o)    ./OLEDDisplay/formike128x128x16.o (GrImageDraw)
./Drivers/grlib.a(rectangle.o)
                              ./OLEDDisplay/formike128x128x16.o (GrRectFill)
./Drivers/grlib.a(string.o)   ./OLEDDisplay/formike128x128x16.o (GrStringDraw)
./Drivers/grlib.a(line.o)     ./Drivers/grlib.a(rectangle.o) (GrLineDrawH)
c:/programme/codesourcery/sourcery g++ lite/bin/../lib/gcc/arm-none-eabi/4.4.1/../../../../arm-none-eabi/lib/thumb2\libc.a(lib_a-memcmp.o)
                              ../../../Source/tasks.o (memcmp)
c:/programme/codesourcery/sourcery g++ lite/bin/../lib/gcc/arm-none-eabi/4.4.1/../../../../arm-none-eabi/lib/thumb2\libc.a(lib_a-memcpy.o)
                              ./API/ustdlib.o (memcpy)
c:/programme/codesourcery/sourcery g++ lite/bin/../lib/gcc/arm-none-eabi/4.4.1/../../../../arm-none-eabi/lib/thumb2\libc.a(lib_a-memset.o)
                              ./uip/uip_arp.o (memset)
c:/programme/codesourcery/sourcery g++ lite/bin/../lib/gcc/arm-none-eabi/4.4.1/../../../../arm-none-eabi/lib/thumb2\libc.a(lib_a-strcat.o)
                              ../../../Source/tasks.o (strcat)
c:/programme/codesourcery/sourcery g++ lite/bin/../lib/gcc/arm-none-eabi/4.4.1/../../../../arm-none-eabi/lib/thumb2\libc.a(lib_a-strcmp.o)
                              ./muXML/muXML.o (strcmp)
c:/programme/codesourcery/sourcery g++ lite/bin/../lib/gcc/arm-none-eabi/4.4.1/../../../../arm-none-eabi/lib/thumb2\libc.a(lib_a-strcpy.o)
                              ./API/buttons.o (strcpy)
c:/programme/codesourcery/sourcery g++ lite/bin/../lib/gcc/arm-none-eabi/4.4.1/../../../../arm-none-eabi/lib/thumb2\libc.a(lib_a-strlen.o)
                              ./OLEDDisplay/formike128x128x16.o (strlen)
c:/programme/codesourcery/sourcery g++ lite/bin/../lib/gcc/arm-none-eabi/4.4.1/../../../../arm-none-eabi/lib/thumb2\libc.a(lib_a-strncpy.o)
                              ./API/ustdlib.o (strncpy)
c:/programme/codesourcery/sourcery g++ lite/bin/../lib/gcc/arm-none-eabi/4.4.1/../../../../arm-none-eabi/lib/thumb2\libc.a(lib_a-strstr.o)
                              ./muXML/muXMLAccess.o (strstr)
c:/programme/codesourcery/sourcery g++ lite/bin/../lib/gcc/arm-none-eabi/4.4.1/../../../../arm-none-eabi/lib/thumb2\libc.a(lib_a-memchr.o)
                              c:/programme/codesourcery/sourcery g++ lite/bin/../lib/gcc/arm-none-eabi/4.4.1/../../../../arm-none-eabi/lib/thumb2\libc.a(lib_a-strstr.o) (memchr)
c:/programme/codesourcery/sourcery g++ lite/bin/../lib/gcc/arm-none-eabi/4.4.1/../../../../arm-none-eabi/lib/thumb2\libc.a(lib_a-strchr.o)
                              c:/programme/codesourcery/sourcery g++ lite/bin/../lib/gcc/arm-none-eabi/4.4.1/../../../../arm-none-eabi/lib/thumb2\libc.a(lib_a-strstr.o) (strchr)

Allocating common symbols
Common symbol       size              file

uip_len             0x2               ./uip/uip.o
uip_sappdata        0x4               ./uip/uip.o
uip_acc32           0x4               ./uip/uip.o
xQueueRegistry      0x50              ../../../Source/queue.o
uip_flags           0x1               ./uip/uip.o
xComportUnitTaskSemaphore
                    0x4               ./units/comportUnit.o
uip_udp_conn        0x4               ./uip/uip.o
uip_appdata         0x4               ./uip/uip.o
uip_conn            0x4               ./uip/uip.o
uip_conns           0x1680            ./uip/uip.o
uip_listenports     0x50              ./uip/uip.o
uip_draddr          0x4               ./uip/uip.o
uip_stat            0x34              ./uip/uip.o
uip_netmask         0x4               ./uip/uip.o
uip_hostaddr        0x4               ./uip/uip.o
uip_buf             0x4               ./API/emac.o
uip_slen            0x2               ./uip/uip.o
uip_udp_conns       0xa0              ./uip/uip.o

Memory Configuration

Name             Origin             Length             Attributes
FLASH            0x00000000         0x00040000         xr
SRAM             0x20000000         0x00010000         xrw
*default*        0x00000000         0xffffffff

Linker script and memory map

LOAD ./Drivers/adc.o
LOAD ./Drivers/can.o
LOAD ./Drivers/comp.o
LOAD ./Drivers/cpu.o
LOAD ./Drivers/epi.o
LOAD ./Drivers/ethernet.o
LOAD ./Drivers/flash.o
LOAD ./Drivers/gpio.o
LOAD ./Drivers/hibernate.o
LOAD ./Drivers/i2c.o
LOAD ./Drivers/i2s.o
LOAD ./Drivers/interrupt.o
LOAD ./Drivers/mpu.o
LOAD ./Drivers/pwm.o
LOAD ./Drivers/qei.o
LOAD ./Drivers/ssi.o
LOAD ./Drivers/sysctl.o
LOAD ./Drivers/systick.o
LOAD ./Drivers/timer.o
LOAD ./Drivers/uart.o
LOAD ./Drivers/udma.o
LOAD ./Drivers/usb.o
LOAD ./Drivers/watchdog.o
LOAD ./API/led.o
LOAD ./API/buttons.o
LOAD ./API/comport.o
LOAD ./API/ustdlib.o
LOAD ./API/emac.o
LOAD ./OLEDDisplay/rit128x96x4.o
LOAD ./OLEDDisplay/osram128x64x4.o
LOAD ./OLEDDisplay/formike128x128x16.o
LOAD ./OLEDDisplay/oledDisplay.o
LOAD ./uip/uip_arp.o
LOAD ./uip/psock.o
LOAD ./uip/uip_timer.o
LOAD ./uip/uip.o
LOAD ./ethernet/tcpHandler.o
LOAD ./ethernet/ethernetTask.o
LOAD ./ethernet/udpHandler.o
LOAD ./muXML/muXML.o
LOAD ./muXML/muXMLTree.o
LOAD ./muXML/muXMLAccess.o
LOAD ./units/unit.o
LOAD ./units/comportUnit.o
LOAD ./units/buttonsUnit.o
LOAD main.o
LOAD ../../../Source/list.o
LOAD ../../../Source/queue.o
LOAD ../../../Source/tasks.o
LOAD ../../../Source/croutine.o
LOAD ../../../Source/portable/GCC/ARM_CM3/port.o
LOAD ../../../Source/portable/MemMang/heap_2.o
LOAD startup.o
LOAD ./Drivers/grlib.a
START GROUP
LOAD c:/programme/codesourcery/sourcery g++ lite/bin/../lib/gcc/arm-none-eabi/4.4.1/thumb2\libgcc.a
LOAD c:/programme/codesourcery/sourcery g++ lite/bin/../lib/gcc/arm-none-eabi/4.4.1/../../../../arm-none-eabi/lib/thumb2\libc.a
END GROUP

.text           0x00000000    0x1b020
 *(.isr_vector)
 .isr_vector    0x00000000       0xf0 startup.o
                0x00000000                g_pfnVectors
 *(.text*)
 .text          0x000000f0        0x0 ./Drivers/adc.o
 .text.ADCIntRegister
                0x000000f0       0x2c ./Drivers/adc.o
                0x000000f0                ADCIntRegister
 .text.ADCIntUnregister
                0x0000011c       0x28 ./Drivers/adc.o
                0x0000011c                ADCIntUnregister
 .text.ADCIntDisable
                0x00000144       0x38 ./Drivers/adc.o
                0x00000144                ADCIntDisable
 .text.ADCIntEnable
                0x0000017c       0x44 ./Drivers/adc.o
                0x0000017c                ADCIntEnable
 .text.ADCIntStatus
                0x000001c0       0x80 ./Drivers/adc.o
                0x000001c0                ADCIntStatus
 .text.ADCIntClear
                0x00000240       0x28 ./Drivers/adc.o
                0x00000240                ADCIntClear
 .text.ADCSequenceEnable
                0x00000268       0x2c ./Drivers/adc.o
                0x00000268                ADCSequenceEnable
 .text.ADCSequenceDisable
                0x00000294       0x30 ./Drivers/adc.o
                0x00000294                ADCSequenceDisable
 .text.ADCSequenceConfigure
                0x000002c4       0x84 ./Drivers/adc.o
                0x000002c4                ADCSequenceConfigure
 .text.ADCSequenceStepConfigure
                0x00000348      0x130 ./Drivers/adc.o
                0x00000348                ADCSequenceStepConfigure
 .text.ADCSequenceOverflow
                0x00000478       0x2c ./Drivers/adc.o
                0x00000478                ADCSequenceOverflow
 .text.ADCSequenceOverflowClear
                0x000004a4       0x28 ./Drivers/adc.o
                0x000004a4                ADCSequenceOverflowClear
 .text.ADCSequenceUnderflow
                0x000004cc       0x2c ./Drivers/adc.o
                0x000004cc                ADCSequenceUnderflow
 .text.ADCSequenceUnderflowClear
                0x000004f8       0x28 ./Drivers/adc.o
                0x000004f8                ADCSequenceUnderflowClear
 .text.ADCSequenceDataGet
                0x00000520       0x64 ./Drivers/adc.o
                0x00000520                ADCSequenceDataGet
 .text.ADCProcessorTrigger
                0x00000584       0x3c ./Drivers/adc.o
                0x00000584                ADCProcessorTrigger
 .text.ADCSoftwareOversampleConfigure
                0x000005c0       0x4c ./Drivers/adc.o
                0x000005c0                ADCSoftwareOversampleConfigure
 .text.ADCSoftwareOversampleStepConfigure
                0x0000060c       0xfc ./Drivers/adc.o
                0x0000060c                ADCSoftwareOversampleStepConfigure
 .text.ADCSoftwareOversampleDataGet
                0x00000708       0x9c ./Drivers/adc.o
                0x00000708                ADCSoftwareOversampleDataGet
 .text.ADCHardwareOversampleConfigure
                0x000007a4       0x44 ./Drivers/adc.o
                0x000007a4                ADCHardwareOversampleConfigure
 .text.ADCComparatorConfigure
                0x000007e8       0x28 ./Drivers/adc.o
                0x000007e8                ADCComparatorConfigure
 .text.ADCComparatorRegionSet
                0x00000810       0x34 ./Drivers/adc.o
                0x00000810                ADCComparatorRegionSet
 .text.ADCComparatorReset
                0x00000844       0x5c ./Drivers/adc.o
                0x00000844                ADCComparatorReset
 .text.ADCComparatorIntDisable
                0x000008a0       0x38 ./Drivers/adc.o
                0x000008a0                ADCComparatorIntDisable
 .text.ADCComparatorIntEnable
                0x000008d8       0x34 ./Drivers/adc.o
                0x000008d8                ADCComparatorIntEnable
 .text.ADCComparatorIntStatus
                0x0000090c       0x1c ./Drivers/adc.o
                0x0000090c                ADCComparatorIntStatus
 .text.ADCComparatorIntClear
                0x00000928       0x20 ./Drivers/adc.o
                0x00000928                ADCComparatorIntClear
 .text.ADCReferenceSet
                0x00000948       0x30 ./Drivers/adc.o
                0x00000948                ADCReferenceSet
 .text.ADCReferenceGet
                0x00000978       0x20 ./Drivers/adc.o
                0x00000978                ADCReferenceGet
 .text.ADCPhaseDelaySet
                0x00000998       0x20 ./Drivers/adc.o
                0x00000998                ADCPhaseDelaySet
 .text.ADCPhaseDelayGet
                0x000009b8       0x1c ./Drivers/adc.o
                0x000009b8                ADCPhaseDelayGet
 .text          0x000009d4        0x0 ./Drivers/can.o
 .text.CANIntNumberGet
                0x000009d4       0x5c ./Drivers/can.o
 .text.CANRegRead
                0x00000a30       0x80 ./Drivers/can.o
 .text.CANRegWrite
                0x00000ab0       0x30 ./Drivers/can.o
 .text.CANDataRegWrite
                0x00000ae0       0x6c ./Drivers/can.o
 .text.CANDataRegRead
                0x00000b4c       0x6c ./Drivers/can.o
 .text.CANInit  0x00000bb8       0xf4 ./Drivers/can.o
                0x00000bb8                CANInit
 .text.CANEnable
                0x00000cac       0x24 ./Drivers/can.o
                0x00000cac                CANEnable
 .text.CANDisable
                0x00000cd0       0x24 ./Drivers/can.o
                0x00000cd0                CANDisable
 .text.CANBitTimingGet
                0x00000cf4       0x80 ./Drivers/can.o
                0x00000cf4                CANBitTimingGet
 .text.CANBitRateSet
                0x00000d74      0x100 ./Drivers/can.o
                0x00000d74                CANBitRateSet
 .text.CANBitTimingSet
                0x00000e74       0xd0 ./Drivers/can.o
                0x00000e74                CANBitTimingSet
 .text.CANIntRegister
                0x00000f44       0x2c ./Drivers/can.o
                0x00000f44                CANIntRegister
 .text.CANIntUnregister
                0x00000f70       0x28 ./Drivers/can.o
                0x00000f70                CANIntUnregister
 .text.CANIntEnable
                0x00000f98       0x28 ./Drivers/can.o
                0x00000f98                CANIntEnable
 .text.CANIntDisable
                0x00000fc0       0x2c ./Drivers/can.o
                0x00000fc0                CANIntDisable
 .text.CANIntStatus
                0x00000fec       0x70 ./Drivers/can.o
                0x00000fec                CANIntStatus
 .text.CANIntClear
                0x0000105c       0x78 ./Drivers/can.o
                0x0000105c                CANIntClear
 .text.CANRetrySet
                0x000010d4       0x40 ./Drivers/can.o
                0x000010d4                CANRetrySet
 .text.CANRetryGet
                0x00001114       0x2c ./Drivers/can.o
                0x00001114                CANRetryGet
 .text.CANStatusGet
                0x00001140       0xe0 ./Drivers/can.o
                0x00001140                CANStatusGet
 .text.CANErrCntrGet
                0x00001220       0x54 ./Drivers/can.o
                0x00001220                CANErrCntrGet
 .text.CANMessageSet
                0x00001274      0x2ec ./Drivers/can.o
                0x00001274                CANMessageSet
 .text.CANMessageGet
                0x00001560      0x2bc ./Drivers/can.o
                0x00001560                CANMessageGet
 .text.CANMessageClear
                0x0000181c       0x6c ./Drivers/can.o
                0x0000181c                CANMessageClear
 .text          0x00001888        0x0 ./Drivers/comp.o
 .text.ComparatorConfigure
                0x00001888       0x28 ./Drivers/comp.o
                0x00001888                ComparatorConfigure
 .text.ComparatorRefSet
                0x000018b0       0x20 ./Drivers/comp.o
                0x000018b0                ComparatorRefSet
 .text.ComparatorValueGet
                0x000018d0       0x38 ./Drivers/comp.o
                0x000018d0                ComparatorValueGet
 .text.ComparatorIntRegister
                0x00001908       0x4c ./Drivers/comp.o
                0x00001908                ComparatorIntRegister
 .text.ComparatorIntUnregister
                0x00001954       0x4c ./Drivers/comp.o
                0x00001954                ComparatorIntUnregister
 .text.ComparatorIntEnable
                0x000019a0       0x34 ./Drivers/comp.o
                0x000019a0                ComparatorIntEnable
 .text.ComparatorIntDisable
                0x000019d4       0x38 ./Drivers/comp.o
                0x000019d4                ComparatorIntDisable
 .text.ComparatorIntStatus
                0x00001a0c       0x48 ./Drivers/comp.o
                0x00001a0c                ComparatorIntStatus
 .text.ComparatorIntClear
                0x00001a54       0x24 ./Drivers/comp.o
                0x00001a54                ComparatorIntClear
 .text          0x00001a78        0x0 ./Drivers/cpu.o
 .text.CPUcpsid
                0x00001a78        0xc ./Drivers/cpu.o
                0x00001a78                CPUcpsid
 .text.CPUcpsie
                0x00001a84        0xc ./Drivers/cpu.o
                0x00001a84                CPUcpsie
 .text.CPUwfi   0x00001a90        0x4 ./Drivers/cpu.o
                0x00001a90                CPUwfi
 .text          0x00001a94        0x0 ./Drivers/epi.o
 .text.EPIModeSet
                0x00001a94       0x1c ./Drivers/epi.o
                0x00001a94                EPIModeSet
 .text.EPIDividerSet
                0x00001ab0       0x20 ./Drivers/epi.o
                0x00001ab0                EPIDividerSet
 .text.EPIConfigSDRAMSet
                0x00001ad0       0x3c ./Drivers/epi.o
                0x00001ad0                EPIConfigSDRAMSet
 .text.EPIConfigHB8Set
                0x00001b0c       0x7c ./Drivers/epi.o
                0x00001b0c                EPIConfigHB8Set
 .text.EPIConfigGPModeSet
                0x00001b88       0x6c ./Drivers/epi.o
                0x00001b88                EPIConfigGPModeSet
 .text.EPIAddressMapSet
                0x00001bf4       0x20 ./Drivers/epi.o
                0x00001bf4                EPIAddressMapSet
 .text.EPINonBlockingReadConfigure
                0x00001c14       0x3c ./Drivers/epi.o
                0x00001c14                EPINonBlockingReadConfigure
 .text.EPINonBlockingReadStart
                0x00001c50       0x2c ./Drivers/epi.o
                0x00001c50                EPINonBlockingReadStart
 .text.EPINonBlockingReadStop
                0x00001c7c       0x2c ./Drivers/epi.o
                0x00001c7c                EPINonBlockingReadStop
 .text.EPINonBlockingReadCount
                0x00001ca8       0x2c ./Drivers/epi.o
                0x00001ca8                EPINonBlockingReadCount
 .text.EPINonBlockingReadAvail
                0x00001cd4       0x1c ./Drivers/epi.o
                0x00001cd4                EPINonBlockingReadAvail
 .text.EPINonBlockingReadGet32
                0x00001cf0       0x64 ./Drivers/epi.o
                0x00001cf0                EPINonBlockingReadGet32
 .text.EPINonBlockingReadGet16
                0x00001d54       0x64 ./Drivers/epi.o
                0x00001d54                EPINonBlockingReadGet16
 .text.EPINonBlockingReadGet8
                0x00001db8       0x64 ./Drivers/epi.o
                0x00001db8                EPINonBlockingReadGet8
 .text.EPIFIFOConfig
                0x00001e1c       0x20 ./Drivers/epi.o
                0x00001e1c                EPIFIFOConfig
 .text.EPIWriteFIFOCountGet
                0x00001e3c       0x1c ./Drivers/epi.o
                0x00001e3c                EPIWriteFIFOCountGet
 .text.EPIIntEnable
                0x00001e58       0x2c ./Drivers/epi.o
                0x00001e58                EPIIntEnable
 .text.EPIIntDisable
                0x00001e84       0x30 ./Drivers/epi.o
                0x00001e84                EPIIntDisable
 .text.EPIIntStatus
                0x00001eb4       0x30 ./Drivers/epi.o
                0x00001eb4                EPIIntStatus
 .text.EPIIntErrorStatus
                0x00001ee4       0x1c ./Drivers/epi.o
                0x00001ee4                EPIIntErrorStatus
 .text.EPIIntErrorClear
                0x00001f00       0x20 ./Drivers/epi.o
                0x00001f00                EPIIntErrorClear
 .text.EPIIntRegister
                0x00001f20       0x24 ./Drivers/epi.o
                0x00001f20                EPIIntRegister
 .text.EPIIntUnregister
                0x00001f44       0x20 ./Drivers/epi.o
                0x00001f44                EPIIntUnregister
 .text          0x00001f64        0x0 ./Drivers/ethernet.o
 .text.EthernetInitExpClk
                0x00001f64       0x38 ./Drivers/ethernet.o
                0x00001f64                EthernetInitExpClk
 .text.EthernetConfigSet
                0x00001f9c       0x9c ./Drivers/ethernet.o
                0x00001f9c                EthernetConfigSet
 .text.EthernetConfigGet
                0x00002038       0x50 ./Drivers/ethernet.o
                0x00002038                EthernetConfigGet
 .text.EthernetMACAddrSet
                0x00002088       0x88 ./Drivers/ethernet.o
                0x00002088                EthernetMACAddrSet
 .text.EthernetMACAddrGet
                0x00002110       0x84 ./Drivers/ethernet.o
                0x00002110                EthernetMACAddrGet
 .text.EthernetEnable
                0x00002194       0x64 ./Drivers/ethernet.o
                0x00002194                EthernetEnable
 .text.EthernetDisable
                0x000021f8       0x64 ./Drivers/ethernet.o
                0x000021f8                EthernetDisable
 .text.EthernetPacketAvail
                0x0000225c       0x28 ./Drivers/ethernet.o
                0x0000225c                EthernetPacketAvail
 .text.EthernetSpaceAvail
                0x00002284       0x30 ./Drivers/ethernet.o
                0x00002284                EthernetSpaceAvail
 .text.EthernetPacketGetInternal
                0x000022b4      0x1b4 ./Drivers/ethernet.o
 .text.EthernetPacketGetNonBlocking
                0x00002468       0x38 ./Drivers/ethernet.o
                0x00002468                EthernetPacketGetNonBlocking
 .text.EthernetPacketGet
                0x000024a0       0x34 ./Drivers/ethernet.o
                0x000024a0                EthernetPacketGet
 .text.EthernetPacketPutInternal
                0x000024d4      0x188 ./Drivers/ethernet.o
 .text.EthernetPacketPutNonBlocking
                0x0000265c       0x3c ./Drivers/ethernet.o
                0x0000265c                EthernetPacketPutNonBlocking
 .text.EthernetPacketPut
                0x00002698       0x34 ./Drivers/ethernet.o
                0x00002698                EthernetPacketPut
 .text.EthernetIntRegister
                0x000026cc       0x24 ./Drivers/ethernet.o
                0x000026cc                EthernetIntRegister
 .text.EthernetIntUnregister
                0x000026f0       0x20 ./Drivers/ethernet.o
                0x000026f0                EthernetIntUnregister
 .text.EthernetIntEnable
                0x00002710       0x2c ./Drivers/ethernet.o
                0x00002710                EthernetIntEnable
 .text.EthernetIntDisable
                0x0000273c       0x30 ./Drivers/ethernet.o
                0x0000273c                EthernetIntDisable
 .text.EthernetIntStatus
                0x0000276c       0x38 ./Drivers/ethernet.o
                0x0000276c                EthernetIntStatus
 .text.EthernetIntClear
                0x000027a4       0x1c ./Drivers/ethernet.o
                0x000027a4                EthernetIntClear
 .text.EthernetPHYWrite
                0x000027c0       0x68 ./Drivers/ethernet.o
                0x000027c0                EthernetPHYWrite
 .text.EthernetPHYRead
                0x00002828       0x64 ./Drivers/ethernet.o
                0x00002828                EthernetPHYRead
 .text          0x0000288c        0x0 ./Drivers/flash.o
 .text.FlashUsecGet
                0x0000288c       0x1c ./Drivers/flash.o
                0x0000288c                FlashUsecGet
 .text.FlashUsecSet
                0x000028a8       0x24 ./Drivers/flash.o
                0x000028a8                FlashUsecSet
 .text.FlashErase
                0x000028cc       0x70 ./Drivers/flash.o
                0x000028cc                FlashErase
 .text.FlashProgram
                0x0000293c      0x144 ./Drivers/flash.o
                0x0000293c                FlashProgram
 .text.FlashProtectGet
                0x00002a80       0xfc ./Drivers/flash.o
                0x00002a80                FlashProtectGet
 .text.FlashProtectSet
                0x00002b7c      0x20c ./Drivers/flash.o
                0x00002b7c                FlashProtectSet
 .text.FlashProtectSave
                0x00002d88       0x98 ./Drivers/flash.o
                0x00002d88                FlashProtectSave
 .text.FlashUserGet
                0x00002e20       0x6c ./Drivers/flash.o
                0x00002e20                FlashUserGet
 .text.FlashUserSet
                0x00002e8c       0x68 ./Drivers/flash.o
                0x00002e8c                FlashUserSet
 .text.FlashUserSave
                0x00002ef4       0xac ./Drivers/flash.o
                0x00002ef4                FlashUserSave
 .text.FlashIntRegister
                0x00002fa0       0x24 ./Drivers/flash.o
                0x00002fa0                FlashIntRegister
 .text.FlashIntUnregister
                0x00002fc4       0x18 ./Drivers/flash.o
                0x00002fc4                FlashIntUnregister
 .text.FlashIntEnable
                0x00002fdc       0x2c ./Drivers/flash.o
                0x00002fdc                FlashIntEnable
 .text.FlashIntDisable
                0x00003008       0x30 ./Drivers/flash.o
                0x00003008                FlashIntDisable
 .text.FlashIntStatus
                0x00003038       0x34 ./Drivers/flash.o
                0x00003038                FlashIntStatus
 .text.FlashIntClear
                0x0000306c       0x20 ./Drivers/flash.o
                0x0000306c                FlashIntClear
 .text          0x0000308c        0x0 ./Drivers/gpio.o
 .text.GPIOE_ISR
                0x0000308c       0xbc ./Drivers/gpio.o
                0x0000308c                GPIOE_ISR
 .text.GPIOF_ISR
                0x00003148       0xbc ./Drivers/gpio.o
                0x00003148                GPIOF_ISR
 .text.vInit    0x00003204       0xa8 ./Drivers/gpio.o
 .text.GPIOGetIntNumber
                0x000032ac      0x198 ./Drivers/gpio.o
 .text.GPIODirModeSet
                0x00003444       0x88 ./Drivers/gpio.o
                0x00003444                GPIODirModeSet
 .text.GPIODirModeGet
                0x000034cc       0x64 ./Drivers/gpio.o
                0x000034cc                GPIODirModeGet
 .text.GPIOIntTypeSet
                0x00003530       0xd4 ./Drivers/gpio.o
                0x00003530                GPIOIntTypeSet
 .text.GPIOIntTypeGet
                0x00003604       0x90 ./Drivers/gpio.o
                0x00003604                GPIOIntTypeGet
 .text.GPIOPadConfigSet
                0x00003694      0x230 ./Drivers/gpio.o
                0x00003694                GPIOPadConfigSet
 .text.GPIOPadConfigGet
                0x000038c4      0x150 ./Drivers/gpio.o
                0x000038c4                GPIOPadConfigGet
 .text.GPIOPinIntEnable
                0x00003a14       0x2c ./Drivers/gpio.o
                0x00003a14                GPIOPinIntEnable
 .text.GPIOPinIntDisable
                0x00003a40       0x30 ./Drivers/gpio.o
                0x00003a40                GPIOPinIntDisable
 .text.GPIOPinIntStatus
                0x00003a70       0x34 ./Drivers/gpio.o
                0x00003a70                GPIOPinIntStatus
 .text.GPIOPinIntClear
                0x00003aa4       0x24 ./Drivers/gpio.o
                0x00003aa4                GPIOPinIntClear
 .text.GPIOPortIntRegister
                0x00003ac8       0xb8 ./Drivers/gpio.o
                0x00003ac8                GPIOPortIntRegister
 .text.GPIOPortIntUnregister
                0x00003b80       0x28 ./Drivers/gpio.o
                0x00003b80                GPIOPortIntUnregister
 .text.GPIOPinRead
                0x00003ba8       0x28 ./Drivers/gpio.o
                0x00003ba8                GPIOPinRead
 .text.GPIOPinWrite
                0x00003bd0       0x2c ./Drivers/gpio.o
                0x00003bd0                GPIOPinWrite
 .text.GPIOPinTypeADC
                0x00003bfc       0x34 ./Drivers/gpio.o
                0x00003bfc                GPIOPinTypeADC
 .text.GPIOPinTypeCAN
                0x00003c30       0x34 ./Drivers/gpio.o
                0x00003c30                GPIOPinTypeCAN
 .text.GPIOPinTypeComparator
                0x00003c64       0x34 ./Drivers/gpio.o
                0x00003c64                GPIOPinTypeComparator
 .text.GPIOPinTypeGPIOInput
                0x00003c98       0x34 ./Drivers/gpio.o
                0x00003c98                GPIOPinTypeGPIOInput
 .text.GPIOPinTypeGPIOOutput
                0x00003ccc       0x34 ./Drivers/gpio.o
                0x00003ccc                GPIOPinTypeGPIOOutput
 .text.GPIOPinTypeGPIOOutputOD
                0x00003d00       0x34 ./Drivers/gpio.o
                0x00003d00                GPIOPinTypeGPIOOutputOD
 .text.GPIOPinTypeI2C
                0x00003d34       0x34 ./Drivers/gpio.o
                0x00003d34                GPIOPinTypeI2C
 .text.GPIOPinTypePWM
                0x00003d68       0x34 ./Drivers/gpio.o
                0x00003d68                GPIOPinTypePWM
 .text.GPIOPinTypeQEI
                0x00003d9c       0x34 ./Drivers/gpio.o
                0x00003d9c                GPIOPinTypeQEI
 .text.GPIOPinTypeSSI
                0x00003dd0       0x34 ./Drivers/gpio.o
                0x00003dd0                GPIOPinTypeSSI
 .text.GPIOPinTypeTimer
                0x00003e04       0x34 ./Drivers/gpio.o
                0x00003e04                GPIOPinTypeTimer
 .text.GPIOPinTypeUART
                0x00003e38       0x34 ./Drivers/gpio.o
                0x00003e38                GPIOPinTypeUART
 .text.GPIOPinTypeUSBDigital
                0x00003e6c       0x34 ./Drivers/gpio.o
                0x00003e6c                GPIOPinTypeUSBDigital
 .text.GPIOPinTypeUSBAnalog
                0x00003ea0       0x34 ./Drivers/gpio.o
                0x00003ea0                GPIOPinTypeUSBAnalog
 .text.GPIOPinTypeI2S
                0x00003ed4       0x34 ./Drivers/gpio.o
                0x00003ed4                GPIOPinTypeI2S
 .text.GPIOPinTypeEthernetLED
                0x00003f08       0x34 ./Drivers/gpio.o
                0x00003f08                GPIOPinTypeEthernetLED
 .text.GPIOPinTypeEPI
                0x00003f3c       0x34 ./Drivers/gpio.o
                0x00003f3c                GPIOPinTypeEPI
 .text.GPIOPinConfigure
                0x00003f70       0xb0 ./Drivers/gpio.o
                0x00003f70                GPIOPinConfigure
 .text          0x00004020        0x0 ./Drivers/hibernate.o
 .text.HibernateWriteComplete
                0x00004020       0x18 ./Drivers/hibernate.o
                0x00004020                HibernateWriteComplete
 .text.HibernateEnableExpClk
                0x00004038       0xa0 ./Drivers/hibernate.o
                0x00004038                HibernateEnableExpClk
 .text.HibernateDisable
                0x000040d8       0x24 ./Drivers/hibernate.o
                0x000040d8                HibernateDisable
 .text.HibernateClockSelect
                0x000040fc       0x30 ./Drivers/hibernate.o
                0x000040fc                HibernateClockSelect
 .text.HibernateRTCEnable
                0x0000412c       0x24 ./Drivers/hibernate.o
                0x0000412c                HibernateRTCEnable
 .text.HibernateRTCDisable
                0x00004150       0x24 ./Drivers/hibernate.o
                0x00004150                HibernateRTCDisable
 .text.HibernateWakeSet
                0x00004174       0x30 ./Drivers/hibernate.o
                0x00004174                HibernateWakeSet
 .text.HibernateWakeGet
                0x000041a4       0x1c ./Drivers/hibernate.o
                0x000041a4                HibernateWakeGet
 .text.HibernateLowBatSet
                0x000041c0       0x30 ./Drivers/hibernate.o
                0x000041c0                HibernateLowBatSet
 .text.HibernateLowBatGet
                0x000041f0       0x1c ./Drivers/hibernate.o
                0x000041f0                HibernateLowBatGet
 .text.HibernateRTCSet
                0x0000420c       0x54 ./Drivers/hibernate.o
                0x0000420c                HibernateRTCSet
 .text.HibernateRTCGet
                0x00004260       0x18 ./Drivers/hibernate.o
                0x00004260                HibernateRTCGet
 .text.HibernateRTCMatch0Set
                0x00004278       0x54 ./Drivers/hibernate.o
                0x00004278                HibernateRTCMatch0Set
 .text.HibernateRTCMatch0Get
                0x000042cc       0x18 ./Drivers/hibernate.o
                0x000042cc                HibernateRTCMatch0Get
 .text.HibernateRTCMatch1Set
                0x000042e4       0x54 ./Drivers/hibernate.o
                0x000042e4                HibernateRTCMatch1Set
 .text.HibernateRTCMatch1Get
                0x00004338       0x18 ./Drivers/hibernate.o
                0x00004338                HibernateRTCMatch1Get
 .text.HibernateRTCTrimSet
                0x00004350       0x54 ./Drivers/hibernate.o
                0x00004350                HibernateRTCTrimSet
 .text.HibernateRTCTrimGet
                0x000043a4       0x18 ./Drivers/hibernate.o
                0x000043a4                HibernateRTCTrimGet
 .text.HibernateDataSet
                0x000043bc       0x80 ./Drivers/hibernate.o
                0x000043bc                HibernateDataSet
 .text.HibernateDataGet
                0x0000443c       0x4c ./Drivers/hibernate.o
                0x0000443c                HibernateDataGet
 .text.HibernateRequest
                0x00004488       0x24 ./Drivers/hibernate.o
                0x00004488                HibernateRequest
 .text.HibernateIntEnable
                0x000044ac       0x2c ./Drivers/hibernate.o
                0x000044ac                HibernateIntEnable
 .text.HibernateIntDisable
                0x000044d8       0x30 ./Drivers/hibernate.o
                0x000044d8                HibernateIntDisable
 .text.HibernateIntRegister
                0x00004508       0x24 ./Drivers/hibernate.o
                0x00004508                HibernateIntRegister
 .text.HibernateIntUnregister
                0x0000452c       0x18 ./Drivers/hibernate.o
                0x0000452c                HibernateIntUnregister
 .text.HibernateIntStatus
                0x00004544       0x3c ./Drivers/hibernate.o
                0x00004544                HibernateIntStatus
 .text.HibernateIntClear
                0x00004580       0x2c ./Drivers/hibernate.o
                0x00004580                HibernateIntClear
 .text.HibernateIsActive
                0x000045ac       0x24 ./Drivers/hibernate.o
                0x000045ac                HibernateIsActive
 .text          0x000045d0        0x0 ./Drivers/i2c.o
 .text.I2CMasterInitExpClk
                0x000045d0       0x74 ./Drivers/i2c.o
                0x000045d0                I2CMasterInitExpClk
 .text.I2CSlaveInit
                0x00004644       0x20 ./Drivers/i2c.o
                0x00004644                I2CSlaveInit
 .text.I2CMasterEnable
                0x00004664       0x28 ./Drivers/i2c.o
                0x00004664                I2CMasterEnable
 .text.I2CSlaveEnable
                0x0000468c       0x34 ./Drivers/i2c.o
                0x0000468c                I2CSlaveEnable
 .text.I2CMasterDisable
                0x000046c0       0x28 ./Drivers/i2c.o
                0x000046c0                I2CMasterDisable
 .text.I2CSlaveDisable
                0x000046e8       0x34 ./Drivers/i2c.o
                0x000046e8                I2CSlaveDisable
 .text.I2CIntRegister
                0x0000471c       0x3c ./Drivers/i2c.o
                0x0000471c                I2CIntRegister
 .text.I2CIntUnregister
                0x00004758       0x38 ./Drivers/i2c.o
                0x00004758                I2CIntUnregister
 .text.I2CMasterIntEnable
                0x00004790       0x20 ./Drivers/i2c.o
                0x00004790                I2CMasterIntEnable
 .text.I2CSlaveIntEnable
                0x000047b0       0x28 ./Drivers/i2c.o
                0x000047b0                I2CSlaveIntEnable
 .text.I2CSlaveIntEnableEx
                0x000047d8       0x2c ./Drivers/i2c.o
                0x000047d8                I2CSlaveIntEnableEx
 .text.I2CMasterIntDisable
                0x00004804       0x20 ./Drivers/i2c.o
                0x00004804                I2CMasterIntDisable
 .text.I2CSlaveIntDisable
                0x00004824       0x28 ./Drivers/i2c.o
                0x00004824                I2CSlaveIntDisable
 .text.I2CSlaveIntDisableEx
                0x0000484c       0x30 ./Drivers/i2c.o
                0x0000484c                I2CSlaveIntDisableEx
 .text.I2CMasterIntStatus
                0x0000487c       0x40 ./Drivers/i2c.o
                0x0000487c                I2CMasterIntStatus
 .text.I2CSlaveIntStatus
                0x000048bc       0x40 ./Drivers/i2c.o
                0x000048bc                I2CSlaveIntStatus
 .text.I2CSlaveIntStatusEx
                0x000048fc       0x84 ./Drivers/i2c.o
                0x000048fc                I2CSlaveIntStatusEx
 .text.I2CMasterIntClear
                0x00004980       0x2c ./Drivers/i2c.o
                0x00004980                I2CMasterIntClear
 .text.I2CSlaveIntClear
                0x000049ac       0x20 ./Drivers/i2c.o
                0x000049ac                I2CSlaveIntClear
 .text.I2CSlaveIntClearEx
                0x000049cc       0x20 ./Drivers/i2c.o
                0x000049cc                I2CSlaveIntClearEx
 .text.I2CMasterSlaveAddrSet
                0x000049ec       0x2c ./Drivers/i2c.o
                0x000049ec                I2CMasterSlaveAddrSet
 .text.I2CMasterBusy
                0x00004a18       0x30 ./Drivers/i2c.o
                0x00004a18                I2CMasterBusy
 .text.I2CMasterBusBusy
                0x00004a48       0x30 ./Drivers/i2c.o
                0x00004a48                I2CMasterBusBusy
 .text.I2CMasterControl
                0x00004a78       0x20 ./Drivers/i2c.o
                0x00004a78                I2CMasterControl
 .text.I2CMasterErr
                0x00004a98       0x48 ./Drivers/i2c.o
                0x00004a98                I2CMasterErr
 .text.I2CMasterDataPut
                0x00004ae0       0x20 ./Drivers/i2c.o
                0x00004ae0                I2CMasterDataPut
 .text.I2CMasterDataGet
                0x00004b00       0x1c ./Drivers/i2c.o
                0x00004b00                I2CMasterDataGet
 .text.I2CSlaveStatus
                0x00004b1c       0x1c ./Drivers/i2c.o
                0x00004b1c                I2CSlaveStatus
 .text.I2CSlaveDataPut
                0x00004b38       0x20 ./Drivers/i2c.o
                0x00004b38                I2CSlaveDataPut
 .text.I2CSlaveDataGet
                0x00004b58       0x1c ./Drivers/i2c.o
                0x00004b58                I2CSlaveDataGet
 .text          0x00004b74        0x0 ./Drivers/i2s.o
 .text.I2STxEnable
                0x00004b74       0x34 ./Drivers/i2s.o
                0x00004b74                I2STxEnable
 .text.I2STxDisable
                0x00004ba8       0x28 ./Drivers/i2s.o
                0x00004ba8                I2STxDisable
 .text.I2STxDataPut
                0x00004bd0       0x28 ./Drivers/i2s.o
                0x00004bd0                I2STxDataPut
 .text.I2STxDataPutNonBlocking
                0x00004bf8       0x34 ./Drivers/i2s.o
                0x00004bf8                I2STxDataPutNonBlocking
 .text.I2STxConfigSet
                0x00004c2c       0x4c ./Drivers/i2s.o
                0x00004c2c                I2STxConfigSet
 .text.I2STxFIFOLimitSet
                0x00004c78       0x20 ./Drivers/i2s.o
                0x00004c78                I2STxFIFOLimitSet
 .text.I2STxFIFOLimitGet
                0x00004c98       0x1c ./Drivers/i2s.o
                0x00004c98                I2STxFIFOLimitGet
 .text.I2STxFIFOLevelGet
                0x00004cb4       0x1c ./Drivers/i2s.o
                0x00004cb4                I2STxFIFOLevelGet
 .text.I2SRxEnable
                0x00004cd0       0x34 ./Drivers/i2s.o
                0x00004cd0                I2SRxEnable
 .text.I2SRxDisable
                0x00004d04       0x28 ./Drivers/i2s.o
                0x00004d04                I2SRxDisable
 .text.I2SRxDataGet
                0x00004d2c       0x30 ./Drivers/i2s.o
                0x00004d2c                I2SRxDataGet
 .text.I2SRxDataGetNonBlocking
                0x00004d5c       0x3c ./Drivers/i2s.o
                0x00004d5c                I2SRxDataGetNonBlocking
 .text.I2SRxConfigSet
                0x00004d98       0x90 ./Drivers/i2s.o
                0x00004d98                I2SRxConfigSet
 .text.I2SRxFIFOLimitSet
                0x00004e28       0x24 ./Drivers/i2s.o
                0x00004e28                I2SRxFIFOLimitSet
 .text.I2SRxFIFOLimitGet
                0x00004e4c       0x2c ./Drivers/i2s.o
                0x00004e4c                I2SRxFIFOLimitGet
 .text.I2SRxFIFOLevelGet
                0x00004e78       0x20 ./Drivers/i2s.o
                0x00004e78                I2SRxFIFOLevelGet
 .text.I2STxRxEnable
                0x00004e98       0x40 ./Drivers/i2s.o
                0x00004e98                I2STxRxEnable
 .text.I2STxRxDisable
                0x00004ed8       0x28 ./Drivers/i2s.o
                0x00004ed8                I2STxRxDisable
 .text.I2STxRxConfigSet
                0x00004f00       0xb8 ./Drivers/i2s.o
                0x00004f00                I2STxRxConfigSet
 .text.I2SMasterClockSelect
                0x00004fb8       0x34 ./Drivers/i2s.o
                0x00004fb8                I2SMasterClockSelect
 .text.I2SIntEnable
                0x00004fec       0x2c ./Drivers/i2s.o
                0x00004fec                I2SIntEnable
 .text.I2SIntDisable
                0x00005018       0x30 ./Drivers/i2s.o
                0x00005018                I2SIntDisable
 .text.I2SIntStatus
                0x00005048       0x38 ./Drivers/i2s.o
                0x00005048                I2SIntStatus
 .text.I2SIntClear
                0x00005080       0x24 ./Drivers/i2s.o
                0x00005080                I2SIntClear
 .text.I2SIntRegister
                0x000050a4       0x24 ./Drivers/i2s.o
                0x000050a4                I2SIntRegister
 .text.I2SIntUnregister
                0x000050c8       0x20 ./Drivers/i2s.o
                0x000050c8                I2SIntUnregister
 .text          0x000050e8        0x0 ./Drivers/interrupt.o
 .text.IntDefaultHandler
                0x000050e8        0x8 ./Drivers/interrupt.o
 .text.IntMasterEnable
                0x000050f0       0x14 ./Drivers/interrupt.o
                0x000050f0                IntMasterEnable
 .text.IntMasterDisable
                0x00005104       0x14 ./Drivers/interrupt.o
                0x00005104                IntMasterDisable
 .text.IntRegister
                0x00005118       0x8c ./Drivers/interrupt.o
                0x00005118                IntRegister
 .text.IntUnregister
                0x000051a4       0x28 ./Drivers/interrupt.o
                0x000051a4                IntUnregister
 .text.IntPriorityGroupingSet
                0x000051cc       0x34 ./Drivers/interrupt.o
                0x000051cc                IntPriorityGroupingSet
 .text.IntPriorityGroupingGet
                0x00005200       0x54 ./Drivers/interrupt.o
                0x00005200                IntPriorityGroupingGet
 .text.IntPrioritySet
                0x00005254       0x78 ./Drivers/interrupt.o
                0x00005254                IntPrioritySet
 .text.IntPriorityGet
                0x000052cc       0x3c ./Drivers/interrupt.o
                0x000052cc                IntPriorityGet
 .text.IntEnable
                0x00005308       0xd8 ./Drivers/interrupt.o
                0x00005308                IntEnable
 .text.IntDisable
                0x000053e0       0xd8 ./Drivers/interrupt.o
                0x000053e0                IntDisable
 .text.IntPendSet
                0x000054b8       0xb8 ./Drivers/interrupt.o
                0x000054b8                IntPendSet
 .text.IntPendClear
                0x00005570       0x98 ./Drivers/interrupt.o
                0x00005570                IntPendClear
 .text          0x00005608        0x0 ./Drivers/mpu.o
 .text.MPUEnable
                0x00005608       0x24 ./Drivers/mpu.o
                0x00005608                MPUEnable
 .text.MPUDisable
                0x0000562c       0x24 ./Drivers/mpu.o
                0x0000562c                MPUDisable
 .text.MPURegionCountGet
                0x00005650       0x20 ./Drivers/mpu.o
                0x00005650                MPURegionCountGet
 .text.MPURegionEnable
                0x00005670       0x38 ./Drivers/mpu.o
                0x00005670                MPURegionEnable
 .text.MPURegionDisable
                0x000056a8       0x38 ./Drivers/mpu.o
                0x000056a8                MPURegionDisable
 .text.MPURegionSet
                0x000056e0       0x40 ./Drivers/mpu.o
                0x000056e0                MPURegionSet
 .text.MPURegionGet
                0x00005720       0x40 ./Drivers/mpu.o
                0x00005720                MPURegionGet
 .text.MPUIntRegister
                0x00005760       0x24 ./Drivers/mpu.o
                0x00005760                MPUIntRegister
 .text.MPUIntUnregister
                0x00005784       0x18 ./Drivers/mpu.o
                0x00005784                MPUIntUnregister
 .text          0x0000579c        0x0 ./Drivers/pwm.o
 .text.PWMGenConfigure
                0x0000579c       0x74 ./Drivers/pwm.o
                0x0000579c                PWMGenConfigure
 .text.PWMGenPeriodSet
                0x00005810       0x48 ./Drivers/pwm.o
                0x00005810                PWMGenPeriodSet
 .text.PWMGenPeriodGet
                0x00005858       0x44 ./Drivers/pwm.o
                0x00005858                PWMGenPeriodGet
 .text.PWMGenEnable
                0x0000589c       0x28 ./Drivers/pwm.o
                0x0000589c                PWMGenEnable
 .text.PWMGenDisable
                0x000058c4       0x28 ./Drivers/pwm.o
                0x000058c4                PWMGenDisable
 .text.PWMPulseWidthSet
                0x000058ec       0x6c ./Drivers/pwm.o
                0x000058ec                PWMPulseWidthSet
 .text.PWMPulseWidthGet
                0x00005958       0x70 ./Drivers/pwm.o
                0x00005958                PWMPulseWidthGet
 .text.PWMDeadBandEnable
                0x000059c8       0x48 ./Drivers/pwm.o
                0x000059c8                PWMDeadBandEnable
 .text.PWMDeadBandDisable
                0x00005a10       0x30 ./Drivers/pwm.o
                0x00005a10                PWMDeadBandDisable
 .text.PWMSyncUpdate
                0x00005a40       0x1c ./Drivers/pwm.o
                0x00005a40                PWMSyncUpdate
 .text.PWMSyncTimeBase
                0x00005a5c       0x20 ./Drivers/pwm.o
                0x00005a5c                PWMSyncTimeBase
 .text.PWMOutputState
                0x00005a7c       0x50 ./Drivers/pwm.o
                0x00005a7c                PWMOutputState
 .text.PWMOutputInvert
                0x00005acc       0x50 ./Drivers/pwm.o
                0x00005acc                PWMOutputInvert
 .text.PWMOutputFaultLevel
                0x00005b1c       0x50 ./Drivers/pwm.o
                0x00005b1c                PWMOutputFaultLevel
 .text.PWMOutputFault
                0x00005b6c       0x50 ./Drivers/pwm.o
                0x00005b6c                PWMOutputFault
 .text.PWMGenIntRegister
                0x00005bbc       0x40 ./Drivers/pwm.o
                0x00005bbc                PWMGenIntRegister
 .text.PWMGenIntUnregister
                0x00005bfc       0x3c ./Drivers/pwm.o
                0x00005bfc                PWMGenIntUnregister
 .text.PWMFaultIntRegister
                0x00005c38       0x24 ./Drivers/pwm.o
                0x00005c38                PWMFaultIntRegister
 .text.PWMFaultIntUnregister
                0x00005c5c       0x20 ./Drivers/pwm.o
                0x00005c5c                PWMFaultIntUnregister
 .text.PWMGenIntTrigEnable
                0x00005c7c       0x34 ./Drivers/pwm.o
                0x00005c7c                PWMGenIntTrigEnable
 .text.PWMGenIntTrigDisable
                0x00005cb0       0x38 ./Drivers/pwm.o
                0x00005cb0                PWMGenIntTrigDisable
 .text.PWMGenIntStatus
                0x00005ce8       0x3c ./Drivers/pwm.o
                0x00005ce8                PWMGenIntStatus
 .text.PWMGenIntClear
                0x00005d24       0x24 ./Drivers/pwm.o
                0x00005d24                PWMGenIntClear
 .text.PWMIntEnable
                0x00005d48       0x2c ./Drivers/pwm.o
                0x00005d48                PWMIntEnable
 .text.PWMIntDisable
                0x00005d74       0x30 ./Drivers/pwm.o
                0x00005d74                PWMIntDisable
 .text.PWMFaultIntClear
                0x00005da4       0x20 ./Drivers/pwm.o
                0x00005da4                PWMFaultIntClear
 .text.PWMIntStatus
                0x00005dc4       0x30 ./Drivers/pwm.o
                0x00005dc4                PWMIntStatus
 .text.PWMFaultIntClearExt
                0x00005df4       0x20 ./Drivers/pwm.o
                0x00005df4                PWMFaultIntClearExt
 .text.PWMGenFaultConfigure
                0x00005e14       0x40 ./Drivers/pwm.o
                0x00005e14                PWMGenFaultConfigure
 .text.PWMGenFaultTriggerSet
                0x00005e54       0x3c ./Drivers/pwm.o
                0x00005e54                PWMGenFaultTriggerSet
 .text.PWMGenFaultTriggerGet
                0x00005e90       0x38 ./Drivers/pwm.o
                0x00005e90                PWMGenFaultTriggerGet
 .text.PWMGenFaultStatus
                0x00005ec8       0x58 ./Drivers/pwm.o
                0x00005ec8                PWMGenFaultStatus
 .text.PWMGenFaultClear
                0x00005f20       0x5c ./Drivers/pwm.o
                0x00005f20                PWMGenFaultClear
 .text          0x00005f7c        0x0 ./Drivers/qei.o
 .text.QEIEnable
                0x00005f7c       0x20 ./Drivers/qei.o
                0x00005f7c                QEIEnable
 .text.QEIDisable
                0x00005f9c       0x20 ./Drivers/qei.o
                0x00005f9c                QEIDisable
 .text.QEIConfigure
                0x00005fbc       0x34 ./Drivers/qei.o
                0x00005fbc                QEIConfigure
 .text.QEIPositionGet
                0x00005ff0       0x1c ./Drivers/qei.o
                0x00005ff0                QEIPositionGet
 .text.QEIPositionSet
                0x0000600c       0x20 ./Drivers/qei.o
                0x0000600c                QEIPositionSet
 .text.QEIDirectionGet
                0x0000602c       0x30 ./Drivers/qei.o
                0x0000602c                QEIDirectionGet
 .text.QEIErrorGet
                0x0000605c       0x24 ./Drivers/qei.o
                0x0000605c                QEIErrorGet
 .text.QEIVelocityEnable
                0x00006080       0x20 ./Drivers/qei.o
                0x00006080                QEIVelocityEnable
 .text.QEIVelocityDisable
                0x000060a0       0x20 ./Drivers/qei.o
                0x000060a0                QEIVelocityDisable
 .text.QEIVelocityConfigure
                0x000060c0       0x38 ./Drivers/qei.o
                0x000060c0                QEIVelocityConfigure
 .text.QEIVelocityGet
                0x000060f8       0x1c ./Drivers/qei.o
                0x000060f8                QEIVelocityGet
 .text.QEIIntRegister
                0x00006114       0x3c ./Drivers/qei.o
                0x00006114                QEIIntRegister
 .text.QEIIntUnregister
                0x00006150       0x38 ./Drivers/qei.o
                0x00006150                QEIIntUnregister
 .text.QEIIntEnable
                0x00006188       0x2c ./Drivers/qei.o
                0x00006188                QEIIntEnable
 .text.QEIIntDisable
                0x000061b4       0x30 ./Drivers/qei.o
                0x000061b4                QEIIntDisable
 .text.QEIIntStatus
                0x000061e4       0x30 ./Drivers/qei.o
                0x000061e4                QEIIntStatus
 .text.QEIIntClear
                0x00006214       0x20 ./Drivers/qei.o
                0x00006214                QEIIntClear
 .text          0x00006234        0x0 ./Drivers/ssi.o
 .text.SSIConfigSetExpClk
                0x00006234       0xbc ./Drivers/ssi.o
                0x00006234                SSIConfigSetExpClk
 .text.SSIEnable
                0x000062f0       0x28 ./Drivers/ssi.o
                0x000062f0                SSIEnable
 .text.SSIDisable
                0x00006318       0x28 ./Drivers/ssi.o
                0x00006318                SSIDisable
 .text.SSIIntRegister
                0x00006340       0x3c ./Drivers/ssi.o
                0x00006340                SSIIntRegister
 .text.SSIIntUnregister
                0x0000637c       0x38 ./Drivers/ssi.o
                0x0000637c                SSIIntUnregister
 .text.SSIIntEnable
                0x000063b4       0x2c ./Drivers/ssi.o
                0x000063b4                SSIIntEnable
 .text.SSIIntDisable
                0x000063e0       0x30 ./Drivers/ssi.o
                0x000063e0                SSIIntDisable
 .text.SSIIntStatus
                0x00006410       0x30 ./Drivers/ssi.o
                0x00006410                SSIIntStatus
 .text.SSIIntClear
                0x00006440       0x20 ./Drivers/ssi.o
                0x00006440                SSIIntClear
 .text.SSIDataPut
                0x00006460       0x30 ./Drivers/ssi.o
                0x00006460                SSIDataPut
 .text.SSIDataPutNonBlocking
                0x00006490       0x3c ./Drivers/ssi.o
                0x00006490                SSIDataPutNonBlocking
 .text.SSIDataGet
                0x000064cc       0x30 ./Drivers/ssi.o
                0x000064cc                SSIDataGet
 .text.SSIDataGetNonBlocking
                0x000064fc       0x3c ./Drivers/ssi.o
                0x000064fc                SSIDataGetNonBlocking
 .text.SSIDMAEnable
                0x00006538       0x2c ./Drivers/ssi.o
                0x00006538                SSIDMAEnable
 .text.SSIDMADisable
                0x00006564       0x30 ./Drivers/ssi.o
                0x00006564                SSIDMADisable
 .text.SSIBusy  0x00006594       0x28 ./Drivers/ssi.o
                0x00006594                SSIBusy
 .text          0x000065bc        0x0 ./Drivers/sysctl.o
 .text.SysCtlSRAMSizeGet
                0x000065bc       0x28 ./Drivers/sysctl.o
                0x000065bc                SysCtlSRAMSizeGet
 .text.SysCtlFlashSizeGet
                0x000065e4       0x28 ./Drivers/sysctl.o
                0x000065e4                SysCtlFlashSizeGet
 .text.SysCtlPinPresent
                0x0000660c       0x34 ./Drivers/sysctl.o
                0x0000660c                SysCtlPinPresent
 .text.SysCtlPeripheralPresent
                0x00006640       0x80 ./Drivers/sysctl.o
                0x00006640                SysCtlPeripheralPresent
 .text.SysCtlPeripheralReset
                0x000066c0       0xb8 ./Drivers/sysctl.o
                0x000066c0                SysCtlPeripheralReset
 .text.SysCtlPeripheralEnable
                0x00006778       0x58 ./Drivers/sysctl.o
                0x00006778                SysCtlPeripheralEnable
 .text.SysCtlPeripheralDisable
                0x000067d0       0x5c ./Drivers/sysctl.o
                0x000067d0                SysCtlPeripheralDisable
 .text.SysCtlPeripheralSleepEnable
                0x0000682c       0x58 ./Drivers/sysctl.o
                0x0000682c                SysCtlPeripheralSleepEnable
 .text.SysCtlPeripheralSleepDisable
                0x00006884       0x5c ./Drivers/sysctl.o
                0x00006884                SysCtlPeripheralSleepDisable
 .text.SysCtlPeripheralDeepSleepEnable
                0x000068e0       0x58 ./Drivers/sysctl.o
                0x000068e0                SysCtlPeripheralDeepSleepEnable
 .text.SysCtlPeripheralDeepSleepDisable
                0x00006938       0x5c ./Drivers/sysctl.o
                0x00006938                SysCtlPeripheralDeepSleepDisable
 .text.SysCtlPeripheralClockGating
                0x00006994       0x4c ./Drivers/sysctl.o
                0x00006994                SysCtlPeripheralClockGating
 .text.SysCtlIntRegister
                0x000069e0       0x24 ./Drivers/sysctl.o
                0x000069e0                SysCtlIntRegister
 .text.SysCtlIntUnregister
                0x00006a04       0x18 ./Drivers/sysctl.o
                0x00006a04                SysCtlIntUnregister
 .text.SysCtlIntEnable
                0x00006a1c       0x2c ./Drivers/sysctl.o
                0x00006a1c                SysCtlIntEnable
 .text.SysCtlIntDisable
                0x00006a48       0x30 ./Drivers/sysctl.o
                0x00006a48                SysCtlIntDisable
 .text.SysCtlIntClear
                0x00006a78       0x20 ./Drivers/sysctl.o
                0x00006a78                SysCtlIntClear
 .text.SysCtlIntStatus
                0x00006a98       0x34 ./Drivers/sysctl.o
                0x00006a98                SysCtlIntStatus
 .text.SysCtlLDOSet
                0x00006acc       0x20 ./Drivers/sysctl.o
                0x00006acc                SysCtlLDOSet
 .text.SysCtlLDOGet
                0x00006aec       0x18 ./Drivers/sysctl.o
                0x00006aec                SysCtlLDOGet
 .text.SysCtlLDOConfigSet
                0x00006b04       0x20 ./Drivers/sysctl.o
                0x00006b04                SysCtlLDOConfigSet
 .text.SysCtlReset
                0x00006b24       0x18 ./Drivers/sysctl.o
                0x00006b24                SysCtlReset
 .text.SysCtlSleep
                0x00006b3c        0xc ./Drivers/sysctl.o
                0x00006b3c                SysCtlSleep
 .text.SysCtlDeepSleep
                0x00006b48       0x3c ./Drivers/sysctl.o
                0x00006b48                SysCtlDeepSleep
 .text.SysCtlResetCauseGet
                0x00006b84       0x18 ./Drivers/sysctl.o
                0x00006b84                SysCtlResetCauseGet
 .text.SysCtlResetCauseClear
                0x00006b9c       0x30 ./Drivers/sysctl.o
                0x00006b9c                SysCtlResetCauseClear
 .text.SysCtlBrownOutConfigSet
                0x00006bcc       0x2c ./Drivers/sysctl.o
                0x00006bcc                SysCtlBrownOutConfigSet
 .text.SysCtlDelay
                0x00006bf8        0x8 ./Drivers/sysctl.o
                0x00006bf8                SysCtlDelay
 .text.SysCtlClockSet
                0x00006c00      0x298 ./Drivers/sysctl.o
                0x00006c00                SysCtlClockSet
 .text.SysCtlClockGet
                0x00006e98      0x38c ./Drivers/sysctl.o
                0x00006e98                SysCtlClockGet
 .text.SysCtlPWMClockSet
                0x00007224       0x30 ./Drivers/sysctl.o
                0x00007224                SysCtlPWMClockSet
 .text.SysCtlPWMClockGet
                0x00007254       0x34 ./Drivers/sysctl.o
                0x00007254                SysCtlPWMClockGet
 .text.SysCtlADCSpeedSet
                0x00007288       0x50 ./Drivers/sysctl.o
                0x00007288                SysCtlADCSpeedSet
 .text.SysCtlADCSpeedGet
                0x000072d8       0x1c ./Drivers/sysctl.o
                0x000072d8                SysCtlADCSpeedGet
 .text.SysCtlIOSCVerificationSet
                0x000072f4       0x4c ./Drivers/sysctl.o
                0x000072f4                SysCtlIOSCVerificationSet
 .text.SysCtlMOSCVerificationSet
                0x00007340       0x4c ./Drivers/sysctl.o
                0x00007340                SysCtlMOSCVerificationSet
 .text.SysCtlPLLVerificationSet
                0x0000738c       0x4c ./Drivers/sysctl.o
                0x0000738c                SysCtlPLLVerificationSet
 .text.SysCtlClkVerificationClear
                0x000073d8       0x28 ./Drivers/sysctl.o
                0x000073d8                SysCtlClkVerificationClear
 .text.SysCtlGPIOAHBEnable
                0x00007400       0x34 ./Drivers/sysctl.o
                0x00007400                SysCtlGPIOAHBEnable
 .text.SysCtlGPIOAHBDisable
                0x00007434       0x38 ./Drivers/sysctl.o
                0x00007434                SysCtlGPIOAHBDisable
 .text.SysCtlUSBPLLEnable
                0x0000746c       0x24 ./Drivers/sysctl.o
                0x0000746c                SysCtlUSBPLLEnable
 .text.SysCtlUSBPLLDisable
                0x00007490       0x24 ./Drivers/sysctl.o
                0x00007490                SysCtlUSBPLLDisable
 .text.SysCtlI2SMClkSet
                0x000074b4      0x1cc ./Drivers/sysctl.o
                0x000074b4                SysCtlI2SMClkSet
 .text          0x00007680        0x0 ./Drivers/systick.o
 .text.SysTickEnable
                0x00007680       0x24 ./Drivers/systick.o
                0x00007680                SysTickEnable
 .text.SysTickDisable
                0x000076a4       0x24 ./Drivers/systick.o
                0x000076a4                SysTickDisable
 .text.SysTickIntRegister
                0x000076c8       0x34 ./Drivers/systick.o
                0x000076c8                SysTickIntRegister
 .text.SysTickIntUnregister
                0x000076fc       0x28 ./Drivers/systick.o
                0x000076fc                SysTickIntUnregister
 .text.SysTickIntEnable
                0x00007724       0x24 ./Drivers/systick.o
                0x00007724                SysTickIntEnable
 .text.SysTickIntDisable
                0x00007748       0x24 ./Drivers/systick.o
                0x00007748                SysTickIntDisable
 .text.SysTickPeriodSet
                0x0000776c       0x24 ./Drivers/systick.o
                0x0000776c                SysTickPeriodSet
 .text.SysTickPeriodGet
                0x00007790       0x1c ./Drivers/systick.o
                0x00007790                SysTickPeriodGet
 .text.SysTickValueGet
                0x000077ac       0x18 ./Drivers/systick.o
                0x000077ac                SysTickValueGet
 .text          0x000077c4        0x0 ./Drivers/timer.o
 .text.TimerEnable
                0x000077c4       0x38 ./Drivers/timer.o
                0x000077c4                TimerEnable
 .text.TimerDisable
                0x000077fc       0x3c ./Drivers/timer.o
                0x000077fc                TimerDisable
 .text.TimerConfigure
                0x00007838       0x58 ./Drivers/timer.o
                0x00007838                TimerConfigure
 .text.TimerControlLevel
                0x00007890       0x5c ./Drivers/timer.o
                0x00007890                TimerControlLevel
 .text.TimerControlTrigger
                0x000078ec       0x5c ./Drivers/timer.o
                0x000078ec                TimerControlTrigger
 .text.TimerControlEvent
                0x00007948       0x4c ./Drivers/timer.o
                0x00007948                TimerControlEvent
 .text.TimerControlStall
                0x00007994       0x5c ./Drivers/timer.o
                0x00007994                TimerControlStall
 .text.TimerControlWaitOnTrigger
                0x000079f0       0x8c ./Drivers/timer.o
                0x000079f0                TimerControlWaitOnTrigger
 .text.TimerRTCEnable
                0x00007a7c       0x28 ./Drivers/timer.o
                0x00007a7c                TimerRTCEnable
 .text.TimerRTCDisable
                0x00007aa4       0x28 ./Drivers/timer.o
                0x00007aa4                TimerRTCDisable
 .text.TimerPrescaleSet
                0x00007acc       0x40 ./Drivers/timer.o
                0x00007acc                TimerPrescaleSet
 .text.TimerPrescaleGet
                0x00007b0c       0x30 ./Drivers/timer.o
                0x00007b0c                TimerPrescaleGet
 .text.TimerPrescaleMatchSet
                0x00007b3c       0x40 ./Drivers/timer.o
                0x00007b3c                TimerPrescaleMatchSet
 .text.TimerPrescaleMatchGet
                0x00007b7c       0x30 ./Drivers/timer.o
                0x00007b7c                TimerPrescaleMatchGet
 .text.TimerLoadSet
                0x00007bac       0x40 ./Drivers/timer.o
                0x00007bac                TimerLoadSet
 .text.TimerLoadGet
                0x00007bec       0x30 ./Drivers/timer.o
                0x00007bec                TimerLoadGet
 .text.TimerValueGet
                0x00007c1c       0x30 ./Drivers/timer.o
                0x00007c1c                TimerValueGet
 .text.TimerMatchSet
                0x00007c4c       0x40 ./Drivers/timer.o
                0x00007c4c                TimerMatchSet
 .text.TimerMatchGet
                0x00007c8c       0x30 ./Drivers/timer.o
                0x00007c8c                TimerMatchGet
 .text.TimerIntRegister
                0x00007cbc       0x94 ./Drivers/timer.o
                0x00007cbc                TimerIntRegister
 .text.TimerIntUnregister
                0x00007d50       0x8c ./Drivers/timer.o
                0x00007d50                TimerIntUnregister
 .text.TimerIntEnable
                0x00007ddc       0x2c ./Drivers/timer.o
                0x00007ddc                TimerIntEnable
 .text.TimerIntDisable
                0x00007e08       0x30 ./Drivers/timer.o
                0x00007e08                TimerIntDisable
 .text.TimerIntStatus
                0x00007e38       0x30 ./Drivers/timer.o
                0x00007e38                TimerIntStatus
 .text.TimerIntClear
                0x00007e68       0x20 ./Drivers/timer.o
                0x00007e68                TimerIntClear
 .text.TimerQuiesce
                0x00007e88       0xf0 ./Drivers/timer.o
                0x00007e88                TimerQuiesce
 .text          0x00007f78        0x0 ./Drivers/uart.o
 .text.UARTParityModeSet
                0x00007f78       0x30 ./Drivers/uart.o
                0x00007f78                UARTParityModeSet
 .text.UARTParityModeGet
                0x00007fa8       0x20 ./Drivers/uart.o
                0x00007fa8                UARTParityModeGet
 .text.UARTFIFOLevelSet
                0x00007fc8       0x28 ./Drivers/uart.o
                0x00007fc8                UARTFIFOLevelSet
 .text.UARTFIFOLevelGet
                0x00007ff0       0x34 ./Drivers/uart.o
                0x00007ff0                UARTFIFOLevelGet
 .text.UARTConfigSetExpClk
                0x00008024       0xa8 ./Drivers/uart.o
                0x00008024                UARTConfigSetExpClk
 .text.UARTConfigGetExpClk
                0x000080cc       0x70 ./Drivers/uart.o
                0x000080cc                UARTConfigGetExpClk
 .text.UARTEnable
                0x0000813c       0x40 ./Drivers/uart.o
                0x0000813c                UARTEnable
 .text.UARTDisable
                0x0000817c       0x50 ./Drivers/uart.o
                0x0000817c                UARTDisable
 .text.UARTFIFOEnable
                0x000081cc       0x28 ./Drivers/uart.o
                0x000081cc                UARTFIFOEnable
 .text.UARTFIFODisable
                0x000081f4       0x28 ./Drivers/uart.o
                0x000081f4                UARTFIFODisable
 .text.UARTEnableSIR
                0x0000821c       0x48 ./Drivers/uart.o
                0x0000821c                UARTEnableSIR
 .text.UARTDisableSIR
                0x00008264       0x28 ./Drivers/uart.o
                0x00008264                UARTDisableSIR
 .text.UARTSmartCardEnable
                0x0000828c       0x4c ./Drivers/uart.o
                0x0000828c                UARTSmartCardEnable
 .text.UARTSmartCardDisable
                0x000082d8       0x28 ./Drivers/uart.o
                0x000082d8                UARTSmartCardDisable
 .text.UARTModemControlSet
                0x00008300       0x38 ./Drivers/uart.o
                0x00008300                UARTModemControlSet
 .text.UARTModemControlClear
                0x00008338       0x3c ./Drivers/uart.o
                0x00008338                UARTModemControlClear
 .text.UARTModemControlGet
                0x00008374       0x20 ./Drivers/uart.o
                0x00008374                UARTModemControlGet
 .text.UARTModemStatusGet
                0x00008394       0x28 ./Drivers/uart.o
                0x00008394                UARTModemStatusGet
 .text.UARTFlowControlSet
                0x000083bc       0x30 ./Drivers/uart.o
                0x000083bc                UARTFlowControlSet
 .text.UARTFlowControlGet
                0x000083ec       0x20 ./Drivers/uart.o
                0x000083ec                UARTFlowControlGet
 .text.UARTTxIntModeSet
                0x0000840c       0x30 ./Drivers/uart.o
                0x0000840c                UARTTxIntModeSet
 .text.UARTTxIntModeGet
                0x0000843c       0x20 ./Drivers/uart.o
                0x0000843c                UARTTxIntModeGet
 .text.UARTCharsAvail
                0x0000845c       0x28 ./Drivers/uart.o
                0x0000845c                UARTCharsAvail
 .text.UARTSpaceAvail
                0x00008484       0x28 ./Drivers/uart.o
                0x00008484                UARTSpaceAvail
 .text.UARTCharGetNonBlocking
                0x000084ac       0x30 ./Drivers/uart.o
                0x000084ac                UARTCharGetNonBlocking
 .text.UARTCharGet
                0x000084dc       0x28 ./Drivers/uart.o
                0x000084dc                UARTCharGet
 .text.UARTCharPutNonBlocking
                0x00008504       0x38 ./Drivers/uart.o
                0x00008504                UARTCharPutNonBlocking
 .text.UARTCharPut
                0x0000853c       0x2c ./Drivers/uart.o
                0x0000853c                UARTCharPut
 .text.UARTBreakCtl
                0x00008568       0x40 ./Drivers/uart.o
                0x00008568                UARTBreakCtl
 .text.UARTBusy
                0x000085a8       0x28 ./Drivers/uart.o
                0x000085a8                UARTBusy
 .text.UARTIntRegister
                0x000085d0       0x50 ./Drivers/uart.o
                0x000085d0                UARTIntRegister
 .text.UARTIntUnregister
                0x00008620       0x4c ./Drivers/uart.o
                0x00008620                UARTIntUnregister
 .text.UARTIntEnable
                0x0000866c       0x2c ./Drivers/uart.o
                0x0000866c                UARTIntEnable
 .text.UARTIntDisable
                0x00008698       0x30 ./Drivers/uart.o
                0x00008698                UARTIntDisable
 .text.UARTIntStatus
                0x000086c8       0x30 ./Drivers/uart.o
                0x000086c8                UARTIntStatus
 .text.UARTIntClear
                0x000086f8       0x20 ./Drivers/uart.o
                0x000086f8                UARTIntClear
 .text.UARTDMAEnable
                0x00008718       0x2c ./Drivers/uart.o
                0x00008718                UARTDMAEnable
 .text.UARTDMADisable
                0x00008744       0x30 ./Drivers/uart.o
                0x00008744                UARTDMADisable
 .text.UARTRxErrorGet
                0x00008774       0x20 ./Drivers/uart.o
                0x00008774                UARTRxErrorGet
 .text.UARTRxErrorClear
                0x00008794       0x20 ./Drivers/uart.o
                0x00008794                UARTRxErrorClear
 .text          0x000087b4        0x0 ./Drivers/udma.o
 .text.uDMAEnable
                0x000087b4       0x18 ./Drivers/udma.o
                0x000087b4                uDMAEnable
 .text.uDMADisable
                0x000087cc       0x18 ./Drivers/udma.o
                0x000087cc                uDMADisable
 .text.uDMAErrorStatusGet
                0x000087e4       0x18 ./Drivers/udma.o
                0x000087e4                uDMAErrorStatusGet
 .text.uDMAErrorStatusClear
                0x000087fc       0x18 ./Drivers/udma.o
                0x000087fc                uDMAErrorStatusClear
 .text.uDMAChannelEnable
                0x00008814       0x28 ./Drivers/udma.o
                0x00008814                uDMAChannelEnable
 .text.uDMAChannelDisable
                0x0000883c       0x28 ./Drivers/udma.o
                0x0000883c                uDMAChannelDisable
 .text.uDMAChannelIsEnabled
                0x00008864       0x34 ./Drivers/udma.o
                0x00008864                uDMAChannelIsEnabled
 .text.uDMAControlBaseSet
                0x00008898       0x20 ./Drivers/udma.o
                0x00008898                uDMAControlBaseSet
 .text.uDMAControlBaseGet
                0x000088b8       0x18 ./Drivers/udma.o
                0x000088b8                uDMAControlBaseGet
 .text.uDMAChannelRequest
                0x000088d0       0x28 ./Drivers/udma.o
                0x000088d0                uDMAChannelRequest
 .text.uDMAChannelAttributeEnable
                0x000088f8       0x90 ./Drivers/udma.o
                0x000088f8                uDMAChannelAttributeEnable
 .text.uDMAChannelAttributeDisable
                0x00008988       0x90 ./Drivers/udma.o
                0x00008988                uDMAChannelAttributeDisable
 .text.uDMAChannelAttributeGet
                0x00008a18       0xac ./Drivers/udma.o
                0x00008a18                uDMAChannelAttributeGet
 .text.uDMAChannelControlSet
                0x00008ac4       0x4c ./Drivers/udma.o
                0x00008ac4                uDMAChannelControlSet
 .text.uDMAChannelTransferSet
                0x00008b10       0xe8 ./Drivers/udma.o
                0x00008b10                uDMAChannelTransferSet
 .text.uDMAChannelSizeGet
                0x00008bf8       0x50 ./Drivers/udma.o
                0x00008bf8                uDMAChannelSizeGet
 .text.uDMAChannelModeGet
                0x00008c48       0x50 ./Drivers/udma.o
                0x00008c48                uDMAChannelModeGet
 .text.uDMAChannelSelectSecondary
                0x00008c98       0x2c ./Drivers/udma.o
                0x00008c98                uDMAChannelSelectSecondary
 .text.uDMAChannelSelectDefault
                0x00008cc4       0x30 ./Drivers/udma.o
                0x00008cc4                uDMAChannelSelectDefault
 .text.uDMAIntRegister
                0x00008cf4       0x20 ./Drivers/udma.o
                0x00008cf4                uDMAIntRegister
 .text.uDMAIntUnregister
                0x00008d14       0x1c ./Drivers/udma.o
                0x00008d14                uDMAIntUnregister
 .text          0x00008d30        0x0 ./Drivers/usb.o
 .text.USBIndexWrite
                0x00008d30       0x5c ./Drivers/usb.o
 .text.USBIndexRead
                0x00008d8c       0x5c ./Drivers/usb.o
 .text.USBHostSuspend
                0x00008de8       0x2c ./Drivers/usb.o
                0x00008de8                USBHostSuspend
 .text.USBHostReset
                0x00008e14       0x50 ./Drivers/usb.o
                0x00008e14                USBHostReset
 .text.USBHostResume
                0x00008e64       0x50 ./Drivers/usb.o
                0x00008e64                USBHostResume
 .text.USBHostSpeedGet
                0x00008eb4       0x48 ./Drivers/usb.o
                0x00008eb4                USBHostSpeedGet
 .text.USBIntStatus
                0x00008efc       0xc4 ./Drivers/usb.o
                0x00008efc                USBIntStatus
 .text.USBIntDisable
                0x00008fc0       0xd8 ./Drivers/usb.o
                0x00008fc0                USBIntDisable
 .text.USBIntEnable
                0x00009098       0xc8 ./Drivers/usb.o
                0x00009098                USBIntEnable
 .text.USBIntDisableControl
                0x00009160       0x70 ./Drivers/usb.o
                0x00009160                USBIntDisableControl
 .text.USBIntEnableControl
                0x000091d0       0x68 ./Drivers/usb.o
                0x000091d0                USBIntEnableControl
 .text.USBIntStatusControl
                0x00009238       0x98 ./Drivers/usb.o
                0x00009238                USBIntStatusControl
 .text.USBIntDisableEndpoint
                0x000092d0       0x68 ./Drivers/usb.o
                0x000092d0                USBIntDisableEndpoint
 .text.USBIntEnableEndpoint
                0x00009338       0x5c ./Drivers/usb.o
                0x00009338                USBIntEnableEndpoint
 .text.USBIntStatusEndpoint
                0x00009394       0x38 ./Drivers/usb.o
                0x00009394                USBIntStatusEndpoint
 .text.USBIntRegister
                0x000093cc       0x24 ./Drivers/usb.o
                0x000093cc                USBIntRegister
 .text.USBIntUnregister
                0x000093f0       0x20 ./Drivers/usb.o
                0x000093f0                USBIntUnregister
 .text.USBEndpointStatus
                0x00009410       0x44 ./Drivers/usb.o
                0x00009410                USBEndpointStatus
 .text.USBHostEndpointStatusClear
                0x00009454       0x98 ./Drivers/usb.o
                0x00009454                USBHostEndpointStatusClear
 .text.USBDevEndpointStatusClear
                0x000094ec       0xf4 ./Drivers/usb.o
                0x000094ec                USBDevEndpointStatusClear
 .text.USBHostEndpointDataToggle
                0x000095e0       0xfc ./Drivers/usb.o
                0x000095e0                USBHostEndpointDataToggle
 .text.USBEndpointDataToggleClear
                0x000096dc       0x68 ./Drivers/usb.o
                0x000096dc                USBEndpointDataToggleClear
 .text.USBDevEndpointStall
                0x00009744       0x80 ./Drivers/usb.o
                0x00009744                USBDevEndpointStall
 .text.USBDevEndpointStallClear
                0x000097c4       0xc0 ./Drivers/usb.o
                0x000097c4                USBDevEndpointStallClear
 .text.USBDevConnect
                0x00009884       0x2c ./Drivers/usb.o
                0x00009884                USBDevConnect
 .text.USBDevDisconnect
                0x000098b0       0x2c ./Drivers/usb.o
                0x000098b0                USBDevDisconnect
 .text.USBDevAddrSet
                0x000098dc       0x1c ./Drivers/usb.o
                0x000098dc                USBDevAddrSet
 .text.USBDevAddrGet
                0x000098f8       0x1c ./Drivers/usb.o
                0x000098f8                USBDevAddrGet
 .text.USBHostEndpointConfig
                0x00009914      0x1c0 ./Drivers/usb.o
                0x00009914                USBHostEndpointConfig
 .text.USBDevEndpointConfigSet
                0x00009ad4      0x12c ./Drivers/usb.o
                0x00009ad4                USBDevEndpointConfigSet
 .text.USBDevEndpointConfigGet
                0x00009c00      0x150 ./Drivers/usb.o
                0x00009c00                USBDevEndpointConfigGet
 .text.USBFIFOConfigSet
                0x00009d50       0x94 ./Drivers/usb.o
                0x00009d50                USBFIFOConfigSet
 .text.USBFIFOConfigGet
                0x00009de4       0x9c ./Drivers/usb.o
                0x00009de4                USBFIFOConfigGet
 .text.USBEndpointDMAEnable
                0x00009e80       0x80 ./Drivers/usb.o
                0x00009e80                USBEndpointDMAEnable
 .text.USBEndpointDMADisable
                0x00009f00       0x7c ./Drivers/usb.o
                0x00009f00                USBEndpointDMADisable
 .text.USBEndpointDataAvail
                0x00009f7c       0x54 ./Drivers/usb.o
                0x00009f7c                USBEndpointDataAvail
 .text.USBEndpointDataGet
                0x00009fd0       0xac ./Drivers/usb.o
                0x00009fd0                USBEndpointDataGet
 .text.USBDevEndpointDataAck
                0x0000a07c       0x5c ./Drivers/usb.o
                0x0000a07c                USBDevEndpointDataAck
 .text.USBHostEndpointDataAck
                0x0000a0d8       0x54 ./Drivers/usb.o
                0x0000a0d8                USBHostEndpointDataAck
 .text.USBEndpointDataPut
                0x0000a12c       0x84 ./Drivers/usb.o
                0x0000a12c                USBEndpointDataPut
 .text.USBEndpointDataSend
                0x0000a1b0       0x64 ./Drivers/usb.o
                0x0000a1b0                USBEndpointDataSend
 .text.USBFIFOFlush
                0x0000a214       0xc4 ./Drivers/usb.o
                0x0000a214                USBFIFOFlush
 .text.USBHostRequestIN
                0x0000a2d8       0x38 ./Drivers/usb.o
                0x0000a2d8                USBHostRequestIN
 .text.USBHostRequestStatus
                0x0000a310       0x20 ./Drivers/usb.o
                0x0000a310                USBHostRequestStatus
 .text.USBHostAddrSet
                0x0000a330       0x4c ./Drivers/usb.o
                0x0000a330                USBHostAddrSet
 .text.USBHostAddrGet
                0x0000a37c       0x48 ./Drivers/usb.o
                0x0000a37c                USBHostAddrGet
 .text.USBHostHubAddrSet
                0x0000a3c4       0x4c ./Drivers/usb.o
                0x0000a3c4                USBHostHubAddrSet
 .text.USBHostHubAddrGet
                0x0000a410       0x48 ./Drivers/usb.o
                0x0000a410                USBHostHubAddrGet
 .text.USBHostPwrConfig
                0x0000a458       0x50 ./Drivers/usb.o
                0x0000a458                USBHostPwrConfig
 .text.USBHostPwrFaultEnable
                0x0000a4a8       0x2c ./Drivers/usb.o
                0x0000a4a8                USBHostPwrFaultEnable
 .text.USBHostPwrFaultDisable
                0x0000a4d4       0x38 ./Drivers/usb.o
[...]
 .debug_aranges
                0x00001d68       0x50 ../../../Source/croutine.o
 .debug_aranges
                0x00001db8       0x70 ../../../Source/portable/GCC/ARM_CM3/port.o
 .debug_aranges
                0x00001e28       0x38 ../../../Source/portable/MemMang/heap_2.o
 .debug_aranges
                0x00001e60       0x40 startup.o

.debug_ranges   0x00000000     0x1cf8
 .debug_ranges  0x00000000      0x108 ./Drivers/adc.o
 .debug_ranges  0x00000108       0xd0 ./Drivers/can.o
 .debug_ranges  0x000001d8       0x58 ./Drivers/comp.o
 .debug_ranges  0x00000230       0x28 ./Drivers/cpu.o
 .debug_ranges  0x00000258       0xc8 ./Drivers/epi.o
 .debug_ranges  0x00000320       0xc8 ./Drivers/ethernet.o
 .debug_ranges  0x000003e8       0x90 ./Drivers/flash.o
 .debug_ranges  0x00000478      0x130 ./Drivers/gpio.o
 .debug_ranges  0x000005a8       0xf0 ./Drivers/hibernate.o
 .debug_ranges  0x00000698      0x100 ./Drivers/i2c.o
 .debug_ranges  0x00000798       0xe0 ./Drivers/i2s.o
 .debug_ranges  0x00000878       0x78 ./Drivers/interrupt.o
 .debug_ranges  0x000008f0       0x58 ./Drivers/mpu.o
 .debug_ranges  0x00000948      0x118 ./Drivers/pwm.o
 .debug_ranges  0x00000a60       0x98 ./Drivers/qei.o
 .debug_ranges  0x00000af8       0x90 ./Drivers/ssi.o
 .debug_ranges  0x00000b88      0x168 ./Drivers/sysctl.o
 .debug_ranges  0x00000cf0       0x58 ./Drivers/systick.o
 .debug_ranges  0x00000d48       0xe0 ./Drivers/timer.o
 .debug_ranges  0x00000e28      0x150 ./Drivers/uart.o
 .debug_ranges  0x00000f78       0xb8 ./Drivers/udma.o
 .debug_ranges  0x00001030      0x1e8 ./Drivers/usb.o
 .debug_ranges  0x00001218       0x98 ./Drivers/watchdog.o
 .debug_ranges  0x000012b0       0x20 ./API/led.o
 .debug_ranges  0x000012d0       0x50 ./API/buttons.o
 .debug_ranges  0x00001320       0x50 ./API/comport.o
 .debug_ranges  0x00001370       0x28 ./API/ustdlib.o
 .debug_ranges  0x00001398       0x50 ./API/emac.o
 .debug_ranges  0x000013e8       0x60 ./OLEDDisplay/rit128x96x4.o
 .debug_ranges  0x00001448       0x60 ./OLEDDisplay/osram128x64x4.o
 .debug_ranges  0x000014a8       0x90 ./OLEDDisplay/formike128x128x16.o
 .debug_ranges  0x00001538       0x28 ./OLEDDisplay/oledDisplay.o
 .debug_ranges  0x00001560       0x40 ./uip/uip_arp.o
 .debug_ranges  0x000015a0       0x70 ./uip/psock.o
 .debug_ranges  0x00001610       0x30 ./uip/uip_timer.o
 .debug_ranges  0x00001640       0x90 ./uip/uip.o
 .debug_ranges  0x000016d0       0x38 ./ethernet/tcpHandler.o
 .debug_ranges  0x00001708       0x40 ./ethernet/ethernetTask.o
 .debug_ranges  0x00001748       0x30 ./ethernet/udpHandler.o
 .debug_ranges  0x00001778       0xc8 ./muXML/muXML.o
 .debug_ranges  0x00001840       0x40 ./muXML/muXMLTree.o
 .debug_ranges  0x00001880       0x18 ./muXML/muXMLAccess.o
 .debug_ranges  0x00001898       0x58 ./units/unit.o
 .debug_ranges  0x000018f0       0x20 ./units/comportUnit.o
 .debug_ranges  0x00001910       0x38 ./units/buttonsUnit.o
 .debug_ranges  0x00001948       0x50 main.o
 .debug_ranges  0x00001998       0x38 ../../../Source/list.o
 .debug_ranges  0x000019d0       0xd0 ../../../Source/queue.o
 .debug_ranges  0x00001aa0      0x140 ../../../Source/tasks.o
 .debug_ranges  0x00001be0       0x48 ../../../Source/croutine.o
 .debug_ranges  0x00001c28       0x68 ../../../Source/portable/GCC/ARM_CM3/port.o
 .debug_ranges  0x00001c90       0x30 ../../../Source/portable/MemMang/heap_2.o
 .debug_ranges  0x00001cc0       0x38 startup.o

.debug_str      0x00000000     0x63ae
 .debug_str     0x00000000      0x3c9 ./Drivers/adc.o
                                0x3f8 (size before relaxing)
 .debug_str     0x000003c9      0x494 ./Drivers/can.o
                                0x554 (size before relaxing)
 .debug_str     0x0000085d       0x61 ./Drivers/comp.o
                                0x169 (size before relaxing)
 .debug_str     0x000008be       0x2d ./Drivers/cpu.o
                                 0x8a (size before relaxing)
 .debug_str     0x000008eb      0x249 ./Drivers/epi.o
                                0x306 (size before relaxing)
 .debug_str     0x00000b34      0x222 ./Drivers/ethernet.o
                                0x2eb (size before relaxing)
 .debug_str     0x00000d56      0x1bb ./Drivers/flash.o
                                0x27f (size before relaxing)
 .debug_str     0x00000f11      0x35c ./Drivers/gpio.o
                                0x410 (size before relaxing)
 .debug_str     0x0000126d      0x291 ./Drivers/hibernate.o
                                0x340 (size before relaxing)
 .debug_str     0x000014fe      0x257 ./Drivers/i2c.o
                                0x305 (size before relaxing)
 .debug_str     0x00001755      0x1bc ./Drivers/i2s.o
                                0x276 (size before relaxing)
 .debug_str     0x00001911       0xf8 ./Drivers/interrupt.o
                                0x1c4 (size before relaxing)
 .debug_str     0x00001a09       0xb6 ./Drivers/mpu.o
                                0x13b (size before relaxing)
 .debug_str     0x00001abf      0x32e ./Drivers/pwm.o
                                0x3e1 (size before relaxing)
 .debug_str     0x00001ded      0x129 ./Drivers/qei.o
                                0x1e3 (size before relaxing)
 .debug_str     0x00001f16      0x140 ./Drivers/ssi.o
                                0x211 (size before relaxing)
 .debug_str     0x00002056      0x448 ./Drivers/sysctl.o
                                0x4ef (size before relaxing)
 .debug_str     0x0000249e       0xac ./Drivers/systick.o
                                0x12b (size before relaxing)
 .debug_str     0x0000254a      0x1d7 ./Drivers/timer.o
                                0x291 (size before relaxing)
 .debug_str     0x00002721      0x30b ./Drivers/uart.o
                                0x3fd (size before relaxing)
 .debug_str     0x00002a2c      0x256 ./Drivers/udma.o
                                0x2f7 (size before relaxing)
 .debug_str     0x00002c82      0x542 ./Drivers/usb.o
                                0x651 (size before relaxing)
 .debug_str     0x000031c4      0x150 ./Drivers/watchdog.o
                                0x1de (size before relaxing)
 .debug_str     0x00003314       0x1a ./API/led.o
                                 0x8f (size before relaxing)
 .debug_str     0x0000332e      0x17e ./API/buttons.o
                                0x25f (size before relaxing)
 .debug_str     0x000034ac      0x279 ./API/comport.o
                                0x32e (size before relaxing)
 .debug_str     0x00003725       0x8c ./API/ustdlib.o
                                0x195 (size before relaxing)
 .debug_str     0x000037b1      0x142 ./API/emac.o
                                0x271 (size before relaxing)
 .debug_str     0x000038f3      0x1bf ./OLEDDisplay/rit128x96x4.o
                                0x27c (size before relaxing)
 .debug_str     0x00003ab2      0x13a ./OLEDDisplay/osram128x64x4.o
                                0x26c (size before relaxing)
 .debug_str     0x00003bec      0x327 ./OLEDDisplay/formike128x128x16.o
                                0x477 (size before relaxing)
 .debug_str     0x00003f13       0xbd ./OLEDDisplay/oledDisplay.o
                                0x1f2 (size before relaxing)
 .debug_str     0x00003fd0      0x1b1 ./uip/uip_arp.o
                                0x2d0 (size before relaxing)
 .debug_str     0x00004181      0x1b3 ./uip/psock.o
                                0x2f5 (size before relaxing)
 .debug_str     0x00004334       0x58 ./uip/uip_timer.o
                                 0xd7 (size before relaxing)
 .debug_str     0x0000438c      0x34b ./uip/uip.o
                                0x631 (size before relaxing)
 .debug_str     0x000046d7       0x4b ./ethernet/tcpHandler.o
                                0x296 (size before relaxing)
 .debug_str     0x00004722       0x76 ./ethernet/ethernetTask.o
                                0x395 (size before relaxing)
 .debug_str     0x00004798       0x45 ./ethernet/udpHandler.o
                                0x1f8 (size before relaxing)
 .debug_str     0x000047dd      0x4d4 ./muXML/muXML.o
                                0x601 (size before relaxing)
 .debug_str     0x00004cb1       0xec ./muXML/muXMLTree.o
                                0x518 (size before relaxing)
 .debug_str     0x00004d9d       0x38 ./muXML/muXMLAccess.o
                                0x459 (size before relaxing)
 .debug_str     0x00004dd5      0x225 ./units/unit.o
                                0x39c (size before relaxing)
 .debug_str     0x00004ffa       0x5e ./units/comportUnit.o
                                0x216 (size before relaxing)
 .debug_str     0x00005058       0x9b ./units/buttonsUnit.o
                                0x372 (size before relaxing)
 .debug_str     0x000050f3       0x8b main.o
                                0x1c2 (size before relaxing)
 .debug_str     0x0000517e      0x135 ../../../Source/list.o
                                0x21c (size before relaxing)
 .debug_str     0x000052b3      0x420 ../../../Source/queue.o
                                0x5d9 (size before relaxing)
 .debug_str     0x000056d3      0x78e ../../../Source/tasks.o
                                0x98c (size before relaxing)
 .debug_str     0x00005e61      0x24f ../../../Source/croutine.o
                                0x3eb (size before relaxing)
 .debug_str     0x000060b0      0x133 ../../../Source/portable/GCC/ARM_CM3/port.o
                                0x1eb (size before relaxing)
 .debug_str     0x000061e3      0x161 ../../../Source/portable/MemMang/heap_2.o
                                0x247 (size before relaxing)
 .debug_str     0x00006344       0x6a startup.o
                                 0xe4 (size before relaxing)

.comment        0x00000000      0x97e
 .comment       0x00000000       0x2a ./Drivers/adc.o
 .comment       0x0000002a       0x2a ./Drivers/can.o
 .comment       0x00000054       0x2a ./Drivers/comp.o
 .comment       0x0000007e       0x2a ./Drivers/cpu.o
 .comment       0x000000a8       0x2a ./Drivers/epi.o
 .comment       0x000000d2       0x2a ./Drivers/ethernet.o
 .comment       0x000000fc       0x2a ./Drivers/flash.o
 .comment       0x00000126       0x2a ./Drivers/gpio.o
 .comment       0x00000150       0x2a ./Drivers/hibernate.o
 .comment       0x0000017a       0x2a ./Drivers/i2c.o
 .comment       0x000001a4       0x2a ./Drivers/i2s.o
 .comment       0x000001ce       0x2a ./Drivers/interrupt.o
 .comment       0x000001f8       0x2a ./Drivers/mpu.o
 .comment       0x00000222       0x2a ./Drivers/pwm.o
 .comment       0x0000024c       0x2a ./Drivers/qei.o
 .comment       0x00000276       0x2a ./Drivers/ssi.o
 .comment       0x000002a0       0x2a ./Drivers/sysctl.o
 .comment       0x000002ca       0x2a ./Drivers/systick.o
 .comment       0x000002f4       0x2a ./Drivers/timer.o
 .comment       0x0000031e       0x2a ./Drivers/uart.o
 .comment       0x00000348       0x2a ./Drivers/udma.o
 .comment       0x00000372       0x2a ./Drivers/usb.o
 .comment       0x0000039c       0x2a ./Drivers/watchdog.o
 .comment       0x000003c6       0x2a ./API/led.o
 .comment       0x000003f0       0x2a ./API/buttons.o
 .comment       0x0000041a       0x2a ./API/comport.o
 .comment       0x00000444       0x2a ./API/ustdlib.o
 .comment       0x0000046e       0x2a ./API/emac.o
 .comment       0x00000498       0x2a ./OLEDDisplay/rit128x96x4.o
 .comment       0x000004c2       0x2a ./OLEDDisplay/osram128x64x4.o
 .comment       0x000004ec       0x2a ./OLEDDisplay/formike128x128x16.o
 .comment       0x00000516       0x2a ./OLEDDisplay/oledDisplay.o
 .comment       0x00000540       0x2a ./uip/uip_arp.o
 .comment       0x0000056a       0x2a ./uip/psock.o
 .comment       0x00000594       0x2a ./uip/uip_timer.o
 .comment       0x000005be       0x2a ./uip/uip.o
 .comment       0x000005e8       0x2a ./ethernet/tcpHandler.o
 .comment       0x00000612       0x2a ./ethernet/ethernetTask.o
 .comment       0x0000063c       0x2a ./ethernet/udpHandler.o
 .comment       0x00000666       0x2a ./muXML/muXML.o
 .comment       0x00000690       0x2a ./muXML/muXMLTree.o
 .comment       0x000006ba       0x2a ./muXML/muXMLAccess.o
 .comment       0x000006e4       0x2a ./units/unit.o
 .comment       0x0000070e       0x2a ./units/comportUnit.o
 .comment       0x00000738       0x2a ./units/buttonsUnit.o
 .comment       0x00000762       0x2a main.o
 .comment       0x0000078c       0x2a ../../../Source/list.o
 .comment       0x000007b6       0x2a ../../../Source/queue.o
 .comment       0x000007e0       0x2a ../../../Source/tasks.o
 .comment       0x0000080a       0x2a ../../../Source/croutine.o
 .comment       0x00000834       0x2a ../../../Source/portable/GCC/ARM_CM3/port.o
 .comment       0x0000085e       0x2a ../../../Source/portable/MemMang/heap_2.o
 .comment       0x00000888       0x2a startup.o
 .comment       0x000008b2       0x22 ./Drivers/grlib.a(context.o)
 .comment       0x000008d4       0x22 ./Drivers/grlib.a(fontcmss12.o)
 .comment       0x000008f6       0x22 ./Drivers/grlib.a(image.o)
 .comment       0x00000918       0x22 ./Drivers/grlib.a(rectangle.o)
 .comment       0x0000093a       0x22 ./Drivers/grlib.a(string.o)
 .comment       0x0000095c       0x22 ./Drivers/grlib.a(line.o)

.ARM.attributes
                0x00000000       0x31
 .ARM.attributes
                0x00000000       0x31 ./Drivers/adc.o
 .ARM.attributes
                0x00000031       0x31 ./Drivers/can.o
 .ARM.attributes
                0x00000062       0x31 ./Drivers/comp.o
 .ARM.attributes
                0x00000093       0x31 ./Drivers/cpu.o
 .ARM.attributes
                0x000000c4       0x31 ./Drivers/epi.o
 .ARM.attributes
                0x000000f5       0x31 ./Drivers/ethernet.o
 .ARM.attributes
                0x00000126       0x31 ./Drivers/flash.o
 .ARM.attributes
                0x00000157       0x31 ./Drivers/gpio.o
 .ARM.attributes
                0x00000188       0x31 ./Drivers/hibernate.o
 .ARM.attributes
                0x000001b9       0x31 ./Drivers/i2c.o
 .ARM.attributes
                0x000001ea       0x31 ./Drivers/i2s.o
 .ARM.attributes
                0x0000021b       0x31 ./Drivers/interrupt.o
 .ARM.attributes
                0x0000024c       0x31 ./Drivers/mpu.o
 .ARM.attributes
                0x0000027d       0x31 ./Drivers/pwm.o
 .ARM.attributes
                0x000002ae       0x31 ./Drivers/qei.o
 .ARM.attributes
                0x000002df       0x31 ./Drivers/ssi.o
 .ARM.attributes
                0x00000310       0x31 ./Drivers/sysctl.o
 .ARM.attributes
                0x00000341       0x31 ./Drivers/systick.o
 .ARM.attributes
                0x00000372       0x31 ./Drivers/timer.o
 .ARM.attributes
                0x000003a3       0x31 ./Drivers/uart.o
 .ARM.attributes
                0x000003d4       0x31 ./Drivers/udma.o
 .ARM.attributes
                0x00000405       0x31 ./Drivers/usb.o
 .ARM.attributes
                0x00000436       0x31 ./Drivers/watchdog.o
 .ARM.attributes
                0x00000467       0x31 ./API/led.o
 .ARM.attributes
                0x00000498       0x31 ./API/buttons.o
 .ARM.attributes
                0x000004c9       0x31 ./API/comport.o
 .ARM.attributes
                0x000004fa       0x31 ./API/ustdlib.o
 .ARM.attributes
                0x0000052b       0x31 ./API/emac.o
 .ARM.attributes
                0x0000055c       0x31 ./OLEDDisplay/rit128x96x4.o
 .ARM.attributes
                0x0000058d       0x31 ./OLEDDisplay/osram128x64x4.o
 .ARM.attributes
                0x000005be       0x31 ./OLEDDisplay/formike128x128x16.o
 .ARM.attributes
                0x000005ef       0x31 ./OLEDDisplay/oledDisplay.o
 .ARM.attributes
                0x00000620       0x31 ./uip/uip_arp.o
 .ARM.attributes
                0x00000651       0x31 ./uip/psock.o
 .ARM.attributes
                0x00000682       0x31 ./uip/uip_timer.o
 .ARM.attributes
                0x000006b3       0x31 ./uip/uip.o
 .ARM.attributes
                0x000006e4       0x31 ./ethernet/tcpHandler.o
 .ARM.attributes
                0x00000715       0x31 ./ethernet/ethernetTask.o
 .ARM.attributes
                0x00000746       0x31 ./ethernet/udpHandler.o
 .ARM.attributes
                0x00000777       0x31 ./muXML/muXML.o
 .ARM.attributes
                0x000007a8       0x31 ./muXML/muXMLTree.o
 .ARM.attributes
                0x000007d9       0x31 ./muXML/muXMLAccess.o
 .ARM.attributes
                0x0000080a       0x31 ./units/unit.o
 .ARM.attributes
                0x0000083b       0x31 ./units/comportUnit.o
 .ARM.attributes
                0x0000086c       0x31 ./units/buttonsUnit.o
 .ARM.attributes
                0x0000089d       0x31 main.o
 .ARM.attributes
                0x000008ce       0x31 ../../../Source/list.o
 .ARM.attributes
                0x000008ff       0x31 ../../../Source/queue.o
 .ARM.attributes
                0x00000930       0x31 ../../../Source/tasks.o
 .ARM.attributes
                0x00000961       0x31 ../../../Source/croutine.o
 .ARM.attributes
                0x00000992       0x31 ../../../Source/portable/GCC/ARM_CM3/port.o
 .ARM.attributes
                0x000009c3       0x31 ../../../Source/portable/MemMang/heap_2.o
 .ARM.attributes
                0x000009f4       0x31 startup.o
 .ARM.attributes
                0x00000a25       0x31 ./Drivers/grlib.a(context.o)
 .ARM.attributes
                0x00000a56       0x2f ./Drivers/grlib.a(fontcmss12.o)
 .ARM.attributes
                0x00000a85       0x31 ./Drivers/grlib.a(image.o)
 .ARM.attributes
                0x00000ab6       0x31 ./Drivers/grlib.a(rectangle.o)
 .ARM.attributes
                0x00000ae7       0x31 ./Drivers/grlib.a(string.o)
 .ARM.attributes
                0x00000b18       0x31 ./Drivers/grlib.a(line.o)
 .ARM.attributes
                0x00000b49       0x27 c:/programme/codesourcery/sourcery g++ lite/bin/../lib/gcc/arm-none-eabi/4.4.1/../../../../arm-none-eabi/lib/thumb2\libc.a(lib_a-memcmp.o)
 .ARM.attributes
                0x00000b70       0x27 c:/programme/codesourcery/sourcery g++ lite/bin/../lib/gcc/arm-none-eabi/4.4.1/../../../../arm-none-eabi/lib/thumb2\libc.a(lib_a-memcpy.o)
 .ARM.attributes
                0x00000b97       0x27 c:/programme/codesourcery/sourcery g++ lite/bin/../lib/gcc/arm-none-eabi/4.4.1/../../../../arm-none-eabi/lib/thumb2\libc.a(lib_a-memset.o)
 .ARM.attributes
                0x00000bbe       0x27 c:/programme/codesourcery/sourcery g++ lite/bin/../lib/gcc/arm-none-eabi/4.4.1/../../../../arm-none-eabi/lib/thumb2\libc.a(lib_a-strcat.o)
 .ARM.attributes
                0x00000be5       0x27 c:/programme/codesourcery/sourcery g++ lite/bin/../lib/gcc/arm-none-eabi/4.4.1/../../../../arm-none-eabi/lib/thumb2\libc.a(lib_a-strcmp.o)
 .ARM.attributes
                0x00000c0c       0x27 c:/programme/codesourcery/sourcery g++ lite/bin/../lib/gcc/arm-none-eabi/4.4.1/../../../../arm-none-eabi/lib/thumb2\libc.a(lib_a-strcpy.o)
 .ARM.attributes
                0x00000c33       0x27 c:/programme/codesourcery/sourcery g++ lite/bin/../lib/gcc/arm-none-eabi/4.4.1/../../../../arm-none-eabi/lib/thumb2\libc.a(lib_a-strlen.o)
 .ARM.attributes
                0x00000c5a       0x27 c:/programme/codesourcery/sourcery g++ lite/bin/../lib/gcc/arm-none-eabi/4.4.1/../../../../arm-none-eabi/lib/thumb2\libc.a(lib_a-strncpy.o)
 .ARM.attributes
                0x00000c81       0x27 c:/programme/codesourcery/sourcery g++ lite/bin/../lib/gcc/arm-none-eabi/4.4.1/../../../../arm-none-eabi/lib/thumb2\libc.a(lib_a-strstr.o)
 .ARM.attributes
                0x00000ca8       0x27 c:/programme/codesourcery/sourcery g++ lite/bin/../lib/gcc/arm-none-eabi/4.4.1/../../../../arm-none-eabi/lib/thumb2\libc.a(lib_a-memchr.o)
 .ARM.attributes
                0x00000ccf       0x27 c:/programme/codesourcery/sourcery g++ lite/bin/../lib/gcc/arm-none-eabi/4.4.1/../../../../arm-none-eabi/lib/thumb2\libc.a(lib_a-strchr.o)
