Archive member included because of file (symbol)

./Drivers/grlib.a(context.o)  ./OLEDDisplay/formike128x128x16.o (GrContextInit)
./Drivers/grlib.a(fontcmss12.o)
                              ./OLEDDisplay/formike128x128x16.o (g_sFontCmss12)
./Drivers/grlib.a(image.o)    ./OLEDDisplay/formike128x128x16.o (GrImageDraw)
./Drivers/grlib.a(rectangle.o)
                              ./OLEDDisplay/formike128x128x16.o (GrRectFill)
./Drivers/grlib.a(string.o)   ./OLEDDisplay/formike128x128x16.o (GrStringDraw)
./Drivers/grlib.a(line.o)     ./Drivers/grlib.a(rectangle.o) (GrLineDrawH)
c:/programme/codesourcery/sourcery g++ lite/bin/../lib/gcc/arm-none-eabi/4.4.1/../../../../arm-none-eabi/lib/thumb2\libc.a(lib_a-atoi.o)
                              ./uip/uip.o (atoi)
c:/programme/codesourcery/sourcery g++ lite/bin/../lib/gcc/arm-none-eabi/4.4.1/../../../../arm-none-eabi/lib/thumb2\libc.a(lib_a-atol.o)
                              ./uip/uip.o (atol)
c:/programme/codesourcery/sourcery g++ lite/bin/../lib/gcc/arm-none-eabi/4.4.1/../../../../arm-none-eabi/lib/thumb2\libc.a(lib_a-memcmp.o)
                              ../../../Source/tasks.o (memcmp)
c:/programme/codesourcery/sourcery g++ lite/bin/../lib/gcc/arm-none-eabi/4.4.1/../../../../arm-none-eabi/lib/thumb2\libc.a(lib_a-memcpy.o)
                              ./API/buttons.o (memcpy)
c:/programme/codesourcery/sourcery g++ lite/bin/../lib/gcc/arm-none-eabi/4.4.1/../../../../arm-none-eabi/lib/thumb2\libc.a(lib_a-memset.o)
                              ./uip/uip_arp.o (memset)
c:/programme/codesourcery/sourcery g++ lite/bin/../lib/gcc/arm-none-eabi/4.4.1/../../../../arm-none-eabi/lib/thumb2\libc.a(lib_a-strcat.o)
                              ../../../Source/tasks.o (strcat)
c:/programme/codesourcery/sourcery g++ lite/bin/../lib/gcc/arm-none-eabi/4.4.1/../../../../arm-none-eabi/lib/thumb2\libc.a(lib_a-strchr.o)
                              ./uip/uip.o (strchr)
c:/programme/codesourcery/sourcery g++ lite/bin/../lib/gcc/arm-none-eabi/4.4.1/../../../../arm-none-eabi/lib/thumb2\libc.a(lib_a-strcmp.o)
                              ./muXML/muXML.o (strcmp)
c:/programme/codesourcery/sourcery g++ lite/bin/../lib/gcc/arm-none-eabi/4.4.1/../../../../arm-none-eabi/lib/thumb2\libc.a(lib_a-strcpy.o)
                              ./muXML/muXMLAccess.o (strcpy)
c:/programme/codesourcery/sourcery g++ lite/bin/../lib/gcc/arm-none-eabi/4.4.1/../../../../arm-none-eabi/lib/thumb2\libc.a(lib_a-strlen.o)
                              ./OLEDDisplay/formike128x128x16.o (strlen)
c:/programme/codesourcery/sourcery g++ lite/bin/../lib/gcc/arm-none-eabi/4.4.1/../../../../arm-none-eabi/lib/thumb2\libc.a(lib_a-strncpy.o)
                              ./API/ustdlib.o (strncpy)
c:/programme/codesourcery/sourcery g++ lite/bin/../lib/gcc/arm-none-eabi/4.4.1/../../../../arm-none-eabi/lib/thumb2\libc.a(lib_a-strtol.o)
                              c:/programme/codesourcery/sourcery g++ lite/bin/../lib/gcc/arm-none-eabi/4.4.1/../../../../arm-none-eabi/lib/thumb2\libc.a(lib_a-atoi.o) (_strtol_r)
c:/programme/codesourcery/sourcery g++ lite/bin/../lib/gcc/arm-none-eabi/4.4.1/../../../../arm-none-eabi/lib/thumb2\libc.a(lib_a-strtoul.o)
                              ./units/dataAccess.o (strtoul)
c:/programme/codesourcery/sourcery g++ lite/bin/../lib/gcc/arm-none-eabi/4.4.1/../../../../arm-none-eabi/lib/thumb2\libc.a(lib_a-ctype_.o)
                              c:/programme/codesourcery/sourcery g++ lite/bin/../lib/gcc/arm-none-eabi/4.4.1/../../../../arm-none-eabi/lib/thumb2\libc.a(lib_a-strtol.o) (__ctype_ptr__)
c:/programme/codesourcery/sourcery g++ lite/bin/../lib/gcc/arm-none-eabi/4.4.1/../../../../arm-none-eabi/lib/thumb2\libc.a(lib_a-impure.o)
                              c:/programme/codesourcery/sourcery g++ lite/bin/../lib/gcc/arm-none-eabi/4.4.1/../../../../arm-none-eabi/lib/thumb2\libc.a(lib_a-strtol.o) (_impure_ptr)
c:/programme/codesourcery/sourcery g++ lite/bin/../lib/gcc/arm-none-eabi/4.4.1/thumb2\libgcc.a(_udivsi3.o)
                              c:/programme/codesourcery/sourcery g++ lite/bin/../lib/gcc/arm-none-eabi/4.4.1/../../../../arm-none-eabi/lib/thumb2\libc.a(lib_a-strtol.o) (__aeabi_uidiv)
c:/programme/codesourcery/sourcery g++ lite/bin/../lib/gcc/arm-none-eabi/4.4.1/thumb2\libgcc.a(_dvmd_tls.o)
                              c:/programme/codesourcery/sourcery g++ lite/bin/../lib/gcc/arm-none-eabi/4.4.1/thumb2\libgcc.a(_udivsi3.o) (__aeabi_idiv0)

Allocating common symbols
Common symbol       size              file

uip_len             0x2               ./uip/uip.o
uip_sappdata        0x4               ./uip/uip.o
uip_acc32           0x4               ./uip/uip.o
xQueueRegistry      0x50              ../../../Source/queue.o
uip_flags           0x1               ./uip/uip.o
uip_udp_conn        0x4               ./uip/uip.o
pcWelcomeMessage    0x19              ./OLEDDisplay/oledDisplay.o
rxBuf               0x64              ./units/comportUnit.o
[...]
Memory Configuration

Name             Origin             Length             Attributes
FLASH            0x00000000         0x00040000         xr
SRAM             0x20000000         0x00010000         xrw
*default*        0x00000000         0xffffffff

Linker script and memory map

LOAD ./Drivers/adc.o
LOAD ./Drivers/can.o
LOAD ./Drivers/comp.o
LOAD ./Drivers/cpu.o
LOAD ./Drivers/epi.o
LOAD ./Drivers/ethernet.o
LOAD ./Drivers/flash.o
LOAD ./Drivers/gpio.o
LOAD ./Drivers/hibernate.o
LOAD ./Drivers/i2c.o
LOAD ./Drivers/i2s.o
LOAD ./Drivers/interrupt.o
LOAD ./Drivers/mpu.o
LOAD ./Drivers/pwm.o
LOAD ./Drivers/qei.o
LOAD ./Drivers/ssi.o
LOAD ./Drivers/sysctl.o
LOAD ./Drivers/systick.o
LOAD ./Drivers/timer.o
LOAD ./Drivers/uart.o
LOAD ./Drivers/udma.o
LOAD ./Drivers/usb.o
LOAD ./Drivers/watchdog.o
LOAD ./API/led.o
LOAD ./API/buttons.o
LOAD ./API/comport.o
LOAD ./API/ustdlib.o
LOAD ./API/emac.o
LOAD ./OLEDDisplay/rit128x96x4.o
LOAD ./OLEDDisplay/osram128x64x4.o
LOAD ./OLEDDisplay/formike128x128x16.o
LOAD ./OLEDDisplay/oledDisplay.o
LOAD ./uip/uip_arp.o
LOAD ./uip/psock.o
LOAD ./uip/uip_timer.o
LOAD ./uip/uip.o
LOAD ./ethernet/tcpHandler.o
LOAD ./ethernet/ethernetTask.o
LOAD ./ethernet/udpHandler.o
LOAD ./muXML/muXML.o
LOAD ./muXML/muXMLTree.o
LOAD ./muXML/muXMLAccess.o
LOAD ./units/unit.o
LOAD ./units/comportUnit.o
LOAD ./units/buttonsUnit.o
LOAD ./units/unitTimer.o
LOAD ./units/dataAccess.o
LOAD main.o
LOAD ../../../Source/list.o
LOAD ../../../Source/queue.o
LOAD ../../../Source/tasks.o
LOAD ../../../Source/croutine.o
LOAD ../../../Source/portable/GCC/ARM_CM3/port.o
LOAD ../../../Source/portable/MemMang/heap_2.o
LOAD startup.o
LOAD ./Drivers/grlib.a
START GROUP
LOAD c:/programme/codesourcery/sourcery g++ lite/bin/../lib/gcc/arm-none-eabi/4.4.1/thumb2\libgcc.a
LOAD c:/programme/codesourcery/sourcery g++ lite/bin/../lib/gcc/arm-none-eabi/4.4.1/../../../../arm-none-eabi/lib/thumb2\libc.a
END GROUP

.text           0x00000000    0x1d3f8
 *(.isr_vector)
 .isr_vector    0x00000000       0xf0 startup.o
                0x00000000                g_pfnVectors
 *(.text*)
 .text          0x000000f0        0x0 ./Drivers/adc.o
 .text.ADCIntRegister
                0x000000f0       0x2c ./Drivers/adc.o
                0x000000f0                ADCIntRegister
 .text.ADCIntUnregister
                0x0000011c       0x28 ./Drivers/adc.o
                0x0000011c                ADCIntUnregister
 .text.ADCIntDisable
                0x00000144       0x38 ./Drivers/adc.o
                0x00000144                ADCIntDisable
 .text.ADCIntEnable
                0x0000017c       0x44 ./Drivers/adc.o
                0x0000017c                ADCIntEnable
 .text.ADCIntStatus
                0x000001c0       0x80 ./Drivers/adc.o
                0x000001c0                ADCIntStatus
 .text.ADCIntClear
                0x00000240       0x28 ./Drivers/adc.o
                0x00000240                ADCIntClear
 .text.ADCSequenceEnable
                0x00000268       0x2c ./Drivers/adc.o
                0x00000268                ADCSequenceEnable
 .text.ADCSequenceDisable
                0x00000294       0x30 ./Drivers/adc.o
                0x00000294                ADCSequenceDisable
 .text.ADCSequenceConfigure
                0x000002c4       0x84 ./Drivers/adc.o
                0x000002c4                ADCSequenceConfigure
 .text.ADCSequenceStepConfigure
                0x00000348      0x130 ./Drivers/adc.o
                0x00000348                ADCSequenceStepConfigure
 .text.ADCSequenceOverflow
                0x00000478       0x2c ./Drivers/adc.o
                0x00000478                ADCSequenceOverflow
 .text.ADCSequenceOverflowClear
                0x000004a4       0x28 ./Drivers/adc.o
                0x000004a4                ADCSequenceOverflowClear
 .text.ADCSequenceUnderflow
                0x000004cc       0x2c ./Drivers/adc.o
                0x000004cc                ADCSequenceUnderflow
 .text.ADCSequenceUnderflowClear
                0x000004f8       0x28 ./Drivers/adc.o
                0x000004f8                ADCSequenceUnderflowClear
 .text.ADCSequenceDataGet
                0x00000520       0x64 ./Drivers/adc.o
                0x00000520                ADCSequenceDataGet
 .text.ADCProcessorTrigger
                0x00000584       0x3c ./Drivers/adc.o
                0x00000584                ADCProcessorTrigger
 .text.ADCSoftwareOversampleConfigure
                0x000005c0       0x4c ./Drivers/adc.o
                0x000005c0                ADCSoftwareOversampleConfigure
 .text.ADCSoftwareOversampleStepConfigure
                0x0000060c       0xfc ./Drivers/adc.o
                0x0000060c                ADCSoftwareOversampleStepConfigure
 .text.ADCSoftwareOversampleDataGet
                0x00000708       0x9c ./Drivers/adc.o
                0x00000708                ADCSoftwareOversampleDataGet
 .text.ADCHardwareOversampleConfigure
                0x000007a4       0x44 ./Drivers/adc.o
                0x000007a4                ADCHardwareOversampleConfigure
 .text.ADCComparatorConfigure
                0x000007e8       0x28 ./Drivers/adc.o
                0x000007e8                ADCComparatorConfigure
 .text.ADCComparatorRegionSet
                0x00000810       0x34 ./Drivers/adc.o
                0x00000810                ADCComparatorRegionSet
 .text.ADCComparatorReset
                0x00000844       0x5c ./Drivers/adc.o
                0x00000844                ADCComparatorReset
 .text.ADCComparatorIntDisable
                0x000008a0       0x38 ./Drivers/adc.o
                0x000008a0                ADCComparatorIntDisable
 .text.ADCComparatorIntEnable
                0x000008d8       0x34 ./Drivers/adc.o
                0x000008d8                ADCComparatorIntEnable
 .text.ADCComparatorIntStatus
                0x0000090c       0x1c ./Drivers/adc.o
                0x0000090c                ADCComparatorIntStatus
 .text.ADCComparatorIntClear
                0x00000928       0x20 ./Drivers/adc.o
                0x00000928                ADCComparatorIntClear
 .text.ADCReferenceSet
                0x00000948       0x30 ./Drivers/adc.o
                0x00000948                ADCReferenceSet
 .text.ADCReferenceGet
                0x00000978       0x20 ./Drivers/adc.o
                0x00000978                ADCReferenceGet
 .text.ADCPhaseDelaySet
                0x00000998       0x20 ./Drivers/adc.o
                0x00000998                ADCPhaseDelaySet
 .text.ADCPhaseDelayGet
                0x000009b8       0x1c ./Drivers/adc.o
                0x000009b8                ADCPhaseDelayGet
 .text          0x000009d4        0x0 ./Drivers/can.o
 .text.CANIntNumberGet
                0x000009d4       0x5c ./Drivers/can.o
 .text.CANRegRead
                0x00000a30       0x80 ./Drivers/can.o
 .text.CANRegWrite
                0x00000ab0       0x30 ./Drivers/can.o
 .text.CANDataRegWrite
                0x00000ae0       0x6c ./Drivers/can.o
 .text.CANDataRegRead
                0x00000b4c       0x6c ./Drivers/can.o
 .text.CANInit  0x00000bb8       0xf4 ./Drivers/can.o
                0x00000bb8                CANInit
 .text.CANEnable
                0x00000cac       0x24 ./Drivers/can.o
                0x00000cac                CANEnable
 .text.CANDisable
                0x00000cd0       0x24 ./Drivers/can.o
                0x00000cd0                CANDisable
 .text.CANBitTimingGet
                0x00000cf4       0x80 ./Drivers/can.o
                0x00000cf4                CANBitTimingGet
 .text.CANBitRateSet
                0x00000d74      0x100 ./Drivers/can.o
                0x00000d74                CANBitRateSet
 .text.CANBitTimingSet
                0x00000e74       0xd0 ./Drivers/can.o
                0x00000e74                CANBitTimingSet
 .text.CANIntRegister
                0x00000f44       0x2c ./Drivers/can.o
                0x00000f44                CANIntRegister
 .text.CANIntUnregister
                0x00000f70       0x28 ./Drivers/can.o
                0x00000f70                CANIntUnregister
 .text.CANIntEnable
                0x00000f98       0x28 ./Drivers/can.o
                0x00000f98                CANIntEnable
 .text.CANIntDisable
                0x00000fc0       0x2c ./Drivers/can.o
                0x00000fc0                CANIntDisable
 .text.CANIntStatus
                0x00000fec       0x70 ./Drivers/can.o
                0x00000fec                CANIntStatus
 .text.CANIntClear
                0x0000105c       0x78 ./Drivers/can.o
                0x0000105c                CANIntClear
 .text.CANRetrySet
                0x000010d4       0x40 ./Drivers/can.o
                0x000010d4                CANRetrySet
 .text.CANRetryGet
                0x00001114       0x2c ./Drivers/can.o
                0x00001114                CANRetryGet
 .text.CANStatusGet
                0x00001140       0xe0 ./Drivers/can.o
                0x00001140                CANStatusGet
 .text.CANErrCntrGet
                0x00001220       0x54 ./Drivers/can.o
                0x00001220                CANErrCntrGet
 .text.CANMessageSet
                0x00001274      0x2ec ./Drivers/can.o
                0x00001274                CANMessageSet
 .text.CANMessageGet
                0x00001560      0x2bc ./Drivers/can.o
                0x00001560                CANMessageGet
 .text.CANMessageClear
                0x0000181c       0x6c ./Drivers/can.o
                0x0000181c                CANMessageClear
 .text          0x00001888        0x0 ./Drivers/comp.o
 .text.ComparatorConfigure
                0x00001888       0x28 ./Drivers/comp.o
                0x00001888                ComparatorConfigure
 .text.ComparatorRefSet
                0x000018b0       0x20 ./Drivers/comp.o
                0x000018b0                ComparatorRefSet
 .text.ComparatorValueGet
                0x000018d0       0x38 ./Drivers/comp.o
                0x000018d0                ComparatorValueGet
 .text.ComparatorIntRegister
                0x00001908       0x4c ./Drivers/comp.o
                0x00001908                ComparatorIntRegister
 .text.ComparatorIntUnregister
                0x00001954       0x4c ./Drivers/comp.o
                0x00001954                ComparatorIntUnregister
 .text.ComparatorIntEnable
                0x000019a0       0x34 ./Drivers/comp.o
                0x000019a0                ComparatorIntEnable
 .text.ComparatorIntDisable
                0x000019d4       0x38 ./Drivers/comp.o
                0x000019d4                ComparatorIntDisable
 .text.ComparatorIntStatus
                0x00001a0c       0x48 ./Drivers/comp.o
                0x00001a0c                ComparatorIntStatus
 .text.ComparatorIntClear
                0x00001a54       0x24 ./Drivers/comp.o
                0x00001a54                ComparatorIntClear
 .text          0x00001a78        0x0 ./Drivers/cpu.o
 .text.CPUcpsid
                0x00001a78        0xc ./Drivers/cpu.o
                0x00001a78                CPUcpsid
 .text.CPUcpsie
                0x00001a84        0xc ./Drivers/cpu.o
                0x00001a84                CPUcpsie
 .text.CPUwfi   0x00001a90        0x4 ./Drivers/cpu.o
                0x00001a90                CPUwfi
 .text          0x00001a94        0x0 ./Drivers/epi.o
 .text.EPIModeSet
                0x00001a94       0x1c ./Drivers/epi.o
                0x00001a94                EPIModeSet
 .text.EPIDividerSet
                0x00001ab0       0x20 ./Drivers/epi.o
                0x00001ab0                EPIDividerSet
 .text.EPIConfigSDRAMSet
                0x00001ad0       0x3c ./Drivers/epi.o
                0x00001ad0                EPIConfigSDRAMSet
 .text.EPIConfigHB8Set
                0x00001b0c       0x7c ./Drivers/epi.o
                0x00001b0c                EPIConfigHB8Set
 .text.EPIConfigGPModeSet
                0x00001b88       0x6c ./Drivers/epi.o
                0x00001b88                EPIConfigGPModeSet
 .text.EPIAddressMapSet
                0x00001bf4       0x20 ./Drivers/epi.o
                0x00001bf4                EPIAddressMapSet
 .text.EPINonBlockingReadConfigure
                0x00001c14       0x3c ./Drivers/epi.o
                0x00001c14                EPINonBlockingReadConfigure
 .text.EPINonBlockingReadStart
                0x00001c50       0x2c ./Drivers/epi.o
                0x00001c50                EPINonBlockingReadStart
 .text.EPINonBlockingReadStop
                0x00001c7c       0x2c ./Drivers/epi.o
                0x00001c7c                EPINonBlockingReadStop
 .text.EPINonBlockingReadCount
                0x00001ca8       0x2c ./Drivers/epi.o
                0x00001ca8                EPINonBlockingReadCount
 .text.EPINonBlockingReadAvail
                0x00001cd4       0x1c ./Drivers/epi.o
                0x00001cd4                EPINonBlockingReadAvail
 .text.EPINonBlockingReadGet32
                0x00001cf0       0x64 ./Drivers/epi.o
                0x00001cf0                EPINonBlockingReadGet32
 .text.EPINonBlockingReadGet16
                0x00001d54       0x64 ./Drivers/epi.o
                0x00001d54                EPINonBlockingReadGet16
 .text.EPINonBlockingReadGet8
                0x00001db8       0x64 ./Drivers/epi.o
                0x00001db8                EPINonBlockingReadGet8
 .text.EPIFIFOConfig
                0x00001e1c       0x20 ./Drivers/epi.o
                0x00001e1c                EPIFIFOConfig
 .text.EPIWriteFIFOCountGet
                0x00001e3c       0x1c ./Drivers/epi.o
                0x00001e3c                EPIWriteFIFOCountGet
 .text.EPIIntEnable
                0x00001e58       0x2c ./Drivers/epi.o
                0x00001e58                EPIIntEnable
 .text.EPIIntDisable
                0x00001e84       0x30 ./Drivers/epi.o
                0x00001e84                EPIIntDisable
 .text.EPIIntStatus
                0x00001eb4       0x30 ./Drivers/epi.o
                0x00001eb4                EPIIntStatus
 .text.EPIIntErrorStatus
                0x00001ee4       0x1c ./Drivers/epi.o
                0x00001ee4                EPIIntErrorStatus
 .text.EPIIntErrorClear
                0x00001f00       0x20 ./Drivers/epi.o
                0x00001f00                EPIIntErrorClear
 .text.EPIIntRegister
                0x00001f20       0x24 ./Drivers/epi.o
                0x00001f20                EPIIntRegister
 .text.EPIIntUnregister
                0x00001f44       0x20 ./Drivers/epi.o
                0x00001f44                EPIIntUnregister
 .text          0x00001f64        0x0 ./Drivers/ethernet.o
 .text.EthernetInitExpClk
                0x00001f64       0x38 ./Drivers/ethernet.o
                0x00001f64                EthernetInitExpClk
 .text.EthernetConfigSet
                0x00001f9c       0x9c ./Drivers/ethernet.o
                0x00001f9c                EthernetConfigSet
 .text.EthernetConfigGet
                0x00002038       0x50 ./Drivers/ethernet.o
                0x00002038                EthernetConfigGet
 .text.EthernetMACAddrSet
                0x00002088       0x88 ./Drivers/ethernet.o
                0x00002088                EthernetMACAddrSet
 .text.EthernetMACAddrGet
                0x00002110       0x84 ./Drivers/ethernet.o
                0x00002110                EthernetMACAddrGet
 .text.EthernetEnable
                0x00002194       0x64 ./Drivers/ethernet.o
                0x00002194                EthernetEnable
 .text.EthernetDisable
                0x000021f8       0x64 ./Drivers/ethernet.o
                0x000021f8                EthernetDisable
 .text.EthernetPacketAvail
                0x0000225c       0x28 ./Drivers/ethernet.o
                0x0000225c                EthernetPacketAvail
 .text.EthernetSpaceAvail
                0x00002284       0x30 ./Drivers/ethernet.o
                0x00002284                EthernetSpaceAvail
 .text.EthernetPacketGetInternal
                0x000022b4      0x1b4 ./Drivers/ethernet.o
 .text.EthernetPacketGetNonBlocking
                0x00002468       0x38 ./Drivers/ethernet.o
                0x00002468                EthernetPacketGetNonBlocking
 .text.EthernetPacketGet
                0x000024a0       0x34 ./Drivers/ethernet.o
                0x000024a0                EthernetPacketGet
 .text.EthernetPacketPutInternal
                0x000024d4      0x188 ./Drivers/ethernet.o
 .text.EthernetPacketPutNonBlocking
                0x0000265c       0x3c ./Drivers/ethernet.o
                0x0000265c                EthernetPacketPutNonBlocking
 .text.EthernetPacketPut
                0x00002698       0x34 ./Drivers/ethernet.o
                0x00002698                EthernetPacketPut
 .text.EthernetIntRegister
                0x000026cc       0x24 ./Drivers/ethernet.o
                0x000026cc                EthernetIntRegister
 .text.EthernetIntUnregister
                0x000026f0       0x20 ./Drivers/ethernet.o
                0x000026f0                EthernetIntUnregister
 .text.EthernetIntEnable
                0x00002710       0x2c ./Drivers/ethernet.o
                0x00002710                EthernetIntEnable
 .text.EthernetIntDisable
                0x0000273c       0x30 ./Drivers/ethernet.o
                0x0000273c                EthernetIntDisable
 .text.EthernetIntStatus
                0x0000276c       0x38 ./Drivers/ethernet.o
                0x0000276c                EthernetIntStatus
 .text.EthernetIntClear
                0x000027a4       0x1c ./Drivers/ethernet.o
                0x000027a4                EthernetIntClear
 .text.EthernetPHYWrite
                0x000027c0       0x68 ./Drivers/ethernet.o
                0x000027c0                EthernetPHYWrite
 .text.EthernetPHYRead
                0x00002828       0x64 ./Drivers/ethernet.o
                0x00002828                EthernetPHYRead
 .text          0x0000288c        0x0 ./Drivers/flash.o
 .text.FlashUsecGet
                0x0000288c       0x1c ./Drivers/flash.o
                0x0000288c                FlashUsecGet
 .text.FlashUsecSet
                0x000028a8       0x24 ./Drivers/flash.o
                0x000028a8                FlashUsecSet
 .text.FlashErase
                0x000028cc       0x70 ./Drivers/flash.o
                0x000028cc                FlashErase
 .text.FlashProgram
                0x0000293c      0x144 ./Drivers/flash.o
                0x0000293c                FlashProgram
 .text.FlashProtectGet
                0x00002a80       0xfc ./Drivers/flash.o
                0x00002a80                FlashProtectGet
 .text.FlashProtectSet
                0x00002b7c      0x20c ./Drivers/flash.o
                0x00002b7c                FlashProtectSet
 .text.FlashProtectSave
                0x00002d88       0x98 ./Drivers/flash.o
                0x00002d88                FlashProtectSave
 .text.FlashUserGet
                0x00002e20       0x6c ./Drivers/flash.o
                0x00002e20                FlashUserGet
 .text.FlashUserSet
                0x00002e8c       0x68 ./Drivers/flash.o
                0x00002e8c                FlashUserSet
 .text.FlashUserSave
                0x00002ef4       0xac ./Drivers/flash.o
                0x00002ef4                FlashUserSave
 .text.FlashIntRegister
                0x00002fa0       0x24 ./Drivers/flash.o
                0x00002fa0                FlashIntRegister
 .text.FlashIntUnregister
                0x00002fc4       0x18 ./Drivers/flash.o
                0x00002fc4                FlashIntUnregister
 .text.FlashIntEnable
                0x00002fdc       0x2c ./Drivers/flash.o
                0x00002fdc                FlashIntEnable
 .text.FlashIntDisable
                0x00003008       0x30 ./Drivers/flash.o
                0x00003008                FlashIntDisable
 .text.FlashIntStatus
                0x00003038       0x34 ./Drivers/flash.o
                0x00003038                FlashIntStatus
 .text.FlashIntClear
                0x0000306c       0x20 ./Drivers/flash.o
                0x0000306c                FlashIntClear
 .text          0x0000308c        0x0 ./Drivers/gpio.o
 .text.GPIOE_ISR
                0x0000308c       0xbc ./Drivers/gpio.o
                0x0000308c                GPIOE_ISR
 .text.GPIOF_ISR
                0x00003148       0xbc ./Drivers/gpio.o
                0x00003148                GPIOF_ISR
 .text.vInit    0x00003204       0xa8 ./Drivers/gpio.o
 .text.GPIOGetIntNumber
                0x000032ac      0x198 ./Drivers/gpio.o
 .text.GPIODirModeSet
                0x00003444       0x88 ./Drivers/gpio.o
                0x00003444                GPIODirModeSet
 .text.GPIODirModeGet
                0x000034cc       0x64 ./Drivers/gpio.o
                0x000034cc                GPIODirModeGet
 .text.GPIOIntTypeSet
                0x00003530       0xd4 ./Drivers/gpio.o
                0x00003530                GPIOIntTypeSet
 .text.GPIOIntTypeGet
                0x00003604       0x90 ./Drivers/gpio.o
                0x00003604                GPIOIntTypeGet
 .text.GPIOPadConfigSet
                0x00003694      0x230 ./Drivers/gpio.o
                0x00003694                GPIOPadConfigSet
 .text.GPIOPadConfigGet
                0x000038c4      0x150 ./Drivers/gpio.o
                0x000038c4                GPIOPadConfigGet
 .text.GPIOPinIntEnable
                0x00003a14       0x2c ./Drivers/gpio.o
                0x00003a14                GPIOPinIntEnable
 .text.GPIOPinIntDisable
                0x00003a40       0x30 ./Drivers/gpio.o
                0x00003a40                GPIOPinIntDisable
 .text.GPIOPinIntStatus
                0x00003a70       0x34 ./Drivers/gpio.o
                0x00003a70                GPIOPinIntStatus
 .text.GPIOPinIntClear
                0x00003aa4       0x24 ./Drivers/gpio.o
                0x00003aa4                GPIOPinIntClear
 .text.GPIOPortIntRegister
                0x00003ac8       0xb8 ./Drivers/gpio.o
                0x00003ac8                GPIOPortIntRegister
 .text.GPIOPortIntUnregister
                0x00003b80       0x28 ./Drivers/gpio.o
                0x00003b80                GPIOPortIntUnregister
 .text.GPIOPinRead
                0x00003ba8       0x28 ./Drivers/gpio.o
                0x00003ba8                GPIOPinRead
 .text.GPIOPinWrite
                0x00003bd0       0x2c ./Drivers/gpio.o
                0x00003bd0                GPIOPinWrite
 .text.GPIOPinTypeADC
                0x00003bfc       0x34 ./Drivers/gpio.o
                0x00003bfc                GPIOPinTypeADC
 .text.GPIOPinTypeCAN
                0x00003c30       0x34 ./Drivers/gpio.o
                0x00003c30                GPIOPinTypeCAN
 .text.GPIOPinTypeComparator
                0x00003c64       0x34 ./Drivers/gpio.o
                0x00003c64                GPIOPinTypeComparator
 .text.GPIOPinTypeGPIOInput
                0x00003c98       0x34 ./Drivers/gpio.o
                0x00003c98                GPIOPinTypeGPIOInput
 .text.GPIOPinTypeGPIOOutput
                0x00003ccc       0x34 ./Drivers/gpio.o
                0x00003ccc                GPIOPinTypeGPIOOutput
 .text.GPIOPinTypeGPIOOutputOD
                0x00003d00       0x34 ./Drivers/gpio.o
                0x00003d00                GPIOPinTypeGPIOOutputOD
 .text.GPIOPinTypeI2C
                0x00003d34       0x34 ./Drivers/gpio.o
                0x00003d34                GPIOPinTypeI2C
 .text.GPIOPinTypePWM
                0x00003d68       0x34 ./Drivers/gpio.o
                0x00003d68                GPIOPinTypePWM
 .text.GPIOPinTypeQEI
                0x00003d9c       0x34 ./Drivers/gpio.o
                0x00003d9c                GPIOPinTypeQEI
 .text.GPIOPinTypeSSI
                0x00003dd0       0x34 ./Drivers/gpio.o
                0x00003dd0                GPIOPinTypeSSI
 .text.GPIOPinTypeTimer
                0x00003e04       0x34 ./Drivers/gpio.o
                0x00003e04                GPIOPinTypeTimer
 .text.GPIOPinTypeUART
                0x00003e38       0x34 ./Drivers/gpio.o
                0x00003e38                GPIOPinTypeUART
 .text.GPIOPinTypeUSBDigital
                0x00003e6c       0x34 ./Drivers/gpio.o
                0x00003e6c                GPIOPinTypeUSBDigital
 .text.GPIOPinTypeUSBAnalog
                0x00003ea0       0x34 ./Drivers/gpio.o
                0x00003ea0                GPIOPinTypeUSBAnalog
 .text.GPIOPinTypeI2S
                0x00003ed4       0x34 ./Drivers/gpio.o
                0x00003ed4                GPIOPinTypeI2S
 .text.GPIOPinTypeEthernetLED
                0x00003f08       0x34 ./Drivers/gpio.o
                0x00003f08                GPIOPinTypeEthernetLED
 .text.GPIOPinTypeEPI
                0x00003f3c       0x34 ./Drivers/gpio.o
                0x00003f3c                GPIOPinTypeEPI
 .text.GPIOPinConfigure
                0x00003f70       0xb0 ./Drivers/gpio.o
                0x00003f70                GPIOPinConfigure
 .text          0x00004020        0x0 ./Drivers/hibernate.o
 .text.HibernateWriteComplete
                0x00004020       0x18 ./Drivers/hibernate.o
                0x00004020                HibernateWriteComplete
 .text.HibernateEnableExpClk
                0x00004038       0xa0 ./Drivers/hibernate.o
                0x00004038                HibernateEnableExpClk
 .text.HibernateDisable
                0x000040d8       0x24 ./Drivers/hibernate.o
                0x000040d8                HibernateDisable
 .text.HibernateClockSelect
                0x000040fc       0x30 ./Drivers/hibernate.o
                0x000040fc                HibernateClockSelect
 .text.HibernateRTCEnable
                0x0000412c       0x24 ./Drivers/hibernate.o
                0x0000412c                HibernateRTCEnable
 .text.HibernateRTCDisable
                0x00004150       0x24 ./Drivers/hibernate.o
                0x00004150                HibernateRTCDisable
 .text.HibernateWakeSet
                0x00004174       0x30 ./Drivers/hibernate.o
                0x00004174                HibernateWakeSet
 .text.HibernateWakeGet
                0x000041a4       0x1c ./Drivers/hibernate.o
                0x000041a4                HibernateWakeGet
 .text.HibernateLowBatSet
                0x000041c0       0x30 ./Drivers/hibernate.o
                0x000041c0                HibernateLowBatSet
 .text.HibernateLowBatGet
                0x000041f0       0x1c ./Drivers/hibernate.o
                0x000041f0                HibernateLowBatGet
 .text.HibernateRTCSet
                0x0000420c       0x54 ./Drivers/hibernate.o
                0x0000420c                HibernateRTCSet
 .text.HibernateRTCGet
                0x00004260       0x18 ./Drivers/hibernate.o
                0x00004260                HibernateRTCGet
 .text.HibernateRTCMatch0Set
                0x00004278       0x54 ./Drivers/hibernate.o
                0x00004278                HibernateRTCMatch0Set
 .text.HibernateRTCMatch0Get
                0x000042cc       0x18 ./Drivers/hibernate.o
                0x000042cc                HibernateRTCMatch0Get
 .text.HibernateRTCMatch1Set
                0x000042e4       0x54 ./Drivers/hibernate.o
                0x000042e4                HibernateRTCMatch1Set
 .text.HibernateRTCMatch1Get
                0x00004338       0x18 ./Drivers/hibernate.o
                0x00004338                HibernateRTCMatch1Get
 .text.HibernateRTCTrimSet
                0x00004350       0x54 ./Drivers/hibernate.o
                0x00004350                HibernateRTCTrimSet
 .text.HibernateRTCTrimGet
                0x000043a4       0x18 ./Drivers/hibernate.o
                0x000043a4                HibernateRTCTrimGet
 .text.HibernateDataSet
                0x000043bc       0x80 ./Drivers/hibernate.o
                0x000043bc                HibernateDataSet
 .text.HibernateDataGet
                0x0000443c       0x4c ./Drivers/hibernate.o
                0x0000443c                HibernateDataGet
 .text.HibernateRequest
                0x00004488       0x24 ./Drivers/hibernate.o
                0x00004488                HibernateRequest
 .text.HibernateIntEnable
                0x000044ac       0x2c ./Drivers/hibernate.o
                0x000044ac                HibernateIntEnable
 .text.HibernateIntDisable
                0x000044d8       0x30 ./Drivers/hibernate.o
                0x000044d8                HibernateIntDisable
 .text.HibernateIntRegister
                0x00004508       0x24 ./Drivers/hibernate.o
                0x00004508                HibernateIntRegister
 .text.HibernateIntUnregister
                0x0000452c       0x18 ./Drivers/hibernate.o
                0x0000452c                HibernateIntUnregister
 .text.HibernateIntStatus
                0x00004544       0x3c ./Drivers/hibernate.o
                0x00004544                HibernateIntStatus
 .text.HibernateIntClear
                0x00004580       0x2c ./Drivers/hibernate.o
                0x00004580                HibernateIntClear
 .text.HibernateIsActive
                0x000045ac       0x24 ./Drivers/hibernate.o
                0x000045ac                HibernateIsActive
 .text          0x000045d0        0x0 ./Drivers/i2c.o
 .text.I2CMasterInitExpClk
                0x000045d0       0x74 ./Drivers/i2c.o
                0x000045d0                I2CMasterInitExpClk
 .text.I2CSlaveInit
                0x00004644       0x20 ./Drivers/i2c.o
                0x00004644                I2CSlaveInit
 .text.I2CMasterEnable
                0x00004664       0x28 ./Drivers/i2c.o
                0x00004664                I2CMasterEnable
 .text.I2CSlaveEnable
                0x0000468c       0x34 ./Drivers/i2c.o
                0x0000468c                I2CSlaveEnable
 .text.I2CMasterDisable
                0x000046c0       0x28 ./Drivers/i2c.o
                0x000046c0                I2CMasterDisable
 .text.I2CSlaveDisable
                0x000046e8       0x34 ./Drivers/i2c.o
                0x000046e8                I2CSlaveDisable
 .text.I2CIntRegister
                0x0000471c       0x3c ./Drivers/i2c.o
                0x0000471c                I2CIntRegister
 .text.I2CIntUnregister
                0x00004758       0x38 ./Drivers/i2c.o
                0x00004758                I2CIntUnregister
 .text.I2CMasterIntEnable
                0x00004790       0x20 ./Drivers/i2c.o
                0x00004790                I2CMasterIntEnable
 .text.I2CSlaveIntEnable
                0x000047b0       0x28 ./Drivers/i2c.o
                0x000047b0                I2CSlaveIntEnable
 .text.I2CSlaveIntEnableEx
                0x000047d8       0x2c ./Drivers/i2c.o
                0x000047d8                I2CSlaveIntEnableEx
 .text.I2CMasterIntDisable
                0x00004804       0x20 ./Drivers/i2c.o
                0x00004804                I2CMasterIntDisable
 .text.I2CSlaveIntDisable
                0x00004824       0x28 ./Drivers/i2c.o
                0x00004824                I2CSlaveIntDisable
 .text.I2CSlaveIntDisableEx
                0x0000484c       0x30 ./Drivers/i2c.o
                0x0000484c                I2CSlaveIntDisableEx
 .text.I2CMasterIntStatus
                0x0000487c       0x40 ./Drivers/i2c.o
                0x0000487c                I2CMasterIntStatus
 .text.I2CSlaveIntStatus
                0x000048bc       0x40 ./Drivers/i2c.o
                0x000048bc                I2CSlaveIntStatus
 .text.I2CSlaveIntStatusEx
                0x000048fc       0x84 ./Drivers/i2c.o
                0x000048fc                I2CSlaveIntStatusEx
 .text.I2CMasterIntClear
                0x00004980       0x2c ./Drivers/i2c.o
                0x00004980                I2CMasterIntClear
 .text.I2CSlaveIntClear
                0x000049ac       0x20 ./Drivers/i2c.o
                0x000049ac                I2CSlaveIntClear
 .text.I2CSlaveIntClearEx
                0x000049cc       0x20 ./Drivers/i2c.o
                0x000049cc                I2CSlaveIntClearEx
 .text.I2CMasterSlaveAddrSet
                0x000049ec       0x2c ./Drivers/i2c.o
                0x000049ec                I2CMasterSlaveAddrSet
 .text.I2CMasterBusy
                0x00004a18       0x30 ./Drivers/i2c.o
                0x00004a18                I2CMasterBusy
 .text.I2CMasterBusBusy
                0x00004a48       0x30 ./Drivers/i2c.o
                0x00004a48                I2CMasterBusBusy
 .text.I2CMasterControl
                0x00004a78       0x20 ./Drivers/i2c.o
                0x00004a78                I2CMasterControl
 .text.I2CMasterErr
                0x00004a98       0x48 ./Drivers/i2c.o
                0x00004a98                I2CMasterErr
 .text.I2CMasterDataPut
                0x00004ae0       0x20 ./Drivers/i2c.o
                0x00004ae0                I2CMasterDataPut
 .text.I2CMasterDataGet
                0x00004b00       0x1c ./Drivers/i2c.o
                0x00004b00                I2CMasterDataGet
 .text.I2CSlaveStatus
                0x00004b1c       0x1c ./Drivers/i2c.o
                0x00004b1c                I2CSlaveStatus
 .text.I2CSlaveDataPut
                0x00004b38       0x20 ./Drivers/i2c.o
                0x00004b38                I2CSlaveDataPut
 .text.I2CSlaveDataGet
                0x00004b58       0x1c ./Drivers/i2c.o
                0x00004b58                I2CSlaveDataGet
 .text          0x00004b74        0x0 ./Drivers/i2s.o
 .text.I2STxEnable
                0x00004b74       0x34 ./Drivers/i2s.o
                0x00004b74                I2STxEnable
 .text.I2STxDisable
                0x00004ba8       0x28 ./Drivers/i2s.o
                0x00004ba8                I2STxDisable
 .text.I2STxDataPut
                0x00004bd0       0x28 ./Drivers/i2s.o
                0x00004bd0                I2STxDataPut
 .text.I2STxDataPutNonBlocking
                0x00004bf8       0x34 ./Drivers/i2s.o
                0x00004bf8                I2STxDataPutNonBlocking
 .text.I2STxConfigSet
                0x00004c2c       0x4c ./Drivers/i2s.o
                0x00004c2c                I2STxConfigSet
 .text.I2STxFIFOLimitSet
                0x00004c78       0x20 ./Drivers/i2s.o
                0x00004c78                I2STxFIFOLimitSet
 .text.I2STxFIFOLimitGet
                0x00004c98       0x1c ./Drivers/i2s.o
                0x00004c98                I2STxFIFOLimitGet
 .text.I2STxFIFOLevelGet
                0x00004cb4       0x1c ./Drivers/i2s.o
                0x00004cb4                I2STxFIFOLevelGet
 .text.I2SRxEnable
                0x00004cd0       0x34 ./Drivers/i2s.o
                0x00004cd0                I2SRxEnable
 .text.I2SRxDisable
                0x00004d04       0x28 ./Drivers/i2s.o
                0x00004d04                I2SRxDisable
 .text.I2SRxDataGet
                0x00004d2c       0x30 ./Drivers/i2s.o
                0x00004d2c                I2SRxDataGet
 .text.I2SRxDataGetNonBlocking
                0x00004d5c       0x3c ./Drivers/i2s.o
                0x00004d5c                I2SRxDataGetNonBlocking
 .text.I2SRxConfigSet
                0x00004d98       0x90 ./Drivers/i2s.o
                0x00004d98                I2SRxConfigSet
 .text.I2SRxFIFOLimitSet
                0x00004e28       0x24 ./Drivers/i2s.o
                0x00004e28                I2SRxFIFOLimitSet
 .text.I2SRxFIFOLimitGet
                0x00004e4c       0x2c ./Drivers/i2s.o
                0x00004e4c                I2SRxFIFOLimitGet
 .text.I2SRxFIFOLevelGet
                0x00004e78       0x20 ./Drivers/i2s.o
                0x00004e78                I2SRxFIFOLevelGet
 .text.I2STxRxEnable
                0x00004e98       0x40 ./Drivers/i2s.o
                0x00004e98                I2STxRxEnable
 .text.I2STxRxDisable
                0x00004ed8       0x28 ./Drivers/i2s.o
                0x00004ed8                I2STxRxDisable
 .text.I2STxRxConfigSet
                0x00004f00       0xb8 ./Drivers/i2s.o
                0x00004f00                I2STxRxConfigSet
 .text.I2SMasterClockSelect
                0x00004fb8       0x34 ./Drivers/i2s.o
                0x00004fb8                I2SMasterClockSelect
 .text.I2SIntEnable
                0x00004fec       0x2c ./Drivers/i2s.o
                0x00004fec                I2SIntEnable
 .text.I2SIntDisable
                0x00005018       0x30 ./Drivers/i2s.o
                0x00005018                I2SIntDisable
 .text.I2SIntStatus
                0x00005048       0x38 ./Drivers/i2s.o
                0x00005048                I2SIntStatus
 .text.I2SIntClear
                0x00005080       0x24 ./Drivers/i2s.o
                0x00005080                I2SIntClear
 .text.I2SIntRegister
                0x000050a4       0x24 ./Drivers/i2s.o
                0x000050a4                I2SIntRegister
 .text.I2SIntUnregister
                0x000050c8       0x20 ./Drivers/i2s.o
                0x000050c8                I2SIntUnregister
 .text          0x000050e8        0x0 ./Drivers/interrupt.o
 .text.IntDefaultHandler
                0x000050e8        0x8 ./Drivers/interrupt.o
 .text.IntMasterEnable
                0x000050f0       0x14 ./Drivers/interrupt.o
                0x000050f0                IntMasterEnable
 .text.IntMasterDisable
                0x00005104       0x14 ./Drivers/interrupt.o
                0x00005104                IntMasterDisable
 .text.IntRegister
                0x00005118       0x8c ./Drivers/interrupt.o
                0x00005118                IntRegister
 .text.IntUnregister
                0x000051a4       0x28 ./Drivers/interrupt.o
                0x000051a4                IntUnregister
 .text.IntPriorityGroupingSet
                0x000051cc       0x34 ./Drivers/interrupt.o
                0x000051cc                IntPriorityGroupingSet
 .text.IntPriorityGroupingGet
                0x00005200       0x54 ./Drivers/interrupt.o
                0x00005200                IntPriorityGroupingGet
 .text.IntPrioritySet
                0x00005254       0x78 ./Drivers/interrupt.o
                0x00005254                IntPrioritySet
 .text.IntPriorityGet
                0x000052cc       0x3c ./Drivers/interrupt.o
                0x000052cc                IntPriorityGet
 .text.IntEnable
                0x00005308       0xd8 ./Drivers/interrupt.o
                0x00005308                IntEnable
 .text.IntDisable
                0x000053e0       0xd8 ./Drivers/interrupt.o
                0x000053e0                IntDisable
 .text.IntPendSet
                0x000054b8       0xb8 ./Drivers/interrupt.o
                0x000054b8                IntPendSet
 .text.IntPendClear
                0x00005570       0x98 ./Drivers/interrupt.o
                0x00005570                IntPendClear
 .text          0x00005608        0x0 ./Drivers/mpu.o
 .text.MPUEnable
                0x00005608       0x24 ./Drivers/mpu.o
                0x00005608                MPUEnable
 .text.MPUDisable
                0x0000562c       0x24 ./Drivers/mpu.o
                0x0000562c                MPUDisable
 .text.MPURegionCountGet
                0x00005650       0x20 ./Drivers/mpu.o
                0x00005650                MPURegionCountGet
 .text.MPURegionEnable
                0x00005670       0x38 ./Drivers/mpu.o
                0x00005670                MPURegionEnable
 .text.MPURegionDisable
                0x000056a8       0x38 ./Drivers/mpu.o
                0x000056a8                MPURegionDisable
 .text.MPURegionSet
                0x000056e0       0x40 ./Drivers/mpu.o
                0x000056e0                MPURegionSet
 .text.MPURegionGet
                0x00005720       0x40 ./Drivers/mpu.o
                0x00005720                MPURegionGet
 .text.MPUIntRegister
                0x00005760       0x24 ./Drivers/mpu.o
                0x00005760                MPUIntRegister
 .text.MPUIntUnregister
                0x00005784       0x18 ./Drivers/mpu.o
                0x00005784                MPUIntUnregister
 .text          0x0000579c        0x0 ./Drivers/pwm.o
 .text.PWMGenConfigure
                0x0000579c       0x74 ./Drivers/pwm.o
                0x0000579c                PWMGenConfigure
 .text.PWMGenPeriodSet
                0x00005810       0x48 ./Drivers/pwm.o
                0x00005810                PWMGenPeriodSet
 .text.PWMGenPeriodGet
                0x00005858       0x44 ./Drivers/pwm.o
                0x00005858                PWMGenPeriodGet
 .text.PWMGenEnable
                0x0000589c       0x28 ./Drivers/pwm.o
                0x0000589c                PWMGenEnable
 .text.PWMGenDisable
                0x000058c4       0x28 ./Drivers/pwm.o
                0x000058c4                PWMGenDisable
 .text.PWMPulseWidthSet
                0x000058ec       0x6c ./Drivers/pwm.o
                0x000058ec                PWMPulseWidthSet
 .text.PWMPulseWidthGet
                0x00005958       0x70 ./Drivers/pwm.o
                0x00005958                PWMPulseWidthGet
 .text.PWMDeadBandEnable
                0x000059c8       0x48 ./Drivers/pwm.o
                0x000059c8                PWMDeadBandEnable
 .text.PWMDeadBandDisable
                0x00005a10       0x30 ./Drivers/pwm.o
                0x00005a10                PWMDeadBandDisable
 .text.PWMSyncUpdate
                0x00005a40       0x1c ./Drivers/pwm.o
                0x00005a40                PWMSyncUpdate
 .text.PWMSyncTimeBase
                0x00005a5c       0x20 ./Drivers/pwm.o
                0x00005a5c                PWMSyncTimeBase
 .text.PWMOutputState
                0x00005a7c       0x50 ./Drivers/pwm.o
                0x00005a7c                PWMOutputState
 .text.PWMOutputInvert
                0x00005acc       0x50 ./Drivers/pwm.o
                0x00005acc                PWMOutputInvert
 .text.PWMOutputFaultLevel
                0x00005b1c       0x50 ./Drivers/pwm.o
                0x00005b1c                PWMOutputFaultLevel
 .text.PWMOutputFault
                0x00005b6c       0x50 ./Drivers/pwm.o
                0x00005b6c                PWMOutputFault
 .text.PWMGenIntRegister
                0x00005bbc       0x40 ./Drivers/pwm.o
                0x00005bbc                PWMGenIntRegister
 .text.PWMGenIntUnregister
                0x00005bfc       0x3c ./Drivers/pwm.o
                0x00005bfc                PWMGenIntUnregister
 .text.PWMFaultIntRegister
                0x00005c38       0x24 ./Drivers/pwm.o
                0x00005c38                PWMFaultIntRegister
 .text.PWMFaultIntUnregister
                0x00005c5c       0x20 ./Drivers/pwm.o
                0x00005c5c                PWMFaultIntUnregister
 .text.PWMGenIntTrigEnable
                0x00005c7c       0x34 ./Drivers/pwm.o
                0x00005c7c                PWMGenIntTrigEnable
 .text.PWMGenIntTrigDisable
                0x00005cb0       0x38 ./Drivers/pwm.o
                0x00005cb0                PWMGenIntTrigDisable
 .text.PWMGenIntStatus
                0x00005ce8       0x3c ./Drivers/pwm.o
                0x00005ce8                PWMGenIntStatus
 .text.PWMGenIntClear
                0x00005d24       0x24 ./Drivers/pwm.o
                0x00005d24                PWMGenIntClear
 .text.PWMIntEnable
                0x00005d48       0x2c ./Drivers/pwm.o
                0x00005d48                PWMIntEnable
 .text.PWMIntDisable
                0x00005d74       0x30 ./Drivers/pwm.o
                0x00005d74                PWMIntDisable
 .text.PWMFaultIntClear
                0x00005da4       0x20 ./Drivers/pwm.o
                0x00005da4                PWMFaultIntClear
 .text.PWMIntStatus
                0x00005dc4       0x30 ./Drivers/pwm.o
                0x00005dc4                PWMIntStatus
 .text.PWMFaultIntClearExt
                0x00005df4       0x20 ./Drivers/pwm.o
                0x00005df4                PWMFaultIntClearExt
 .text.PWMGenFaultConfigure
                0x00005e14       0x40 ./Drivers/pwm.o
                0x00005e14                PWMGenFaultConfigure
 .text.PWMGenFaultTriggerSet
                0x00005e54       0x3c ./Drivers/pwm.o
                0x00005e54                PWMGenFaultTriggerSet
 .text.PWMGenFaultTriggerGet
                0x00005e90       0x38 ./Drivers/pwm.o
                0x00005e90                PWMGenFaultTriggerGet
 .text.PWMGenFaultStatus
                0x00005ec8       0x58 ./Drivers/pwm.o
                0x00005ec8                PWMGenFaultStatus
 .text.PWMGenFaultClear
                0x00005f20       0x5c ./Drivers/pwm.o
                0x00005f20                PWMGenFaultClear
 .text          0x00005f7c        0x0 ./Drivers/qei.o
 .text.QEIEnable
                0x00005f7c       0x20 ./Drivers/qei.o
                0x00005f7c                QEIEnable
 .text.QEIDisable
                0x00005f9c       0x20 ./Drivers/qei.o
                0x00005f9c                QEIDisable
 .text.QEIConfigure
                0x00005fbc       0x34 ./Drivers/qei.o
                0x00005fbc                QEIConfigure
 .text.QEIPositionGet
                0x00005ff0       0x1c ./Drivers/qei.o
                0x00005ff0                QEIPositionGet
 .text.QEIPositionSet
                0x0000600c       0x20 ./Drivers/qei.o
                0x0000600c                QEIPositionSet
 .text.QEIDirectionGet
                0x0000602c       0x30 ./Drivers/qei.o
                0x0000602c                QEIDirectionGet
 .text.QEIErrorGet
                0x0000605c       0x24 ./Drivers/qei.o
                0x0000605c                QEIErrorGet
 .text.QEIVelocityEnable
                0x00006080       0x20 ./Drivers/qei.o
                0x00006080                QEIVelocityEnable
 .text.QEIVelocityDisable
                0x000060a0       0x20 ./Drivers/qei.o
                0x000060a0                QEIVelocityDisable
 .text.QEIVelocityConfigure
                0x000060c0       0x38 ./Drivers/qei.o
                0x000060c0                QEIVelocityConfigure
 .text.QEIVelocityGet
                0x000060f8       0x1c ./Drivers/qei.o
                0x000060f8                QEIVelocityGet
 .text.QEIIntRegister
                0x00006114       0x3c ./Drivers/qei.o
                0x00006114                QEIIntRegister
 .text.QEIIntUnregister
                0x00006150       0x38 ./Drivers/qei.o
                0x00006150                QEIIntUnregister
 .text.QEIIntEnable
                0x00006188       0x2c ./Drivers/qei.o
                0x00006188                QEIIntEnable
 .text.QEIIntDisable
                0x000061b4       0x30 ./Drivers/qei.o
                0x000061b4                QEIIntDisable
 .text.QEIIntStatus
                0x000061e4       0x30 ./Drivers/qei.o
                0x000061e4                QEIIntStatus
 .text.QEIIntClear
                0x00006214       0x20 ./Drivers/qei.o
                0x00006214                QEIIntClear
 .text          0x00006234        0x0 ./Drivers/ssi.o
 .text.SSIConfigSetExpClk
                0x00006234       0xbc ./Drivers/ssi.o
                0x00006234                SSIConfigSetExpClk
 .text.SSIEnable
                0x000062f0       0x28 ./Drivers/ssi.o
                0x000062f0                SSIEnable
 .text.SSIDisable
                0x00006318       0x28 ./Drivers/ssi.o
                0x00006318                SSIDisable
 .text.SSIIntRegister
                0x00006340       0x3c ./Drivers/ssi.o
                0x00006340                SSIIntRegister
 .text.SSIIntUnregister
                0x0000637c       0x38 ./Drivers/ssi.o
                0x0000637c                SSIIntUnregister
 .text.SSIIntEnable
                0x000063b4       0x2c ./Drivers/ssi.o
                0x000063b4                SSIIntEnable
 .text.SSIIntDisable
                0x000063e0       0x30 ./Drivers/ssi.o
                0x000063e0                SSIIntDisable
 .text.SSIIntStatus
                0x00006410       0x30 ./Drivers/ssi.o
                0x00006410                SSIIntStatus
 .text.SSIIntClear
                0x00006440       0x20 ./Drivers/ssi.o
                0x00006440                SSIIntClear
 .text.SSIDataPut
                0x00006460       0x30 ./Drivers/ssi.o
                0x00006460                SSIDataPut
 .text.SSIDataPutNonBlocking
                0x00006490       0x3c ./Drivers/ssi.o
                0x00006490                SSIDataPutNonBlocking
 .text.SSIDataGet
                0x000064cc       0x30 ./Drivers/ssi.o
                0x000064cc                SSIDataGet
 .text.SSIDataGetNonBlocking
                0x000064fc       0x3c ./Drivers/ssi.o
                0x000064fc                SSIDataGetNonBlocking
 .text.SSIDMAEnable
                0x00006538       0x2c ./Drivers/ssi.o
                0x00006538                SSIDMAEnable
 .text.SSIDMADisable
                0x00006564       0x30 ./Drivers/ssi.o
                0x00006564                SSIDMADisable
 .text.SSIBusy  0x00006594       0x28 ./Drivers/ssi.o
                0x00006594                SSIBusy
 .text          0x000065bc        0x0 ./Drivers/sysctl.o
 .text.SysCtlSRAMSizeGet
                0x000065bc       0x28 ./Drivers/sysctl.o
                0x000065bc                SysCtlSRAMSizeGet
 .text.SysCtlFlashSizeGet
                0x000065e4       0x28 ./Drivers/sysctl.o
                0x000065e4                SysCtlFlashSizeGet
 .text.SysCtlPinPresent
                0x0000660c       0x34 ./Drivers/sysctl.o
                0x0000660c                SysCtlPinPresent
 .text.SysCtlPeripheralPresent
                0x00006640       0x80 ./Drivers/sysctl.o
                0x00006640                SysCtlPeripheralPresent
 .text.SysCtlPeripheralReset
                0x000066c0       0xb8 ./Drivers/sysctl.o
                0x000066c0                SysCtlPeripheralReset
 .text.SysCtlPeripheralEnable
                0x00006778       0x58 ./Drivers/sysctl.o
                0x00006778                SysCtlPeripheralEnable
 .text.SysCtlPeripheralDisable
                0x000067d0       0x5c ./Drivers/sysctl.o
                0x000067d0                SysCtlPeripheralDisable
 .text.SysCtlPeripheralSleepEnable
                0x0000682c       0x58 ./Drivers/sysctl.o
                0x0000682c                SysCtlPeripheralSleepEnable
 .text.SysCtlPeripheralSleepDisable
                0x00006884       0x5c ./Drivers/sysctl.o
                0x00006884                SysCtlPeripheralSleepDisable
 .text.SysCtlPeripheralDeepSleepEnable
                0x000068e0       0x58 ./Drivers/sysctl.o
                0x000068e0                SysCtlPeripheralDeepSleepEnable
 .text.SysCtlPeripheralDeepSleepDisable
                0x00006938       0x5c ./Drivers/sysctl.o
                0x00006938                SysCtlPeripheralDeepSleepDisable
 .text.SysCtlPeripheralClockGating
                0x00006994       0x4c ./Drivers/sysctl.o
                0x00006994                SysCtlPeripheralClockGating
 .text.SysCtlIntRegister
                0x000069e0       0x24 ./Drivers/sysctl.o
                0x000069e0                SysCtlIntRegister
 .text.SysCtlIntUnregister
                0x00006a04       0x18 ./Drivers/sysctl.o
                0x00006a04                SysCtlIntUnregister
 .text.SysCtlIntEnable
                0x00006a1c       0x2c ./Drivers/sysctl.o
                0x00006a1c                SysCtlIntEnable
 .text.SysCtlIntDisable
                0x00006a48       0x30 ./Drivers/sysctl.o
                0x00006a48                SysCtlIntDisable
 .text.SysCtlIntClear
                0x00006a78       0x20 ./Drivers/sysctl.o
                0x00006a78                SysCtlIntClear
 .text.SysCtlIntStatus
                0x00006a98       0x34 ./Drivers/sysctl.o
                0x00006a98                SysCtlIntStatus
 .text.SysCtlLDOSet
                0x00006acc       0x20 ./Drivers/sysctl.o
                0x00006acc                SysCtlLDOSet
 .text.SysCtlLDOGet
                0x00006aec       0x18 ./Drivers/sysctl.o
                0x00006aec                SysCtlLDOGet
 .text.SysCtlLDOConfigSet
                0x00006b04       0x20 ./Drivers/sysctl.o
                0x00006b04                SysCtlLDOConfigSet
 .text.SysCtlReset
                0x00006b24       0x18 ./Drivers/sysctl.o
                0x00006b24                SysCtlReset
 .text.SysCtlSleep
                0x00006b3c        0xc ./Drivers/sysctl.o
                0x00006b3c                SysCtlSleep
 .text.SysCtlDeepSleep
                0x00006b48       0x3c ./Drivers/sysctl.o
                0x00006b48                SysCtlDeepSleep
 .text.SysCtlResetCauseGet
                0x00006b84       0x18 ./Drivers/sysctl.o
                0x00006b84                SysCtlResetCauseGet
 .text.SysCtlResetCauseClear
                0x00006b9c       0x30 ./Drivers/sysctl.o
                0x00006b9c                SysCtlResetCauseClear
 .text.SysCtlBrownOutConfigSet
                0x00006bcc       0x2c ./Drivers/sysctl.o
                0x00006bcc                SysCtlBrownOutConfigSet
 .text.SysCtlDelay
                0x00006bf8        0x8 ./Drivers/sysctl.o
                0x00006bf8                SysCtlDelay
 .text.SysCtlClockSet
                0x00006c00      0x298 ./Drivers/sysctl.o
                0x00006c00                SysCtlClockSet
 .text.SysCtlClockGet
                0x00006e98      0x38c ./Drivers/sysctl.o
                0x00006e98                SysCtlClockGet
 .text.SysCtlPWMClockSet
                0x00007224       0x30 ./Drivers/sysctl.o
                0x00007224                SysCtlPWMClockSet
 .text.SysCtlPWMClockGet
                0x00007254       0x34 ./Drivers/sysctl.o
                0x00007254                SysCtlPWMClockGet
 .text.SysCtlADCSpeedSet
                0x00007288       0x50 ./Drivers/sysctl.o
                0x00007288                SysCtlADCSpeedSet
 .text.SysCtlADCSpeedGet
                0x000072d8       0x1c ./Drivers/sysctl.o
                0x000072d8                SysCtlADCSpeedGet
 .text.SysCtlIOSCVerificationSet
                0x000072f4       0x4c ./Drivers/sysctl.o
                0x000072f4                SysCtlIOSCVerificationSet
 .text.SysCtlMOSCVerificationSet
                0x00007340       0x4c ./Drivers/sysctl.o
                0x00007340                SysCtlMOSCVerificationSet
 .text.SysCtlPLLVerificationSet
                0x0000738c       0x4c ./Drivers/sysctl.o
                0x0000738c                SysCtlPLLVerificationSet
 .text.SysCtlClkVerificationClear
                0x000073d8       0x28 ./Drivers/sysctl.o
                0x000073d8                SysCtlClkVerificationClear
 .text.SysCtlGPIOAHBEnable
                0x00007400       0x34 ./Drivers/sysctl.o
                0x00007400                SysCtlGPIOAHBEnable
 .text.SysCtlGPIOAHBDisable
                0x00007434       0x38 ./Drivers/sysctl.o
                0x00007434                SysCtlGPIOAHBDisable
 .text.SysCtlUSBPLLEnable
                0x0000746c       0x24 ./Drivers/sysctl.o
                0x0000746c                SysCtlUSBPLLEnable
 .text.SysCtlUSBPLLDisable
                0x00007490       0x24 ./Drivers/sysctl.o
                0x00007490                SysCtlUSBPLLDisable
 .text.SysCtlI2SMClkSet
                0x000074b4      0x1cc ./Drivers/sysctl.o
                0x000074b4                SysCtlI2SMClkSet
 .text          0x00007680        0x0 ./Drivers/systick.o
 .text.SysTickEnable
                0x00007680       0x24 ./Drivers/systick.o
                0x00007680                SysTickEnable
 .text.SysTickDisable
                0x000076a4       0x24 ./Drivers/systick.o
                0x000076a4                SysTickDisable
 .text.SysTickIntRegister
                0x000076c8       0x34 ./Drivers/systick.o
                0x000076c8                SysTickIntRegister
 .text.SysTickIntUnregister
                0x000076fc       0x28 ./Drivers/systick.o
                0x000076fc                SysTickIntUnregister
 .text.SysTickIntEnable
                0x00007724       0x24 ./Drivers/systick.o
                0x00007724                SysTickIntEnable
 .text.SysTickIntDisable
                0x00007748       0x24 ./Drivers/systick.o
                0x00007748                SysTickIntDisable
 .text.SysTickPeriodSet
                0x0000776c       0x24 ./Drivers/systick.o
                0x0000776c                SysTickPeriodSet
 .text.SysTickPeriodGet
                0x00007790       0x1c ./Drivers/systick.o
                0x00007790                SysTickPeriodGet
 .text.SysTickValueGet
                0x000077ac       0x18 ./Drivers/systick.o
                0x000077ac                SysTickValueGet
 .text          0x000077c4        0x0 ./Drivers/timer.o
 .text.TIMER0A_ISR
                0x000077c4       0x58 ./Drivers/timer.o
                0x000077c4                TIMER0A_ISR
 .text.TimerEnable
                0x0000781c       0x38 ./Drivers/timer.o
                0x0000781c                TimerEnable
 .text.TimerDisable
                0x00007854       0x3c ./Drivers/timer.o
                0x00007854                TimerDisable
 .text.TimerConfigure
                0x00007890       0x58 ./Drivers/timer.o
                0x00007890                TimerConfigure
 .text.TimerControlLevel
                0x000078e8       0x5c ./Drivers/timer.o
                0x000078e8                TimerControlLevel
 .text.TimerControlTrigger
                0x00007944       0x5c ./Drivers/timer.o
                0x00007944                TimerControlTrigger
 .text.TimerControlEvent
                0x000079a0       0x4c ./Drivers/timer.o
                0x000079a0                TimerControlEvent
 .text.TimerControlStall
                0x000079ec       0x5c ./Drivers/timer.o
                0x000079ec                TimerControlStall
 .text.TimerControlWaitOnTrigger
                0x00007a48       0x8c ./Drivers/timer.o
                0x00007a48                TimerControlWaitOnTrigger
 .text.TimerRTCEnable
                0x00007ad4       0x28 ./Drivers/timer.o
                0x00007ad4                TimerRTCEnable
 .text.TimerRTCDisable
                0x00007afc       0x28 ./Drivers/timer.o
                0x00007afc                TimerRTCDisable
 .text.TimerPrescaleSet
                0x00007b24       0x40 ./Drivers/timer.o
                0x00007b24                TimerPrescaleSet
 .text.TimerPrescaleGet
                0x00007b64       0x30 ./Drivers/timer.o
                0x00007b64                TimerPrescaleGet
 .text.TimerPrescaleMatchSet
                0x00007b94       0x40 ./Drivers/timer.o
                0x00007b94                TimerPrescaleMatchSet
 .text.TimerPrescaleMatchGet
                0x00007bd4       0x30 ./Drivers/timer.o
                0x00007bd4                TimerPrescaleMatchGet
 .text.TimerLoadSet
                0x00007c04       0x40 ./Drivers/timer.o
                0x00007c04                TimerLoadSet
 .text.TimerLoadGet
                0x00007c44       0x30 ./Drivers/timer.o
                0x00007c44                TimerLoadGet
 .text.TimerValueGet
                0x00007c74       0x30 ./Drivers/timer.o
                0x00007c74                TimerValueGet
 .text.TimerMatchSet
                0x00007ca4       0x40 ./Drivers/timer.o
                0x00007ca4                TimerMatchSet
 .text.TimerMatchGet
                0x00007ce4       0x30 ./Drivers/timer.o
                0x00007ce4                TimerMatchGet
 .text.TimerIntRegister
                0x00007d14       0xc4 ./Drivers/timer.o
                0x00007d14                TimerIntRegister
 .text.TimerIntUnregister
                0x00007dd8       0x8c ./Drivers/timer.o
                0x00007dd8                TimerIntUnregister
 .text.TimerIntEnable
                0x00007e64       0x2c ./Drivers/timer.o
                0x00007e64                TimerIntEnable
 .text.TimerIntDisable
                0x00007e90       0x30 ./Drivers/timer.o
                0x00007e90                TimerIntDisable
 .text.TimerIntStatus
                0x00007ec0       0x30 ./Drivers/timer.o
                0x00007ec0                TimerIntStatus
 .text.TimerIntClear
                0x00007ef0       0x20 ./Drivers/timer.o
                0x00007ef0                TimerIntClear
 .text.TimerQuiesce
                0x00007f10       0xf0 ./Drivers/timer.o
                0x00007f10                TimerQuiesce
 .text          0x00008000        0x0 ./Drivers/uart.o
 .text.UARTParityModeSet
                0x00008000       0x30 ./Drivers/uart.o
                0x00008000                UARTParityModeSet
 .text.UARTParityModeGet
                0x00008030       0x20 ./Drivers/uart.o
                0x00008030                UARTParityModeGet
 .text.UARTFIFOLevelSet
                0x00008050       0x28 ./Drivers/uart.o
                0x00008050                UARTFIFOLevelSet
 .text.UARTFIFOLevelGet
                0x00008078       0x34 ./Drivers/uart.o
                0x00008078                UARTFIFOLevelGet
 .text.UARTConfigSetExpClk
                0x000080ac       0xa8 ./Drivers/uart.o
                0x000080ac                UARTConfigSetExpClk
 .text.UARTConfigGetExpClk
                0x00008154       0x70 ./Drivers/uart.o
                0x00008154                UARTConfigGetExpClk
 .text.UARTEnable
                0x000081c4       0x40 ./Drivers/uart.o
                0x000081c4                UARTEnable
 .text.UARTDisable
                0x00008204       0x50 ./Drivers/uart.o
                0x00008204                UARTDisable
 .text.UARTFIFOEnable
                0x00008254       0x28 ./Drivers/uart.o
                0x00008254                UARTFIFOEnable
 .text.UARTFIFODisable
                0x0000827c       0x28 ./Drivers/uart.o
                0x0000827c                UARTFIFODisable
 .text.UARTEnableSIR
                0x000082a4       0x48 ./Drivers/uart.o
                0x000082a4                UARTEnableSIR
 .text.UARTDisableSIR
                0x000082ec       0x28 ./Drivers/uart.o
                0x000082ec                UARTDisableSIR
 .text.UARTSmartCardEnable
                0x00008314       0x4c ./Drivers/uart.o
                0x00008314                UARTSmartCardEnable
 .text.UARTSmartCardDisable
                0x00008360       0x28 ./Drivers/uart.o
                0x00008360                UARTSmartCardDisable
 .text.UARTModemControlSet
                0x00008388       0x38 ./Drivers/uart.o
                0x00008388                UARTModemControlSet
 .text.UARTModemControlClear
                0x000083c0       0x3c ./Drivers/uart.o
                0x000083c0                UARTModemControlClear
 .text.UARTModemControlGet
                0x000083fc       0x20 ./Drivers/uart.o
                0x000083fc                UARTModemControlGet
 .text.UARTModemStatusGet
                0x0000841c       0x28 ./Drivers/uart.o
                0x0000841c                UARTModemStatusGet
 .text.UARTFlowControlSet
                0x00008444       0x30 ./Drivers/uart.o
                0x00008444                UARTFlowControlSet
 .text.UARTFlowControlGet
                0x00008474       0x20 ./Drivers/uart.o
                0x00008474                UARTFlowControlGet
 .text.UARTTxIntModeSet
                0x00008494       0x30 ./Drivers/uart.o
                0x00008494                UARTTxIntModeSet
 .text.UARTTxIntModeGet
                0x000084c4       0x20 ./Drivers/uart.o
                0x000084c4                UARTTxIntModeGet
 .text.UARTCharsAvail
                0x000084e4       0x28 ./Drivers/uart.o
                0x000084e4                UARTCharsAvail
 .text.UARTSpaceAvail
                0x0000850c       0x28 ./Drivers/uart.o
                0x0000850c                UARTSpaceAvail
 .text.UARTCharGetNonBlocking
                0x00008534       0x30 ./Drivers/uart.o
                0x00008534                UARTCharGetNonBlocking
 .text.UARTCharGet
                0x00008564       0x28 ./Drivers/uart.o
                0x00008564                UARTCharGet
 .text.UARTCharPutNonBlocking
                0x0000858c       0x38 ./Drivers/uart.o
                0x0000858c                UARTCharPutNonBlocking
 .text.UARTCharPut
                0x000085c4       0x2c ./Drivers/uart.o
                0x000085c4                UARTCharPut
 .text.UARTBreakCtl
                0x000085f0       0x40 ./Drivers/uart.o
                0x000085f0                UARTBreakCtl
 .text.UARTBusy
                0x00008630       0x28 ./Drivers/uart.o
                0x00008630                UARTBusy
 .text.UARTIntRegister
                0x00008658       0x50 ./Drivers/uart.o
                0x00008658                UARTIntRegister
 .text.UARTIntUnregister
                0x000086a8       0x4c ./Drivers/uart.o
                0x000086a8                UARTIntUnregister
 .text.UARTIntEnable
                0x000086f4       0x2c ./Drivers/uart.o
                0x000086f4                UARTIntEnable
 .text.UARTIntDisable
                0x00008720       0x30 ./Drivers/uart.o
                0x00008720                UARTIntDisable
 .text.UARTIntStatus
                0x00008750       0x30 ./Drivers/uart.o
                0x00008750                UARTIntStatus
 .text.UARTIntClear
                0x00008780       0x20 ./Drivers/uart.o
                0x00008780                UARTIntClear
 .text.UARTDMAEnable
                0x000087a0       0x2c ./Drivers/uart.o
                0x000087a0                UARTDMAEnable
 .text.UARTDMADisable
                0x000087cc       0x30 ./Drivers/uart.o
                0x000087cc                UARTDMADisable
 .text.UARTRxErrorGet
                0x000087fc       0x20 ./Drivers/uart.o
                0x000087fc                UARTRxErrorGet
 .text.UARTRxErrorClear
                0x0000881c       0x20 ./Drivers/uart.o
                0x0000881c                UARTRxErrorClear
 .text          0x0000883c        0x0 ./Drivers/udma.o
 .text.uDMAEnable
                0x0000883c       0x18 ./Drivers/udma.o
                0x0000883c                uDMAEnable
 .text.uDMADisable
                0x00008854       0x18 ./Drivers/udma.o
                0x00008854                uDMADisable
 .text.uDMAErrorStatusGet
                0x0000886c       0x18 ./Drivers/udma.o
                0x0000886c                uDMAErrorStatusGet
 .text.uDMAErrorStatusClear
                0x00008884       0x18 ./Drivers/udma.o
                0x00008884                uDMAErrorStatusClear
 .text.uDMAChannelEnable
                0x0000889c       0x28 ./Drivers/udma.o
                0x0000889c                uDMAChannelEnable
 .text.uDMAChannelDisable
                0x000088c4       0x28 ./Drivers/udma.o
                0x000088c4                uDMAChannelDisable
 .text.uDMAChannelIsEnabled
                0x000088ec       0x34 ./Drivers/udma.o
                0x000088ec                uDMAChannelIsEnabled
 .text.uDMAControlBaseSet
                0x00008920       0x20 ./Drivers/udma.o
                0x00008920                uDMAControlBaseSet
 .text.uDMAControlBaseGet
                0x00008940       0x18 ./Drivers/udma.o
                0x00008940                uDMAControlBaseGet
 .text.uDMAChannelRequest
                0x00008958       0x28 ./Drivers/udma.o
                0x00008958                uDMAChannelRequest
 .text.uDMAChannelAttributeEnable
                0x00008980       0x90 ./Drivers/udma.o
                0x00008980                uDMAChannelAttributeEnable
 .text.uDMAChannelAttributeDisable
                0x00008a10       0x90 ./Drivers/udma.o
                0x00008a10                uDMAChannelAttributeDisable
 .text.uDMAChannelAttributeGet
                0x00008aa0       0xac ./Drivers/udma.o
                0x00008aa0                uDMAChannelAttributeGet
 .text.uDMAChannelControlSet
                0x00008b4c       0x4c ./Drivers/udma.o
                0x00008b4c                uDMAChannelControlSet
 .text.uDMAChannelTransferSet
                0x00008b98       0xe8 ./Drivers/udma.o
                0x00008b98                uDMAChannelTransferSet
 .text.uDMAChannelSizeGet
                0x00008c80       0x50 ./Drivers/udma.o
                0x00008c80                uDMAChannelSizeGet
 .text.uDMAChannelModeGet
                0x00008cd0       0x50 ./Drivers/udma.o
                0x00008cd0                uDMAChannelModeGet
 .text.uDMAChannelSelectSecondary
                0x00008d20       0x2c ./Drivers/udma.o
                0x00008d20                uDMAChannelSelectSecondary
 .text.uDMAChannelSelectDefault
                0x00008d4c       0x30 ./Drivers/udma.o
                0x00008d4c                uDMAChannelSelectDefault
 .text.uDMAIntRegister
                0x00008d7c       0x20 ./Drivers/udma.o
                0x00008d7c                uDMAIntRegister
 .text.uDMAIntUnregister
                0x00008d9c       0x1c ./Drivers/udma.o
                0x00008d9c                uDMAIntUnregister
 .text          0x00008db8        0x0 ./Drivers/usb.o
 .text.USBIndexWrite
                0x00008db8       0x5c ./Drivers/usb.o
 .text.USBIndexRead
                0x00008e14       0x5c ./Drivers/usb.o
 .text.USBHostSuspend
                0x00008e70       0x2c ./Drivers/usb.o
                0x00008e70                USBHostSuspend
 .text.USBHostReset
                0x00008e9c       0x50 ./Drivers/usb.o
                0x00008e9c                USBHostReset
 .text.USBHostResume
                0x00008eec       0x50 ./Drivers/usb.o
                0x00008eec                USBHostResume
 .text.USBHostSpeedGet
                0x00008f3c       0x48 ./Drivers/usb.o
                0x00008f3c                USBHostSpeedGet
 .text.USBIntStatus
                0x00008f84       0xc4 ./Drivers/usb.o
                0x00008f84                USBIntStatus
 .text.USBIntDisable
                0x00009048       0xd8 ./Drivers/usb.o
                0x00009048                USBIntDisable
 .text.USBIntEnable
                0x00009120       0xc8 ./Drivers/usb.o
                0x00009120                USBIntEnable
 .text.USBIntDisableControl
                0x000091e8       0x70 ./Drivers/usb.o
                0x000091e8                USBIntDisableControl
 .text.USBIntEnableControl
                0x00009258       0x68 ./Drivers/usb.o
                0x00009258                USBIntEnableControl
 .text.USBIntStatusControl
                0x000092c0       0x98 ./Drivers/usb.o
                0x000092c0                USBIntStatusControl
 .text.USBIntDisableEndpoint
                0x00009358       0x68 ./Drivers/usb.o
                0x00009358                USBIntDisableEndpoint
 .text.USBIntEnableEndpoint
                0x000093c0       0x5c ./Drivers/usb.o
                0x000093c0                USBIntEnableEndpoint
 .text.USBIntStatusEndpoint
                0x0000941c       0x38 ./Drivers/usb.o
                0x0000941c                USBIntStatusEndpoint
 .text.USBIntRegister
                0x00009454       0x24 ./Drivers/usb.o
                0x00009454                USBIntRegister
 .text.USBIntUnregister
                0x00009478       0x20 ./Drivers/usb.o
                0x00009478                USBIntUnregister
 .text.USBEndpointStatus
                0x00009498       0x44 ./Drivers/usb.o
                0x00009498                USBEndpointStatus
 .text.USBHostEndpointStatusClear
                0x000094dc       0x98 ./Drivers/usb.o
                0x000094dc                USBHostEndpointStatusClear
 .text.USBDevEndpointStatusClear
                0x00009574       0xf4 ./Drivers/usb.o
                0x00009574                USBDevEndpointStatusClear
 .text.USBHostEndpointDataToggle
                0x00009668       0xfc ./Drivers/usb.o
                0x00009668                USBHostEndpointDataToggle
 .text.USBEndpointDataToggleClear
                0x00009764       0x68 ./Drivers/usb.o
                0x00009764                USBEndpointDataToggleClear
 .text.USBDevEndpointStall
                0x000097cc       0x80 ./Drivers/usb.o
                0x000097cc                USBDevEndpointStall
 .text.USBDevEndpointStallClear
                0x0000984c       0xc0 ./Drivers/usb.o
                0x0000984c                USBDevEndpointStallClear
 .text.USBDevConnect
                0x0000990c       0x2c ./Drivers/usb.o
                0x0000990c                USBDevConnect
 .text.USBDevDisconnect
                0x00009938       0x2c ./Drivers/usb.o
                0x00009938                USBDevDisconnect
 .text.USBDevAddrSet
                0x00009964       0x1c ./Drivers/usb.o
                0x00009964                USBDevAddrSet
 .text.USBDevAddrGet
                0x00009980       0x1c ./Drivers/usb.o
                0x00009980                USBDevAddrGet
 .text.USBHostEndpointConfig
                0x0000999c      0x1c0 ./Drivers/usb.o
                0x0000999c                USBHostEndpointConfig
 .text.USBDevEndpointConfigSet
                0x00009b5c      0x12c ./Drivers/usb.o
                0x00009b5c                USBDevEndpointConfigSet
 .text.USBDevEndpointConfigGet
                0x00009c88      0x150 ./Drivers/usb.o
                0x00009c88                USBDevEndpointConfigGet
 .text.USBFIFOConfigSet
                0x00009dd8       0x94 ./Drivers/usb.o
                0x00009dd8                USBFIFOConfigSet
 .text.USBFIFOConfigGet
                0x00009e6c       0x9c ./Drivers/usb.o
                0x00009e6c                USBFIFOConfigGet
 .text.USBEndpointDMAEnable
                0x00009f08       0x80 ./Drivers/usb.o
                0x00009f08                USBEndpointDMAEnable
 .text.USBEndpointDMADisable
                0x00009f88       0x7c ./Drivers/usb.o
                0x00009f88                USBEndpointDMADisable
 .text.USBEndpointDataAvail
                0x0000a004       0x54 ./Drivers/usb.o
                0x0000a004                USBEndpointDataAvail
 .text.USBEndpointDataGet
                0x0000a058       0xac ./Drivers/usb.o
                0x0000a058                USBEndpointDataGet
 .text.USBDevEndpointDataAck
                0x0000a104       0x5c ./Drivers/usb.o
                0x0000a104                USBDevEndpointDataAck
 .text.USBHostEndpointDataAck
                0x0000a160       0x54 ./Drivers/usb.o
                0x0000a160                USBHostEndpointDataAck
 .text.USBEndpointDataPut
                0x0000a1b4       0x84 ./Drivers/usb.o
                0x0000a1b4                USBEndpointDataPut
 .text.USBEndpointDataSend
                0x0000a238       0x64 ./Drivers/usb.o
                0x0000a238                USBEndpointDataSend
 .text.USBFIFOFlush
                0x0000a29c       0xc4 ./Drivers/usb.o
                0x0000a29c                USBFIFOFlush
 .text.USBHostRequestIN
                0x0000a360       0x38 ./Drivers/usb.o
                0x0000a360                USBHostRequestIN
 .text.USBHostRequestStatus
                0x0000a398       0x20 ./Drivers/usb.o
                0x0000a398                USBHostRequestStatus
 .text.USBHostAddrSet
                0x0000a3b8       0x4c ./Drivers/usb.o
                0x0000a3b8                USBHostAddrSet
 .text.USBHostAddrGet
                0x0000a404       0x48 ./Drivers/usb.o
                0x0000a404                USBHostAddrGet
 .text.USBHostHubAddrSet
                0x0000a44c       0x4c ./Drivers/usb.o
                0x0000a44c                USBHostHubAddrSet
 .text.USBHostHubAddrGet
                0x0000a498       0x48 ./Drivers/usb.o
                0x0000a498                USBHostHubAddrGet
 .text.USBHostPwrConfig
                0x0000a4e0       0x50 ./Drivers/usb.o
                0x0000a4e0                USBHostPwrConfig
 .text.USBHostPwrFaultEnable
                0x0000a530       0x2c ./Drivers/usb.o
                0x0000a530                USBHostPwrFaultEnable
 .text.USBHostPwrFaultDisable
                0x0000a55c       0x38 ./Drivers/usb.o
                0x0000a55c                USBHostPwrFaultDisable
 .text.USBHostPwrEnable
                0x0000a594       0x2c ./Drivers/usb.o
                0x0000a594                USBHostPwrEnable
 .text.USBHostPwrDisable
                0x0000a5c0       0x38 ./Drivers/usb.o
                0x0000a5c0                USBHostPwrDisable
 .text.USBFrameNumberGet
                0x0000a5f8       0x20 ./Drivers/usb.o
                0x0000a5f8                USBFrameNumberGet
 .text.USBOTGSessionRequest
                0x0000a618       0x50 ./Drivers/usb.o
                0x0000a618                USBOTGSessionRequest
 .text.USBFIFOAddrGet
                0x0000a668       0x24 ./Drivers/usb.o
                0x0000a668                USBFIFOAddrGet
 .text.USBModeGet
                0x0000a68c       0x24 ./Drivers/usb.o
                0x0000a68c                USBModeGet
 .text.USBEndpointDMAChannel
                0x0000a6b0       0x5c ./Drivers/usb.o
                0x0000a6b0                USBEndpointDMAChannel
 .text.USBHostMode
                0x0000a70c       0x34 ./Drivers/usb.o
                0x0000a70c                USBHostMode
 .text          0x0000a740        0x0 ./Drivers/watchdog.o
 .text.WatchdogRunning
                0x0000a740       0x24 ./Drivers/watchdog.o
                0x0000a740                WatchdogRunning
 .text.WatchdogEnable
                0x0000a764       0x28 ./Drivers/watchdog.o
                0x0000a764                WatchdogEnable
 .text.WatchdogResetEnable
                0x0000a78c       0x28 ./Drivers/watchdog.o
                0x0000a78c                WatchdogResetEnable
 .text.WatchdogResetDisable
                0x0000a7b4       0x28 ./Drivers/watchdog.o
                0x0000a7b4                WatchdogResetDisable
 .text.WatchdogLock
                0x0000a7dc       0x20 ./Drivers/watchdog.o
                0x0000a7dc                WatchdogLock
 .text.WatchdogUnlock
                0x0000a7fc       0x24 ./Drivers/watchdog.o
                0x0000a7fc                WatchdogUnlock
 .text.WatchdogLockState
                0x0000a820       0x24 ./Drivers/watchdog.o
                0x0000a820                WatchdogLockState
 .text.WatchdogReloadSet
                0x0000a844       0x1c ./Drivers/watchdog.o
                0x0000a844                WatchdogReloadSet
 .text.WatchdogReloadGet
                0x0000a860       0x18 ./Drivers/watchdog.o
                0x0000a860                WatchdogReloadGet
 .text.WatchdogValueGet
                0x0000a878       0x1c ./Drivers/watchdog.o
                0x0000a878                WatchdogValueGet
 .text.WatchdogIntRegister
                0x0000a894       0x24 ./Drivers/watchdog.o
                0x0000a894                WatchdogIntRegister
 .text.WatchdogIntUnregister
                0x0000a8b8       0x20 ./Drivers/watchdog.o
                0x0000a8b8                WatchdogIntUnregister
 .text.WatchdogIntEnable
                0x0000a8d8       0x28 ./Drivers/watchdog.o
                0x0000a8d8                WatchdogIntEnable
 .text.WatchdogIntStatus
                0x0000a900       0x30 ./Drivers/watchdog.o
                0x0000a900                WatchdogIntStatus
 .text.WatchdogIntClear
                0x0000a930       0x20 ./Drivers/watchdog.o
                0x0000a930                WatchdogIntClear
 .text.WatchdogStallEnable
                0x0000a950       0x28 ./Drivers/watchdog.o
                0x0000a950                WatchdogStallEnable
 .text.WatchdogStallDisable
                0x0000a978       0x28 ./Drivers/watchdog.o
                0x0000a978                WatchdogStallDisable
 .text          0x0000a9a0        0x0 ./API/led.o
 .text.Init     0x0000a9a0       0x60 ./API/led.o
 .text.ledSwitch
                0x0000aa00       0x48 ./API/led.o
                0x0000aa00                ledSwitch
 .text          0x0000aa48        0x0 ./API/buttons.o
 .text.vOledDbg1
                0x0000aa48       0x58 ./API/buttons.o
 .text.vOledDbg
                0x0000aaa0       0x50 ./API/buttons.o
 .text.buttonArrowsPressed
                0x0000aaf0       0x50 ./API/buttons.o
 .text.buttonSelPressed
                0x0000ab40       0x58 ./API/buttons.o
 .text.Init     0x0000ab98      0x140 ./API/buttons.o
 .text.vButtonTask
                0x0000acd8       0x84 ./API/buttons.o
                0x0000acd8                vButtonTask
 .text.bButtonRegisterCallback
                0x0000ad5c       0x60 ./API/buttons.o
                0x0000ad5c                bButtonRegisterCallback
 .text.xButtonIsPressed
                0x0000adbc       0x60 ./API/buttons.o
                0x0000adbc                xButtonIsPressed
 .text          0x0000ae1c        0x0 ./API/comport.o
 .text.Init     0x0000ae1c       0xa4 ./API/comport.o
 .text.xComOpen
                0x0000aec0       0x44 ./API/comport.o
                0x0000aec0                xComOpen
 .text.vComWrite
                0x0000af04       0x18 ./API/comport.o
                0x0000af04                vComWrite
 .text.vComRead
                0x0000af1c       0x18 ./API/comport.o
                0x0000af1c                vComRead
 .text.xComGetChar
                0x0000af34       0x24 ./API/comport.o
                0x0000af34                xComGetChar
 .text.vComPutChar
                0x0000af58       0x28 ./API/comport.o
                0x0000af58                vComPutChar
 .text.xComWaitForSemaphore
                0x0000af80       0x14 ./API/comport.o
                0x0000af80                xComWaitForSemaphore
 .text.vComClose
                0x0000af94       0x14 ./API/comport.o
                0x0000af94                vComClose
 .text          0x0000afa8        0x0 ./API/ustdlib.o
 .text.uvsnprintf
                0x0000afa8      0x4fc ./API/ustdlib.o
                0x0000afa8                uvsnprintf
 .text.usprintf
                0x0000b4a4       0x34 ./API/ustdlib.o
                0x0000b4a4                usprintf
 .text.usnprintf
                0x0000b4d8       0x34 ./API/ustdlib.o
                0x0000b4d8                usnprintf
 .text          0x0000b50c        0x0 ./API/emac.o
 .text.vInitEMAC
                0x0000b50c      0x160 ./API/emac.o
                0x0000b50c                vInitEMAC
 .text.uiGetEMACRxData
                0x0000b66c       0x98 ./API/emac.o
                0x0000b66c                uiGetEMACRxData
 .text.uiAckRxData
                0x0000b704       0x64 ./API/emac.o
                0x0000b704                uiAckRxData
 .text.vInitialiseSend
                0x0000b768       0x18 ./API/emac.o
                0x0000b768                vInitialiseSend
 .text.vIncrementTxLength
                0x0000b780       0x2c ./API/emac.o
                0x0000b780                vIncrementTxLength
 .text.vSendBufferToMAC
                0x0000b7ac       0xa8 ./API/emac.o
                0x0000b7ac                vSendBufferToMAC
 .text.prvENET_Send
                0x0000b854       0x20 ./API/emac.o
                0x0000b854                prvENET_Send
 .text.vEMAC_ISR
                0x0000b874       0x78 ./API/emac.o
                0x0000b874                vEMAC_ISR
 .text.vMACHandleTask
                0x0000b8ec      0x1a4 ./API/emac.o
                0x0000b8ec                vMACHandleTask
 .text          0x0000ba90        0x0 ./OLEDDisplay/rit128x96x4.o
 .text.RITWriteCommand
                0x0000ba90       0x84 ./OLEDDisplay/rit128x96x4.o
 .text.RITWriteData
                0x0000bb14       0x90 ./OLEDDisplay/rit128x96x4.o
 .text.RIT128x96x4Clear
                0x0000bba4       0x94 ./OLEDDisplay/rit128x96x4.o
                0x0000bba4                RIT128x96x4Clear
 .text.RIT128x96x4StringDraw
                0x0000bc38      0x1e4 ./OLEDDisplay/rit128x96x4.o
                0x0000bc38                RIT128x96x4StringDraw
 .text.RIT128x96x4ImageDraw
                0x0000be1c       0xec ./OLEDDisplay/rit128x96x4.o
                0x0000be1c                RIT128x96x4ImageDraw
 .text.RIT128x96x4Enable
                0x0000bf08       0x9c ./OLEDDisplay/rit128x96x4.o
                0x0000bf08                RIT128x96x4Enable
 .text.RIT128x96x4Disable
                0x0000bfa4       0x7c ./OLEDDisplay/rit128x96x4.o
                0x0000bfa4                RIT128x96x4Disable
 .text.RIT128x96x4Init
                0x0000c020      0x204 ./OLEDDisplay/rit128x96x4.o
                0x0000c020                RIT128x96x4Init
 .text.RIT128x96x4DisplayOn
                0x0000c224       0x5c ./OLEDDisplay/rit128x96x4.o
                0x0000c224                RIT128x96x4DisplayOn
 .text.RIT128x96x4DisplayOff
                0x0000c280       0x18 ./OLEDDisplay/rit128x96x4.o
                0x0000c280                RIT128x96x4DisplayOff
 .text          0x0000c298        0x0 ./OLEDDisplay/osram128x64x4.o
 .text.OSRAMWriteCommand
                0x0000c298       0x78 ./OLEDDisplay/osram128x64x4.o
 .text.OSRAMWriteData
                0x0000c310       0x78 ./OLEDDisplay/osram128x64x4.o
 .text.OSRAM128x64x4Clear
                0x0000c388       0x7c ./OLEDDisplay/osram128x64x4.o
                0x0000c388                OSRAM128x64x4Clear
 .text.OSRAM128x64x4StringDraw
                0x0000c404      0x1e4 ./OLEDDisplay/osram128x64x4.o
                0x0000c404                OSRAM128x64x4StringDraw
 .text.OSRAM128x64x4ImageDraw
                0x0000c5e8       0xec ./OLEDDisplay/osram128x64x4.o
                0x0000c5e8                OSRAM128x64x4ImageDraw
 .text.OSRAM128x64x4Enable
                0x0000c6d4       0x9c ./OLEDDisplay/osram128x64x4.o
                0x0000c6d4                OSRAM128x64x4Enable
 .text.OSRAM128x64x4Disable
                0x0000c770       0x80 ./OLEDDisplay/osram128x64x4.o
                0x0000c770                OSRAM128x64x4Disable
 .text.OSRAM128x64x4Init
                0x0000c7f0      0x124 ./OLEDDisplay/osram128x64x4.o
                0x0000c7f0                OSRAM128x64x4Init
 .text.OSRAM128x64x4DisplayOn
                0x0000c914       0x5c ./OLEDDisplay/osram128x64x4.o
                0x0000c914                OSRAM128x64x4DisplayOn
 .text.OSRAM128x64x4DisplayOff
                0x0000c970       0x18 ./OLEDDisplay/osram128x64x4.o
                0x0000c970                OSRAM128x64x4DisplayOff
 .text          0x0000c988        0x0 ./OLEDDisplay/formike128x128x16.o
 .text.WriteData
                0x0000c988       0x3c ./OLEDDisplay/formike128x128x16.o
 .text.WriteCommand
                0x0000c9c4       0x58 ./OLEDDisplay/formike128x128x16.o
 .text.Formike128x128x16Init
                0x0000ca1c      0x268 ./OLEDDisplay/formike128x128x16.o
                0x0000ca1c                Formike128x128x16Init
 .text.Formike128x128x16BacklightOn
                0x0000cc84       0x18 ./OLEDDisplay/formike128x128x16.o
                0x0000cc84                Formike128x128x16BacklightOn
 .text.Formike128x128x16BacklightOff
                0x0000cc9c       0x18 ./OLEDDisplay/formike128x128x16.o
                0x0000cc9c                Formike128x128x16BacklightOff
 .text.Formike128x128x16PixelDraw
                0x0000ccb4       0x7c ./OLEDDisplay/formike128x128x16.o
 .text.Formike128x128x16PixelDrawMultiple
                0x0000cd30      0x278 ./OLEDDisplay/formike128x128x16.o
 .text.Formike128x128x16Flush
                0x0000cfa8       0x14 ./OLEDDisplay/formike128x128x16.o
 .text.Formike128x128x16LineDrawH
                0x0000cfbc       0x98 ./OLEDDisplay/formike128x128x16.o
 .text.Formike128x128x16LineDrawV
                0x0000d054       0x98 ./OLEDDisplay/formike128x128x16.o
 .text.Formike128x128x16RectFill
                0x0000d0ec       0xc0 ./OLEDDisplay/formike128x128x16.o
 .text.Formike128x128x16ColorTranslate
                0x0000d1ac       0x40 ./OLEDDisplay/formike128x128x16.o
 .text.vFormike128x128x16Clear
                0x0000d1ec       0x78 ./OLEDDisplay/formike128x128x16.o
                0x0000d1ec                vFormike128x128x16Clear
 .text.vFormike128x128x16StringDraw
                0x0000d264       0x60 ./OLEDDisplay/formike128x128x16.o
                0x0000d264                vFormike128x128x16StringDraw
 .text.vFormike128x128x16Init
                0x0000d2c4       0xb8 ./OLEDDisplay/formike128x128x16.o
                0x0000d2c4                vFormike128x128x16Init
 .text.vFormike128x128x16ImageDraw
                0x0000d37c       0x28 ./OLEDDisplay/formike128x128x16.o
                0x0000d37c                vFormike128x128x16ImageDraw
 .text          0x0000d3a4        0x0 ./OLEDDisplay/oledDisplay.o
 .text.vOledDbg1
                0x0000d3a4       0x58 ./OLEDDisplay/oledDisplay.o
 .text.vOledDbg
                0x0000d3fc       0x50 ./OLEDDisplay/oledDisplay.o
 .text.vOLEDTask
                0x0000d44c      0x208 ./OLEDDisplay/oledDisplay.o
                0x0000d44c                vOLEDTask
 .text          0x0000d654        0x0 ./uip/uip_arp.o
 .text.uip_arp_init
                0x0000d654       0x70 ./uip/uip_arp.o
                0x0000d654                uip_arp_init
 .text.uip_arp_timer
                0x0000d6c4       0xc0 ./uip/uip_arp.o
                0x0000d6c4                uip_arp_timer
 .text.uip_arp_update
                0x0000d784      0x264 ./uip/uip_arp.o
 .text.uip_arp_ipin
                0x0000d9e8       0xc8 ./uip/uip_arp.o
                0x0000d9e8                uip_arp_ipin
 .text.uip_arp_arpin
                0x0000dab0      0x30c ./uip/uip_arp.o
                0x0000dab0                uip_arp_arpin
 .text.uip_arp_out
                0x0000ddbc      0x400 ./uip/uip_arp.o
                0x0000ddbc                uip_arp_out
 .text          0x0000e1bc        0x0 ./uip/psock.o
 .text.buf_setup
                0x0000e1bc       0x24 ./uip/psock.o
 .text.buf_bufdata
                0x0000e1e0      0x11c ./uip/psock.o
 .text.buf_bufto
                0x0000e2fc       0xa8 ./uip/psock.o
 .text.send_data
                0x0000e3a4       0x70 ./uip/psock.o
 .text.data_acked
                0x0000e414       0x88 ./uip/psock.o
 .text.psock_send
                0x0000e49c       0x94 ./uip/psock.o
                0x0000e49c                psock_send
 .text.psock_generator_send
                0x0000e530       0xb8 ./uip/psock.o
                0x0000e530                psock_generator_send
 .text.psock_datalen
                0x0000e5e8       0x24 ./uip/psock.o
                0x0000e5e8                psock_datalen
 .text.psock_newdata
                0x0000e60c       0x58 ./uip/psock.o
                0x0000e60c                psock_newdata
 .text.psock_readto
                0x0000e664       0xc8 ./uip/psock.o
                0x0000e664                psock_readto
 .text.psock_readbuf
                0x0000e72c       0xd0 ./uip/psock.o
                0x0000e72c                psock_readbuf
 .text.psock_init
                0x0000e7fc       0x48 ./uip/psock.o
                0x0000e7fc                psock_init
 .text          0x0000e844        0x0 ./uip/uip_timer.o
 .text.timer_set
                0x0000e844       0x24 ./uip/uip_timer.o
                0x0000e844                timer_set
 .text.timer_reset
                0x0000e868       0x20 ./uip/uip_timer.o
                0x0000e868                timer_reset
 .text.timer_restart
                0x0000e888       0x1c ./uip/uip_timer.o
                0x0000e888                timer_restart
 .text.timer_expired
                0x0000e8a4       0x2c ./uip/uip_timer.o
                0x0000e8a4                timer_expired
 .text          0x0000e8d0        0x0 ./uip/uip.o
 .text.uip_setipid
                0x0000e8d0       0x20 ./uip/uip.o
                0x0000e8d0                uip_setipid
 .text.uip_add32
                0x0000e8f0      0x14c ./uip/uip.o
                0x0000e8f0                uip_add32
 .text.chksum   0x0000ea3c       0x98 ./uip/uip.o
 .text.uip_chksum
                0x0000ead4       0x30 ./uip/uip.o
                0x0000ead4                uip_chksum
 .text.uip_ipchksum
                0x0000eb04       0x48 ./uip/uip.o
                0x0000eb04                uip_ipchksum
 .text.upper_layer_chksum
                0x0000eb4c       0xa8 ./uip/uip.o
 .text.uip_tcpchksum
                0x0000ebf4       0x14 ./uip/uip.o
                0x0000ebf4                uip_tcpchksum
 .text.uip_init
                0x0000ec08      0x134 ./uip/uip.o
                0x0000ec08                uip_init
 .text.uip_connect
                0x0000ed3c      0x1ec ./uip/uip.o
                0x0000ed3c                uip_connect
 .text.uip_udp_new
                0x0000ef28      0x1c4 ./uip/uip.o
                0x0000ef28                uip_udp_new
 .text.uip_unlisten
                0x0000f0ec       0x88 ./uip/uip.o
                0x0000f0ec                uip_unlisten
 .text.uip_listen
                0x0000f174       0x84 ./uip/uip.o
                0x0000f174                uip_listen
 .text.uip_add_rcv_nxt
                0x0000f1f8       0x84 ./uip/uip.o
 .text.uip_process
                0x0000f27c     0x2698 ./uip/uip.o
                0x0000f27c                uip_process
 .text.htons    0x00011914       0x30 ./uip/uip.o
                0x00011914                htons
 .text.uip_send
                0x00011944       0x54 ./uip/uip.o
                0x00011944                uip_send
 .text.uip_parseIpAddr
                0x00011998      0x108 ./uip/uip.o
                0x00011998                uip_parseIpAddr
 .text          0x00011aa0        0x0 ./ethernet/tcpHandler.o
 .text.vOledDbg1
                0x00011aa0       0x58 ./ethernet/tcpHandler.o
 .text.vOledDbg
                0x00011af8       0x50 ./ethernet/tcpHandler.o
 .text.tcpHandler_init
                0x00011b48       0x10 ./ethernet/tcpHandler.o
                0x00011b48                tcpHandler_init
 .text.tcpHandler_appcall
                0x00011b58       0xbc ./ethernet/tcpHandler.o
                0x00011b58                tcpHandler_appcall
 .text.handle_connection
                0x00011c14      0x114 ./ethernet/tcpHandler.o
 .text          0x00011d28        0x0 ./ethernet/ethernetTask.o
 .text.vOledDbg1
                0x00011d28       0x58 ./ethernet/ethernetTask.o
 .text.vOledDbg
                0x00011d80       0x50 ./ethernet/ethernetTask.o
 .text.clock_init
                0x00011dd0        0xc ./ethernet/ethernetTask.o
                0x00011dd0                clock_init
 .text.clock_time
                0x00011ddc       0x10 ./ethernet/ethernetTask.o
                0x00011ddc                clock_time
 .text.prvSetMACAddress
                0x00011dec       0xc4 ./ethernet/ethernetTask.o
                0x00011dec                prvSetMACAddress
 .text.vEthernetTask
                0x00011eb0      0x2b4 ./ethernet/ethernetTask.o
                0x00011eb0                vEthernetTask